<?xml version="1.0"?>
<link_info>
   <banner>TMS320C55x Linker PC v4.4.1</banner>
   <copyright>Copyright (c) 1996-2012 Texas Instruments Incorporated</copyright>
   <link_time>0x5e947dfe</link_time>
   <output_file>biosproj3_fftLED.out</output_file>
   <entry_point>
      <name>_c_int00</name>
      <address>0xe349</address>
   </entry_point>
   <input_file_list>
      <input_file id="fl-2">
         <path>.\</path>
         <kind>object</kind>
         <file>FFT.obj</file>
         <name>FFT.obj</name>
      </input_file>
      <input_file id="fl-3">
         <path>.\</path>
         <kind>object</kind>
         <file>FFT_data.obj</file>
         <name>FFT_data.obj</name>
      </input_file>
      <input_file id="fl-4">
         <path>.\</path>
         <kind>object</kind>
         <file>aic3204.obj</file>
         <name>aic3204.obj</name>
      </input_file>
      <input_file id="fl-5">
         <path>.\</path>
         <kind>object</kind>
         <file>audioProcessing.obj</file>
         <name>audioProcessing.obj</name>
      </input_file>
      <input_file id="fl-6">
         <path>.\</path>
         <kind>object</kind>
         <file>ezdsp5502.obj</file>
         <name>ezdsp5502.obj</name>
      </input_file>
      <input_file id="fl-7">
         <path>.\</path>
         <kind>object</kind>
         <file>ezdsp5502_gpio.obj</file>
         <name>ezdsp5502_gpio.obj</name>
      </input_file>
      <input_file id="fl-8">
         <path>.\</path>
         <kind>object</kind>
         <file>ezdsp5502_i2c.obj</file>
         <name>ezdsp5502_i2c.obj</name>
      </input_file>
      <input_file id="fl-9">
         <path>.\</path>
         <kind>object</kind>
         <file>ezdsp5502_i2cgpio.obj</file>
         <name>ezdsp5502_i2cgpio.obj</name>
      </input_file>
      <input_file id="fl-a">
         <path>.\</path>
         <kind>object</kind>
         <file>ezdsp5502_mcbsp.obj</file>
         <name>ezdsp5502_mcbsp.obj</name>
      </input_file>
      <input_file id="fl-b">
         <path>.\</path>
         <kind>object</kind>
         <file>hellocfg.obj</file>
         <name>hellocfg.obj</name>
      </input_file>
      <input_file id="fl-c">
         <path>.\</path>
         <kind>object</kind>
         <file>hellocfg_c.obj</file>
         <name>hellocfg_c.obj</name>
      </input_file>
      <input_file id="fl-d">
         <path>.\</path>
         <kind>object</kind>
         <file>lcd.obj</file>
         <name>lcd.obj</name>
      </input_file>
      <input_file id="fl-e">
         <path>.\</path>
         <kind>object</kind>
         <file>main.obj</file>
         <name>main.obj</name>
      </input_file>
      <input_file id="fl-f">
         <path>.\</path>
         <kind>object</kind>
         <file>max.obj</file>
         <name>max.obj</name>
      </input_file>
      <input_file id="fl-10">
         <path>.\</path>
         <kind>object</kind>
         <file>myfir.obj</file>
         <name>myfir.obj</name>
      </input_file>
      <input_file id="fl-11">
         <path>.\</path>
         <kind>object</kind>
         <file>rtGetInf.obj</file>
         <name>rtGetInf.obj</name>
      </input_file>
      <input_file id="fl-12">
         <path>.\</path>
         <kind>object</kind>
         <file>rtGetNaN.obj</file>
         <name>rtGetNaN.obj</name>
      </input_file>
      <input_file id="fl-13">
         <path>.\</path>
         <kind>object</kind>
         <file>rt_nonfinite.obj</file>
         <name>rt_nonfinite.obj</name>
      </input_file>
      <input_file id="fl-33">
         <path>C:\ti\bios_5_42_01_09\packages\ti\bios\lib\</path>
         <kind>archive</kind>
         <file>bios.a55L</file>
         <name>biosdata.o55L</name>
      </input_file>
      <input_file id="fl-34">
         <path>C:\ti\bios_5_42_01_09\packages\ti\bios\lib\</path>
         <kind>archive</kind>
         <file>bios.a55L</file>
         <name>knl_swit.o55L</name>
      </input_file>
      <input_file id="fl-35">
         <path>C:\ti\bios_5_42_01_09\packages\ti\bios\lib\</path>
         <kind>archive</kind>
         <file>bios.a55L</file>
         <name>swi.o55L</name>
      </input_file>
      <input_file id="fl-36">
         <path>C:\ti\bios_5_42_01_09\packages\ti\bios\lib\</path>
         <kind>archive</kind>
         <file>bios5502.a55L</file>
         <name>clk5502_htime.o55L</name>
      </input_file>
      <input_file id="fl-37">
         <path>C:\ti\bios_5_42_01_09\packages\ti\bios\lib\</path>
         <kind>archive</kind>
         <file>bios.a55L</file>
         <name>clk_run.o55L</name>
      </input_file>
      <input_file id="fl-38">
         <path>C:\ti\bios_5_42_01_09\packages\ti\bios\lib\</path>
         <kind>archive</kind>
         <file>bios.a55L</file>
         <name>fxn_c.o55L</name>
      </input_file>
      <input_file id="fl-39">
         <path>C:\ti\bios_5_42_01_09\packages\ti\bios\lib\</path>
         <kind>archive</kind>
         <file>bios.a55L</file>
         <name>idl_stub.o55L</name>
      </input_file>
      <input_file id="fl-3a">
         <path>C:\ti\bios_5_42_01_09\packages\ti\bios\lib\</path>
         <kind>archive</kind>
         <file>bios.a55L</file>
         <name>utl_doab.o55L</name>
      </input_file>
      <input_file id="fl-3b">
         <path>C:\ti\bios_5_42_01_09\packages\ti\bios\lib\</path>
         <kind>archive</kind>
         <file>bios.a55L</file>
         <name>utl_doer.o55L</name>
      </input_file>
      <input_file id="fl-3c">
         <path>C:\ti\bios_5_42_01_09\packages\ti\bios\lib\</path>
         <kind>archive</kind>
         <file>bios.a55L</file>
         <name>utl_putc.o55L</name>
      </input_file>
      <input_file id="fl-3d">
         <path>C:\ti\bios_5_42_01_09\packages\ti\bios\lib\</path>
         <kind>archive</kind>
         <file>bios.a55L</file>
         <name>utl_halt.o55L</name>
      </input_file>
      <input_file id="fl-3e">
         <path>C:\ti\bios_5_42_01_09\packages\ti\bios\lib\</path>
         <kind>archive</kind>
         <file>bios5502.a55L</file>
         <name>clk_isr.o55L</name>
      </input_file>
      <input_file id="fl-3f">
         <path>C:\ti\bios_5_42_01_09\packages\ti\bios\lib\</path>
         <kind>archive</kind>
         <file>bios.a55L</file>
         <name>clk_itime.o55L</name>
      </input_file>
      <input_file id="fl-40">
         <path>C:\ti\bios_5_42_01_09\packages\ti\bios\lib\</path>
         <kind>archive</kind>
         <file>bios.a55L</file>
         <name>fxn.o55L</name>
      </input_file>
      <input_file id="fl-41">
         <path>C:\ti\bios_5_42_01_09\packages\ti\bios\lib\</path>
         <kind>archive</kind>
         <file>bios.a55L</file>
         <name>boot.o55L</name>
      </input_file>
      <input_file id="fl-42">
         <path>C:\ti\bios_5_42_01_09\packages\ti\bios\lib\</path>
         <kind>archive</kind>
         <file>bios.a55L</file>
         <name>trc.o55L</name>
      </input_file>
      <input_file id="fl-43">
         <path>C:\ti\bios_5_42_01_09\packages\ti\bios\lib\</path>
         <kind>archive</kind>
         <file>bios.a55L</file>
         <name>hwi_disp_asm.o55L</name>
      </input_file>
      <input_file id="fl-44">
         <path>C:\ti\bios_5_42_01_09\packages\ti\bios\lib\</path>
         <kind>archive</kind>
         <file>bios.a55L</file>
         <name>idl_busy.o55L</name>
      </input_file>
      <input_file id="fl-45">
         <path>C:\ti\bios_5_42_01_09\packages\ti\bios\lib\</path>
         <kind>archive</kind>
         <file>bios.a55L</file>
         <name>idl.o55L</name>
      </input_file>
      <input_file id="fl-46">
         <path>C:\ti\bios_5_42_01_09\packages\ti\bios\lib\</path>
         <kind>archive</kind>
         <file>lnkrtdx.a55L</file>
         <name>rtdx.o55L</name>
      </input_file>
      <input_file id="fl-47">
         <path>C:\ti\bios_5_42_01_09\packages\ti\bios\lib\</path>
         <kind>archive</kind>
         <file>bios.a55L</file>
         <name>log.o55L</name>
      </input_file>
      <input_file id="fl-48">
         <path>C:\ti\bios_5_42_01_09\packages\ti\bios\lib\</path>
         <kind>archive</kind>
         <file>bios.a55L</file>
         <name>pip.o55L</name>
      </input_file>
      <input_file id="fl-49">
         <path>C:\ti\bios_5_42_01_09\packages\ti\bios\lib\</path>
         <kind>archive</kind>
         <file>bios.a55L</file>
         <name>prd.o55L</name>
      </input_file>
      <input_file id="fl-4a">
         <path>C:\ti\bios_5_42_01_09\packages\ti\bios\lib\</path>
         <kind>archive</kind>
         <file>bios.a55L</file>
         <name>rta.o55L</name>
      </input_file>
      <input_file id="fl-4b">
         <path>C:\ti\bios_5_42_01_09\packages\ti\bios\lib\</path>
         <kind>archive</kind>
         <file>bios.a55L</file>
         <name>sts.o55L</name>
      </input_file>
      <input_file id="fl-4c">
         <path>C:\ti\bios_5_42_01_09\packages\ti\bios\lib\</path>
         <kind>archive</kind>
         <file>bios.a55L</file>
         <name>c55_enable.o55L</name>
      </input_file>
      <input_file id="fl-4d">
         <path>C:\ti\bios_5_42_01_09\packages\ti\bios\lib\</path>
         <kind>archive</kind>
         <file>bios.a55L</file>
         <name>c55_c.o55L</name>
      </input_file>
      <input_file id="fl-4e">
         <path>C:\ti\bios_5_42_01_09\packages\ti\bios\lib\</path>
         <kind>archive</kind>
         <file>bios.a55L</file>
         <name>clk_data.o55L</name>
      </input_file>
      <input_file id="fl-4f">
         <path>C:\ti\bios_5_42_01_09\packages\ti\bios\lib\</path>
         <kind>archive</kind>
         <file>bios.a55L</file>
         <name>clk_data2.o55L</name>
      </input_file>
      <input_file id="fl-50">
         <path>C:\ti\bios_5_42_01_09\packages\ti\bios\lib\</path>
         <kind>archive</kind>
         <file>bios5502.a55L</file>
         <name>clk5502_start.o55L</name>
      </input_file>
      <input_file id="fl-51">
         <path>C:\ti\bios_5_42_01_09\packages\ti\bios\lib\</path>
         <kind>archive</kind>
         <file>bios5502.a55L</file>
         <name>clk5502_startHtime.o55L</name>
      </input_file>
      <input_file id="fl-52">
         <path>C:\ti\bios_5_42_01_09\packages\ti\bios\lib\</path>
         <kind>archive</kind>
         <file>bios5502.a55L</file>
         <name>clk5502_wdog.o55L</name>
      </input_file>
      <input_file id="fl-53">
         <path>C:\Users\alexa_000\Desktop\ECEN 498-DSP\ezdsp5502_v1\C55xxCSL\lib\</path>
         <kind>archive</kind>
         <file>csl5502x.lib</file>
         <name>csl.obj</name>
      </input_file>
      <input_file id="fl-54">
         <path>C:\Users\alexa_000\Desktop\ECEN 498-DSP\ezdsp5502_v1\C55xxCSL\lib\</path>
         <kind>archive</kind>
         <file>csl5502x.lib</file>
         <name>csl_gpiodat.obj</name>
      </input_file>
      <input_file id="fl-55">
         <path>C:\Users\alexa_000\Desktop\ECEN 498-DSP\ezdsp5502_v1\C55xxCSL\lib\</path>
         <kind>archive</kind>
         <file>csl5502x.lib</file>
         <name>csl_csldat.obj</name>
      </input_file>
      <input_file id="fl-56">
         <path>C:\ti\bios_5_42_01_09\packages\ti\bios\lib\</path>
         <kind>archive</kind>
         <file>bios.a55L</file>
         <name>gbl_vers.o55L</name>
      </input_file>
      <input_file id="fl-57">
         <path>C:\ti\bios_5_42_01_09\packages\ti\bios\lib\</path>
         <kind>archive</kind>
         <file>bios.a55L</file>
         <name>hwi_xable.o55L</name>
      </input_file>
      <input_file id="fl-58">
         <path>C:\Users\alexa_000\Desktop\ECEN 498-DSP\ezdsp5502_v1\C55xxCSL\lib\</path>
         <kind>archive</kind>
         <file>csl5502x.lib</file>
         <name>i2c_read.obj</name>
      </input_file>
      <input_file id="fl-59">
         <path>C:\Users\alexa_000\Desktop\ECEN 498-DSP\ezdsp5502_v1\C55xxCSL\lib\</path>
         <kind>archive</kind>
         <file>csl5502x.lib</file>
         <name>i2c_write.obj</name>
      </input_file>
      <input_file id="fl-5a">
         <path>C:\ti\bios_5_42_01_09\packages\ti\bios\lib\</path>
         <kind>archive</kind>
         <file>bios.a55L</file>
         <name>idl_cal.o55L</name>
      </input_file>
      <input_file id="fl-5b">
         <path>C:\ti\bios_5_42_01_09\packages\ti\bios\lib\</path>
         <kind>archive</kind>
         <file>bios5502.a55L</file>
         <name>clk5502_meas.o55L</name>
      </input_file>
      <input_file id="fl-5c">
         <path>C:\Users\alexa_000\Desktop\ECEN 498-DSP\ezdsp5502_v1\C55xxCSL\lib\</path>
         <kind>archive</kind>
         <file>csl5502x.lib</file>
         <name>irq_gdisab.obj</name>
      </input_file>
      <input_file id="fl-5d">
         <path>C:\Users\alexa_000\Desktop\ECEN 498-DSP\ezdsp5502_v1\C55xxCSL\lib\</path>
         <kind>archive</kind>
         <file>csl5502x.lib</file>
         <name>irq_grest.obj</name>
      </input_file>
      <input_file id="fl-5e">
         <path>C:\ti\bios_5_42_01_09\packages\ti\bios\lib\</path>
         <kind>archive</kind>
         <file>bios.a55L</file>
         <name>knl_exit.o55L</name>
      </input_file>
      <input_file id="fl-5f">
         <path>C:\ti\bios_5_42_01_09\packages\ti\bios\lib\</path>
         <kind>archive</kind>
         <file>bios.a55L</file>
         <name>knl_chec.o55L</name>
      </input_file>
      <input_file id="fl-60">
         <path>C:\ti\bios_5_42_01_09\packages\ti\bios\lib\</path>
         <kind>archive</kind>
         <file>bios.a55L</file>
         <name>knl.o55L</name>
      </input_file>
      <input_file id="fl-61">
         <path>C:\ti\bios_5_42_01_09\packages\ti\bios\lib\</path>
         <kind>archive</kind>
         <file>bios.a55L</file>
         <name>knl_run.o55L</name>
      </input_file>
      <input_file id="fl-62">
         <path>C:\ti\bios_5_42_01_09\packages\ti\bios\lib\</path>
         <kind>archive</kind>
         <file>bios.a55L</file>
         <name>knl_tick.o55L</name>
      </input_file>
      <input_file id="fl-63">
         <path>C:\ti\bios_5_42_01_09\packages\ti\bios\lib\</path>
         <kind>archive</kind>
         <file>bios.a55L</file>
         <name>knl_post.o55L</name>
      </input_file>
      <input_file id="fl-64">
         <path>C:\ti\bios_5_42_01_09\packages\ti\bios\lib\</path>
         <kind>archive</kind>
         <file>bios.a55L</file>
         <name>knl_ipos.o55L</name>
      </input_file>
      <input_file id="fl-65">
         <path>C:\ti\bios_5_42_01_09\packages\ti\bios\lib\</path>
         <kind>archive</kind>
         <file>bios.a55L</file>
         <name>mbx.o55L</name>
      </input_file>
      <input_file id="fl-66">
         <path>C:\Users\alexa_000\Desktop\ECEN 498-DSP\ezdsp5502_v1\C55xxCSL\lib\</path>
         <kind>archive</kind>
         <file>csl5502x.lib</file>
         <name>mcbsp_cls.obj</name>
      </input_file>
      <input_file id="fl-67">
         <path>C:\Users\alexa_000\Desktop\ECEN 498-DSP\ezdsp5502_v1\C55xxCSL\lib\</path>
         <kind>archive</kind>
         <file>csl5502x.lib</file>
         <name>mcbsp_cfg.obj</name>
      </input_file>
      <input_file id="fl-68">
         <path>C:\Users\alexa_000\Desktop\ECEN 498-DSP\ezdsp5502_v1\C55xxCSL\lib\</path>
         <kind>archive</kind>
         <file>csl5502x.lib</file>
         <name>mcbsp_open.obj</name>
      </input_file>
      <input_file id="fl-69">
         <path>C:\Users\alexa_000\Desktop\ECEN 498-DSP\ezdsp5502_v1\C55xxCSL\lib\</path>
         <kind>archive</kind>
         <file>csl5502x.lib</file>
         <name>csl_mcbspdat.obj</name>
      </input_file>
      <input_file id="fl-6a">
         <path>C:\Users\alexa_000\Desktop\ECEN 498-DSP\ezdsp5502_v1\C55xxCSL\lib\</path>
         <kind>archive</kind>
         <file>csl5502x.lib</file>
         <name>mcbsp_rst.obj</name>
      </input_file>
      <input_file id="fl-6b">
         <path>C:\Users\alexa_000\Desktop\ECEN 498-DSP\ezdsp5502_v1\C55xxCSL\lib\</path>
         <kind>archive</kind>
         <file>csl5502x.lib</file>
         <name>mcbsp_start.obj</name>
      </input_file>
      <input_file id="fl-6c">
         <path>C:\ti\bios_5_42_01_09\packages\ti\bios\lib\</path>
         <kind>archive</kind>
         <file>bios.a55L</file>
         <name>mem_asm.o55L</name>
      </input_file>
      <input_file id="fl-6d">
         <path>C:\ti\bios_5_42_01_09\packages\ti\bios\lib\</path>
         <kind>archive</kind>
         <file>bios.a55L</file>
         <name>mem_init.o55L</name>
      </input_file>
      <input_file id="fl-6e">
         <path>C:\ti\bios_5_42_01_09\packages\ti\bios\lib\</path>
         <kind>archive</kind>
         <file>bios.a55L</file>
         <name>obj_init.o55L</name>
      </input_file>
      <input_file id="fl-6f">
         <path>C:\ti\bios_5_42_01_09\packages\ti\bios\lib\</path>
         <kind>archive</kind>
         <file>bios.a55L</file>
         <name>rtdx_data.o55L</name>
      </input_file>
      <input_file id="fl-70">
         <path>C:\ti\bios_5_42_01_09\packages\ti\rtdx\lib\c5500\</path>
         <kind>archive</kind>
         <file>rtdxx.lib</file>
         <name>buffer2.o55L</name>
      </input_file>
      <input_file id="fl-71">
         <path>C:\ti\bios_5_42_01_09\packages\ti\rtdx\lib\c5500\</path>
         <kind>archive</kind>
         <file>rtdxx.lib</file>
         <name>buffer1.o55L</name>
      </input_file>
      <input_file id="fl-72">
         <path>C:\ti\bios_5_42_01_09\packages\ti\rtdx\lib\c5500\</path>
         <kind>archive</kind>
         <file>rtdxx.lib</file>
         <name>rtdx_mon.o55L</name>
      </input_file>
      <input_file id="fl-73">
         <path>C:\ti\bios_5_42_01_09\packages\ti\rtdx\lib\c5500\</path>
         <kind>archive</kind>
         <file>rtdxx.lib</file>
         <name>intr_tgt.o55L</name>
      </input_file>
      <input_file id="fl-74">
         <path>C:\ti\bios_5_42_01_09\packages\ti\bios\lib\</path>
         <kind>archive</kind>
         <file>bios.a55L</file>
         <name>sem_pend_counting.o55L</name>
      </input_file>
      <input_file id="fl-75">
         <path>C:\ti\bios_5_42_01_09\packages\ti\bios\lib\</path>
         <kind>archive</kind>
         <file>bios.a55L</file>
         <name>sem_pend.o55L</name>
      </input_file>
      <input_file id="fl-76">
         <path>C:\ti\bios_5_42_01_09\packages\ti\bios\lib\</path>
         <kind>archive</kind>
         <file>bios.a55L</file>
         <name>sem_post_asm.o55L</name>
      </input_file>
      <input_file id="fl-77">
         <path>C:\ti\bios_5_42_01_09\packages\ti\bios\lib\</path>
         <kind>archive</kind>
         <file>bios.a55L</file>
         <name>sem_post.o55L</name>
      </input_file>
      <input_file id="fl-78">
         <path>C:\ti\bios_5_42_01_09\packages\ti\bios\lib\</path>
         <kind>archive</kind>
         <file>bios.a55L</file>
         <name>sts_set.o55L</name>
      </input_file>
      <input_file id="fl-79">
         <path>C:\ti\bios_5_42_01_09\packages\ti\bios\lib\</path>
         <kind>archive</kind>
         <file>bios.a55L</file>
         <name>tsk.o55L</name>
      </input_file>
      <input_file id="fl-7a">
         <path>C:\ti\bios_5_42_01_09\packages\ti\bios\lib\</path>
         <kind>archive</kind>
         <file>bios.a55L</file>
         <name>tsk_exit.o55L</name>
      </input_file>
      <input_file id="fl-7b">
         <path>C:\ti\bios_5_42_01_09\packages\ti\bios\lib\</path>
         <kind>archive</kind>
         <file>bios.a55L</file>
         <name>sys_exit.o55L</name>
      </input_file>
      <input_file id="fl-7c">
         <path>C:\ti\bios_5_42_01_09\packages\ti\bios\lib\</path>
         <kind>archive</kind>
         <file>bios.a55L</file>
         <name>sys.o55L</name>
      </input_file>
      <input_file id="fl-7d">
         <path>C:\ti\bios_5_42_01_09\packages\ti\bios\lib\</path>
         <kind>archive</kind>
         <file>bios.a55L</file>
         <name>tsk_init.o55L</name>
      </input_file>
      <input_file id="fl-7e">
         <path>C:\ti\bios_5_42_01_09\packages\ti\bios\lib\</path>
         <kind>archive</kind>
         <file>bios.a55L</file>
         <name>tsk_setu.o55L</name>
      </input_file>
      <input_file id="fl-7f">
         <path>C:\ti\bios_5_42_01_09\packages\ti\bios\lib\</path>
         <kind>archive</kind>
         <file>bios.a55L</file>
         <name>tsk_stup.o55L</name>
      </input_file>
      <input_file id="fl-80">
         <path>C:\ti\bios_5_42_01_09\packages\ti\bios\lib\</path>
         <kind>archive</kind>
         <file>bios.a55L</file>
         <name>lck.o55L</name>
      </input_file>
      <input_file id="fl-81">
         <path>C:\ti\bios_5_42_01_09\packages\ti\bios\lib\</path>
         <kind>archive</kind>
         <file>bios.a55L</file>
         <name>sys_abor.o55L</name>
      </input_file>
      <input_file id="fl-82">
         <path>C:\Users\alexa_000\Desktop\ECEN 498-DSP\ezdsp5502_v1\C55xxCSL\lib\</path>
         <kind>archive</kind>
         <file>csl5502x.lib</file>
         <name>_csl_init.obj</name>
      </input_file>
      <input_file id="fl-83">
         <path>C:\ti\bios_5_42_01_09\packages\ti\bios\lib\</path>
         <kind>archive</kind>
         <file>bios.a55L</file>
         <name>sem_dopo.o55L</name>
      </input_file>
      <input_file id="fl-84">
         <path>C:\ti\ccsv6\tools\compiler\c5500_4.4.1\lib\</path>
         <kind>archive</kind>
         <file>rts55x.lib</file>
         <name>addd.obj</name>
      </input_file>
      <input_file id="fl-85">
         <path>C:\ti\ccsv6\tools\compiler\c5500_4.4.1\lib\</path>
         <kind>archive</kind>
         <file>rts55x.lib</file>
         <name>cmpd.obj</name>
      </input_file>
      <input_file id="fl-86">
         <path>C:\ti\ccsv6\tools\compiler\c5500_4.4.1\lib\</path>
         <kind>archive</kind>
         <file>rts55x.lib</file>
         <name>divd.obj</name>
      </input_file>
      <input_file id="fl-87">
         <path>C:\ti\ccsv6\tools\compiler\c5500_4.4.1\lib\</path>
         <kind>archive</kind>
         <file>rts55x.lib</file>
         <name>fixdi.obj</name>
      </input_file>
      <input_file id="fl-88">
         <path>C:\ti\ccsv6\tools\compiler\c5500_4.4.1\lib\</path>
         <kind>archive</kind>
         <file>rts55x.lib</file>
         <name>fixdli.obj</name>
      </input_file>
      <input_file id="fl-89">
         <path>C:\ti\ccsv6\tools\compiler\c5500_4.4.1\lib\</path>
         <kind>archive</kind>
         <file>rts55x.lib</file>
         <name>fltid.obj</name>
      </input_file>
      <input_file id="fl-8a">
         <path>C:\ti\ccsv6\tools\compiler\c5500_4.4.1\lib\</path>
         <kind>archive</kind>
         <file>rts55x.lib</file>
         <name>fltlid.obj</name>
      </input_file>
      <input_file id="fl-8b">
         <path>C:\ti\ccsv6\tools\compiler\c5500_4.4.1\lib\</path>
         <kind>archive</kind>
         <file>rts55x.lib</file>
         <name>frcmpyd_div.obj</name>
      </input_file>
      <input_file id="fl-8c">
         <path>C:\ti\ccsv6\tools\compiler\c5500_4.4.1\lib\</path>
         <kind>archive</kind>
         <file>rts55x.lib</file>
         <name>mpyd.obj</name>
      </input_file>
      <input_file id="fl-8d">
         <path>C:\ti\ccsv6\tools\compiler\c5500_4.4.1\lib\</path>
         <kind>archive</kind>
         <file>rts55x.lib</file>
         <name>frcmpyd.obj</name>
      </input_file>
      <input_file id="fl-8e">
         <path>C:\ti\ccsv6\tools\compiler\c5500_4.4.1\lib\</path>
         <kind>archive</kind>
         <file>rts55x.lib</file>
         <name>lmpy.obj</name>
      </input_file>
      <input_file id="fl-8f">
         <path>C:\ti\ccsv6\tools\compiler\c5500_4.4.1\lib\</path>
         <kind>archive</kind>
         <file>rts55x.lib</file>
         <name>negd.obj</name>
      </input_file>
      <input_file id="fl-90">
         <path>C:\ti\ccsv6\tools\compiler\c5500_4.4.1\lib\</path>
         <kind>archive</kind>
         <file>rts55x.lib</file>
         <name>_lock.obj</name>
      </input_file>
      <input_file id="fl-91">
         <path>C:\ti\ccsv6\tools\compiler\c5500_4.4.1\lib\</path>
         <kind>archive</kind>
         <file>rts55x.lib</file>
         <name>subd.obj</name>
      </input_file>
      <input_file id="fl-92">
         <path>C:\ti\ccsv6\tools\compiler\c5500_4.4.1\lib\</path>
         <kind>archive</kind>
         <file>rts55x.lib</file>
         <name>atexit.obj</name>
      </input_file>
      <input_file id="fl-93">
         <path>C:\ti\ccsv6\tools\compiler\c5500_4.4.1\lib\</path>
         <kind>archive</kind>
         <file>rts55x.lib</file>
         <name>sinit.obj</name>
      </input_file>
      <input_file id="fl-94">
         <path>C:\ti\ccsv6\tools\compiler\c5500_4.4.1\lib\</path>
         <kind>archive</kind>
         <file>rts55x.lib</file>
         <name>exit.obj</name>
      </input_file>
      <input_file id="fl-95">
         <path>C:\ti\bios_5_42_01_09\packages\ti\bios\lib\</path>
         <kind>archive</kind>
         <file>bios.a55L</file>
         <name>autoinit.o55L</name>
      </input_file>
      <input_file id="fl-96">
         <path>C:\ti\ccsv6\tools\compiler\c5500_4.4.1\lib\</path>
         <kind>archive</kind>
         <file>rts55x.lib</file>
         <name>memcpy.obj</name>
      </input_file>
      <input_file id="fl-97">
         <path>C:\ti\ccsv6\tools\compiler\c5500_4.4.1\lib\</path>
         <kind>archive</kind>
         <file>rts55x.lib</file>
         <name>modf.obj</name>
      </input_file>
      <input_file id="fl-98">
         <path>C:\ti\ccsv6\tools\compiler\c5500_4.4.1\lib\</path>
         <kind>archive</kind>
         <file>rts55x.lib</file>
         <name>sqrt.obj</name>
      </input_file>
      <input_file id="fl-99">
         <path>C:\ti\ccsv6\tools\compiler\c5500_4.4.1\lib\</path>
         <kind>archive</kind>
         <file>rts55x.lib</file>
         <name>errno.obj</name>
      </input_file>
      <input_file id="fl-9a">
         <path>C:\ti\ccsv6\tools\compiler\c5500_4.4.1\lib\</path>
         <kind>archive</kind>
         <file>rts55x.lib</file>
         <name>frexp.obj</name>
      </input_file>
      <input_file id="fl-9b">
         <path>C:\ti\ccsv6\tools\compiler\c5500_4.4.1\lib\</path>
         <kind>archive</kind>
         <file>rts55x.lib</file>
         <name>ldexp.obj</name>
      </input_file>
      <input_file id="fl-9c">
         <path>C:\ti\bios_5_42_01_09\packages\ti\bios\lib\</path>
         <kind>archive</kind>
         <file>bios.a55L</file>
         <name>rta_andn.o55L</name>
      </input_file>
   </input_file_list>
   <object_component_list>
      <object_component id="oc-ad">
         <name>.vers</name>
         <load_address>0x0</load_address>
         <run_address>0x0</run_address>
         <size>0x78</size>
         <input_file_ref idref="fl-b"/>
      </object_component>
      <object_component id="oc-97">
         <name>.clk</name>
         <uninitialized>true</uninitialized>
         <run_address>0xf244</run_address>
         <size>0x8</size>
         <input_file_ref idref="fl-b"/>
      </object_component>
      <object_component id="oc-9d">
         <name>.swi</name>
         <uninitialized>true</uninitialized>
         <run_address>0xd7ac</run_address>
         <size>0x50</size>
         <input_file_ref idref="fl-b"/>
      </object_component>
      <object_component id="oc-a0">
         <name>.tsk</name>
         <uninitialized>true</uninitialized>
         <run_address>0xe814</run_address>
         <size>0x1b8</size>
         <input_file_ref idref="fl-b"/>
      </object_component>
      <object_component id="oc-a6">
         <name>.idl</name>
         <uninitialized>true</uninitialized>
         <run_address>0xf1f0</run_address>
         <size>0x14</size>
         <input_file_ref idref="fl-b"/>
      </object_component>
      <object_component id="oc-a5">
         <name>.idlcal</name>
         <uninitialized>true</uninitialized>
         <run_address>0xf204</run_address>
         <size>0x14</size>
         <input_file_ref idref="fl-b"/>
      </object_component>
      <object_component id="oc-57">
         <name>.bss</name>
         <uninitialized>true</uninitialized>
         <run_address>0x8e64</run_address>
         <size>0x28</size>
         <input_file_ref idref="fl-b"/>
      </object_component>
      <object_component id="oc-62">
         <name>.bss</name>
         <uninitialized>true</uninitialized>
         <run_address>0x86a8</run_address>
         <size>0x404</size>
         <input_file_ref idref="fl-2"/>
      </object_component>
      <object_component id="oc-70">
         <name>.bss</name>
         <uninitialized>true</uninitialized>
         <run_address>0x7f68</run_address>
         <size>0x73e</size>
         <input_file_ref idref="fl-5"/>
      </object_component>
      <object_component id="oc-7c">
         <name>.bss</name>
         <uninitialized>true</uninitialized>
         <run_address>0x8eb4</run_address>
         <size>0x10</size>
         <input_file_ref idref="fl-7"/>
      </object_component>
      <object_component id="oc-8c">
         <name>.bss</name>
         <uninitialized>true</uninitialized>
         <run_address>0x8f08</run_address>
         <size>0x4</size>
         <input_file_ref idref="fl-a"/>
      </object_component>
      <object_component id="oc-b9">
         <name>.bss</name>
         <uninitialized>true</uninitialized>
         <run_address>0x8edc</run_address>
         <size>0xa</size>
         <input_file_ref idref="fl-e"/>
      </object_component>
      <object_component id="oc-d4">
         <name>.bss</name>
         <uninitialized>true</uninitialized>
         <run_address>0x8e8c</run_address>
         <size>0x18</size>
         <input_file_ref idref="fl-13"/>
      </object_component>
      <object_component id="oc-f9">
         <name>.bss</name>
         <uninitialized>true</uninitialized>
         <run_address>0x8ec4</run_address>
         <size>0xc</size>
         <input_file_ref idref="fl-3c"/>
      </object_component>
      <object_component id="oc-149">
         <name>.bss</name>
         <uninitialized>true</uninitialized>
         <run_address>0x8ee8</run_address>
         <size>0x8</size>
         <input_file_ref idref="fl-4e"/>
      </object_component>
      <object_component id="oc-14d">
         <name>.bss</name>
         <uninitialized>true</uninitialized>
         <run_address>0x8f00</run_address>
         <size>0x4</size>
         <input_file_ref idref="fl-4f"/>
      </object_component>
      <object_component id="oc-17f">
         <name>.bss</name>
         <uninitialized>true</uninitialized>
         <run_address>0x8c30</run_address>
         <size>0x114</size>
         <input_file_ref idref="fl-60"/>
      </object_component>
      <object_component id="oc-188">
         <name>.bss</name>
         <uninitialized>true</uninitialized>
         <run_address>0x8ea4</run_address>
         <size>0x10</size>
         <input_file_ref idref="fl-62"/>
      </object_component>
      <object_component id="oc-1a1">
         <name>.bss</name>
         <uninitialized>true</uninitialized>
         <run_address>0x8f04</run_address>
         <size>0x4</size>
         <input_file_ref idref="fl-6c"/>
      </object_component>
      <object_component id="oc-1a9">
         <name>.bss</name>
         <uninitialized>true</uninitialized>
         <run_address>0x8df4</run_address>
         <size>0x46</size>
         <input_file_ref idref="fl-6e"/>
      </object_component>
      <object_component id="oc-1b3">
         <name>.bss</name>
         <uninitialized>true</uninitialized>
         <run_address>0x8ed0</run_address>
         <size>0xc</size>
         <input_file_ref idref="fl-71"/>
      </object_component>
      <object_component id="oc-1cf">
         <name>.bss</name>
         <uninitialized>true</uninitialized>
         <run_address>0x8d44</run_address>
         <size>0x60</size>
         <input_file_ref idref="fl-79"/>
      </object_component>
      <object_component id="oc-1dd">
         <name>.bss</name>
         <uninitialized>true</uninitialized>
         <run_address>0x8e3c</run_address>
         <size>0x28</size>
         <input_file_ref idref="fl-7c"/>
      </object_component>
      <object_component id="oc-1eb">
         <name>.bss</name>
         <uninitialized>true</uninitialized>
         <run_address>0x8da4</run_address>
         <size>0x50</size>
         <input_file_ref idref="fl-7f"/>
      </object_component>
      <object_component id="oc-231">
         <name>.bss</name>
         <uninitialized>true</uninitialized>
         <run_address>0x8ef0</run_address>
         <size>0x8</size>
         <input_file_ref idref="fl-90"/>
      </object_component>
      <object_component id="oc-23b">
         <name>.bss</name>
         <uninitialized>true</uninitialized>
         <run_address>0x8aac</run_address>
         <size>0x184</size>
         <input_file_ref idref="fl-92"/>
      </object_component>
      <object_component id="oc-241">
         <name>.bss</name>
         <uninitialized>true</uninitialized>
         <run_address>0x8f0c</run_address>
         <size>0x4</size>
         <input_file_ref idref="fl-93"/>
      </object_component>
      <object_component id="oc-247">
         <name>.bss</name>
         <uninitialized>true</uninitialized>
         <run_address>0x8ef8</run_address>
         <size>0x8</size>
         <input_file_ref idref="fl-94"/>
      </object_component>
      <object_component id="oc-25f">
         <name>.bss</name>
         <uninitialized>true</uninitialized>
         <run_address>0x86a6</run_address>
         <size>0x2</size>
         <input_file_ref idref="fl-99"/>
      </object_component>
      <object_component id="oc-116">
         <name>.hwi_disp_sec</name>
         <uninitialized>true</uninitialized>
         <run_address>0xeb5c</run_address>
         <size>0x180</size>
         <input_file_ref idref="fl-43"/>
      </object_component>
      <object_component id="oc-d9">
         <name>.sysdata</name>
         <uninitialized>true</uninitialized>
         <run_address>0xb654</run_address>
         <size>0x160</size>
         <input_file_ref idref="fl-33"/>
      </object_component>
      <object_component id="oc-11b">
         <name>.sysdata</name>
         <uninitialized>true</uninitialized>
         <run_address>0xb7ec</run_address>
         <size>0x4</size>
         <input_file_ref idref="fl-44"/>
      </object_component>
      <object_component id="oc-125">
         <name>.sysdata</name>
         <uninitialized>true</uninitialized>
         <run_address>0xb7e0</run_address>
         <size>0xc</size>
         <input_file_ref idref="fl-46"/>
      </object_component>
      <object_component id="oc-137">
         <name>.sysdata</name>
         <uninitialized>true</uninitialized>
         <run_address>0xb7b4</run_address>
         <size>0x2c</size>
         <input_file_ref idref="fl-4a"/>
      </object_component>
      <object_component id="oc-92">
         <name>.mem</name>
         <uninitialized>true</uninitialized>
         <run_address>0xb652</run_address>
         <size>0x2</size>
         <input_file_ref idref="fl-b"/>
      </object_component>
      <object_component id="oc-59">
         <name>.bios</name>
         <load_address>0x3b98</load_address>
         <run_address>0x3b98</run_address>
         <size>0x3d4</size>
         <input_file_ref idref="fl-35"/>
      </object_component>
      <object_component id="oc-127">
         <name>.bios</name>
         <load_address>0x3f6c</load_address>
         <run_address>0x3f6c</run_address>
         <size>0x3a3</size>
         <input_file_ref idref="fl-46"/>
      </object_component>
      <object_component id="oc-117">
         <name>.bios</name>
         <load_address>0x430f</load_address>
         <run_address>0x430f</run_address>
         <size>0x35f</size>
         <input_file_ref idref="fl-43"/>
      </object_component>
      <object_component id="oc-159">
         <name>.bios</name>
         <load_address>0x466e</load_address>
         <run_address>0x466e</run_address>
         <size>0x2</size>
         <input_file_ref idref="fl-52"/>
      </object_component>
      <object_component id="oc-1bf">
         <name>.bios</name>
         <load_address>0x4670</load_address>
         <run_address>0x4670</run_address>
         <size>0x18b</size>
         <input_file_ref idref="fl-75"/>
      </object_component>
      <object_component id="oc-133">
         <name>.bios</name>
         <load_address>0x47fb</load_address>
         <run_address>0x47fb</run_address>
         <size>0x186</size>
         <input_file_ref idref="fl-49"/>
      </object_component>
      <object_component id="oc-184">
         <name>.bios</name>
         <load_address>0x4984</load_address>
         <run_address>0x4984</run_address>
         <size>0x185</size>
         <input_file_ref idref="fl-61"/>
      </object_component>
      <object_component id="oc-18a">
         <name>.bios</name>
         <load_address>0x4b0c</load_address>
         <run_address>0x4b0c</run_address>
         <size>0x144</size>
         <input_file_ref idref="fl-62"/>
      </object_component>
      <object_component id="oc-139">
         <name>.bios</name>
         <load_address>0x4c50</load_address>
         <run_address>0x4c50</run_address>
         <size>0x130</size>
         <input_file_ref idref="fl-4a"/>
      </object_component>
      <object_component id="oc-12f">
         <name>.bios</name>
         <load_address>0x4d80</load_address>
         <run_address>0x4d80</run_address>
         <size>0x119</size>
         <input_file_ref idref="fl-48"/>
      </object_component>
      <object_component id="oc-55">
         <name>.bios</name>
         <load_address>0x4e99</load_address>
         <run_address>0x4e99</run_address>
         <size>0x10e</size>
         <input_file_ref idref="fl-34"/>
      </object_component>
      <object_component id="oc-196">
         <name>.bios</name>
         <load_address>0x4fa8</load_address>
         <run_address>0x4fa8</run_address>
         <size>0x10d</size>
         <input_file_ref idref="fl-65"/>
      </object_component>
      <object_component id="oc-1fb">
         <name>.bios</name>
         <load_address>0x50b8</load_address>
         <run_address>0x50b8</run_address>
         <size>0x104</size>
         <input_file_ref idref="fl-83"/>
      </object_component>
      <object_component id="oc-1d5">
         <name>.bios</name>
         <load_address>0x51bc</load_address>
         <run_address>0x51bc</run_address>
         <size>0xf8</size>
         <input_file_ref idref="fl-7a"/>
      </object_component>
      <object_component id="oc-1e6">
         <name>.bios</name>
         <load_address>0x52b4</load_address>
         <run_address>0x52b4</run_address>
         <size>0xf6</size>
         <input_file_ref idref="fl-7e"/>
      </object_component>
      <object_component id="oc-1ed">
         <name>.bios</name>
         <load_address>0x53ac</load_address>
         <run_address>0x53ac</run_address>
         <size>0xbf</size>
         <input_file_ref idref="fl-7f"/>
      </object_component>
      <object_component id="oc-145">
         <name>.bios</name>
         <load_address>0x546b</load_address>
         <run_address>0x546b</run_address>
         <size>0xa2</size>
         <input_file_ref idref="fl-4d"/>
      </object_component>
      <object_component id="oc-17b">
         <name>.bios</name>
         <load_address>0x550d</load_address>
         <run_address>0x550d</run_address>
         <size>0x8d</size>
         <input_file_ref idref="fl-5f"/>
      </object_component>
      <object_component id="oc-101">
         <name>.bios</name>
         <load_address>0x559a</load_address>
         <run_address>0x559a</run_address>
         <size>0x8d</size>
         <input_file_ref idref="fl-3e"/>
      </object_component>
      <object_component id="oc-1c3">
         <name>.bios</name>
         <load_address>0x5627</load_address>
         <run_address>0x5627</run_address>
         <size>0x82</size>
         <input_file_ref idref="fl-76"/>
      </object_component>
      <object_component id="oc-151">
         <name>.bios</name>
         <load_address>0x56a9</load_address>
         <run_address>0x56a9</run_address>
         <size>0x6b</size>
         <input_file_ref idref="fl-50"/>
      </object_component>
      <object_component id="oc-177">
         <name>.bios</name>
         <load_address>0x5714</load_address>
         <run_address>0x5714</run_address>
         <size>0x5f</size>
         <input_file_ref idref="fl-5e"/>
      </object_component>
      <object_component id="oc-192">
         <name>.bios</name>
         <load_address>0x5774</load_address>
         <run_address>0x5774</run_address>
         <size>0x5b</size>
         <input_file_ref idref="fl-64"/>
      </object_component>
      <object_component id="oc-1f2">
         <name>.bios</name>
         <load_address>0x57d0</load_address>
         <run_address>0x57d0</run_address>
         <size>0x58</size>
         <input_file_ref idref="fl-80"/>
      </object_component>
      <object_component id="oc-12b">
         <name>.bios</name>
         <load_address>0x5828</load_address>
         <run_address>0x5828</run_address>
         <size>0x51</size>
         <input_file_ref idref="fl-47"/>
      </object_component>
      <object_component id="oc-1bb">
         <name>.bios</name>
         <load_address>0x5879</load_address>
         <run_address>0x5879</run_address>
         <size>0x4e</size>
         <input_file_ref idref="fl-74"/>
      </object_component>
      <object_component id="oc-1c7">
         <name>.bios</name>
         <load_address>0x58c8</load_address>
         <run_address>0x58c8</run_address>
         <size>0x48</size>
         <input_file_ref idref="fl-77"/>
      </object_component>
      <object_component id="oc-13d">
         <name>.bios</name>
         <load_address>0x5910</load_address>
         <run_address>0x5910</run_address>
         <size>0x48</size>
         <input_file_ref idref="fl-4b"/>
      </object_component>
      <object_component id="oc-1d9">
         <name>.bios</name>
         <load_address>0x5958</load_address>
         <run_address>0x5958</run_address>
         <size>0x48</size>
         <input_file_ref idref="fl-7b"/>
      </object_component>
      <object_component id="oc-11d">
         <name>.bios</name>
         <load_address>0x59a0</load_address>
         <run_address>0x59a0</run_address>
         <size>0x47</size>
         <input_file_ref idref="fl-44"/>
      </object_component>
      <object_component id="oc-16d">
         <name>.bios</name>
         <load_address>0x59e7</load_address>
         <run_address>0x59e7</run_address>
         <size>0x46</size>
         <input_file_ref idref="fl-5a"/>
      </object_component>
      <object_component id="oc-26d">
         <name>.bios</name>
         <load_address>0x5a2d</load_address>
         <run_address>0x5a2d</run_address>
         <size>0x43</size>
         <input_file_ref idref="fl-9c"/>
      </object_component>
      <object_component id="oc-171">
         <name>.bios</name>
         <load_address>0x5a70</load_address>
         <run_address>0x5a70</run_address>
         <size>0x40</size>
         <input_file_ref idref="fl-5b"/>
      </object_component>
      <object_component id="oc-5a">
         <name>.bios</name>
         <load_address>0x5ab0</load_address>
         <run_address>0x5ab0</run_address>
         <size>0x36</size>
         <input_file_ref idref="fl-3c"/>
      </object_component>
      <object_component id="oc-18e">
         <name>.bios</name>
         <load_address>0x5ae8</load_address>
         <run_address>0x5ae8</run_address>
         <size>0x34</size>
         <input_file_ref idref="fl-63"/>
      </object_component>
      <object_component id="oc-155">
         <name>.bios</name>
         <load_address>0x5b1c</load_address>
         <run_address>0x5b1c</run_address>
         <size>0x2c</size>
         <input_file_ref idref="fl-51"/>
      </object_component>
      <object_component id="oc-109">
         <name>.bios</name>
         <load_address>0x5b48</load_address>
         <run_address>0x5b48</run_address>
         <size>0x25</size>
         <input_file_ref idref="fl-40"/>
      </object_component>
      <object_component id="oc-60">
         <name>.bios</name>
         <load_address>0x5b6d</load_address>
         <run_address>0x5b6d</run_address>
         <size>0x24</size>
         <input_file_ref idref="fl-39"/>
      </object_component>
      <object_component id="oc-56">
         <name>.bios</name>
         <load_address>0x5b94</load_address>
         <run_address>0x5b94</run_address>
         <size>0x23</size>
         <input_file_ref idref="fl-3a"/>
      </object_component>
      <object_component id="oc-5e">
         <name>.bios</name>
         <load_address>0x5bb8</load_address>
         <run_address>0x5bb8</run_address>
         <size>0x20</size>
         <input_file_ref idref="fl-3b"/>
      </object_component>
      <object_component id="oc-105">
         <name>.bios</name>
         <load_address>0x5bd8</load_address>
         <run_address>0x5bd8</run_address>
         <size>0x1f</size>
         <input_file_ref idref="fl-3f"/>
      </object_component>
      <object_component id="oc-167">
         <name>.bios</name>
         <load_address>0x5bf8</load_address>
         <run_address>0x5bf8</run_address>
         <size>0x1a</size>
         <input_file_ref idref="fl-57"/>
      </object_component>
      <object_component id="oc-5c">
         <name>.bios</name>
         <load_address>0x5c12</load_address>
         <run_address>0x5c12</run_address>
         <size>0x17</size>
         <input_file_ref idref="fl-37"/>
      </object_component>
      <object_component id="oc-1f6">
         <name>.bios</name>
         <load_address>0x5c2c</load_address>
         <run_address>0x5c2c</run_address>
         <size>0x17</size>
         <input_file_ref idref="fl-81"/>
      </object_component>
      <object_component id="oc-5b">
         <name>.bios</name>
         <load_address>0x5c43</load_address>
         <run_address>0x5c43</run_address>
         <size>0xf</size>
         <input_file_ref idref="fl-36"/>
      </object_component>
      <object_component id="oc-121">
         <name>.bios</name>
         <load_address>0x5c52</load_address>
         <run_address>0x5c52</run_address>
         <size>0xc</size>
         <input_file_ref idref="fl-45"/>
      </object_component>
      <object_component id="oc-5d">
         <name>.bios</name>
         <load_address>0x5c60</load_address>
         <run_address>0x5c60</run_address>
         <size>0x8</size>
         <input_file_ref idref="fl-3d"/>
      </object_component>
      <object_component id="oc-1cb">
         <name>.bios</name>
         <load_address>0x5c68</load_address>
         <run_address>0x5c68</run_address>
         <size>0x7</size>
         <input_file_ref idref="fl-78"/>
      </object_component>
      <object_component id="oc-163">
         <name>.bios</name>
         <load_address>0x5c6f</load_address>
         <run_address>0x5c6f</run_address>
         <size>0x6</size>
         <input_file_ref idref="fl-56"/>
      </object_component>
      <object_component id="oc-5f">
         <name>.bios</name>
         <load_address>0x5c78</load_address>
         <run_address>0x5c78</run_address>
         <size>0x2</size>
         <input_file_ref idref="fl-38"/>
      </object_component>
      <object_component id="oc-61">
         <name>.text</name>
         <load_address>0xc0</load_address>
         <run_address>0xc0</run_address>
         <size>0xa1f</size>
         <input_file_ref idref="fl-2"/>
      </object_component>
      <object_component id="oc-b3">
         <name>.text</name>
         <load_address>0xadf</load_address>
         <run_address>0xadf</run_address>
         <size>0x646</size>
         <input_file_ref idref="fl-d"/>
      </object_component>
      <object_component id="oc-6a">
         <name>.text</name>
         <load_address>0x1125</load_address>
         <run_address>0x1125</run_address>
         <size>0x559</size>
         <input_file_ref idref="fl-4"/>
      </object_component>
      <object_component id="oc-207">
         <name>.text</name>
         <load_address>0x167e</load_address>
         <run_address>0x167e</run_address>
         <size>0x3cc</size>
         <input_file_ref idref="fl-86"/>
      </object_component>
      <object_component id="oc-7b">
         <name>.text</name>
         <load_address>0x1a4a</load_address>
         <run_address>0x1a4a</run_address>
         <size>0x3af</size>
         <input_file_ref idref="fl-7"/>
      </object_component>
      <object_component id="oc-6f">
         <name>.text</name>
         <load_address>0x1df9</load_address>
         <run_address>0x1df9</run_address>
         <size>0x2f5</size>
         <input_file_ref idref="fl-5"/>
      </object_component>
      <object_component id="oc-19f">
         <name>.text:MCBSP_reset</name>
         <load_address>0x20f0</load_address>
         <run_address>0x20f0</run_address>
         <size>0x261</size>
         <input_file_ref idref="fl-6a"/>
      </object_component>
      <object_component id="oc-1ff">
         <name>.text</name>
         <load_address>0x2351</load_address>
         <run_address>0x2351</run_address>
         <size>0x25a</size>
         <input_file_ref idref="fl-84"/>
      </object_component>
      <object_component id="oc-203">
         <name>.text</name>
         <load_address>0x25ab</load_address>
         <run_address>0x25ab</run_address>
         <size>0x1ea</size>
         <input_file_ref idref="fl-85"/>
      </object_component>
      <object_component id="oc-16c">
         <name>.text:I2C_write</name>
         <load_address>0x2798</load_address>
         <run_address>0x2798</run_address>
         <size>0x18e</size>
         <input_file_ref idref="fl-59"/>
      </object_component>
      <object_component id="oc-16b">
         <name>.text:I2C_read</name>
         <load_address>0x2928</load_address>
         <run_address>0x2928</run_address>
         <size>0x15d</size>
         <input_file_ref idref="fl-58"/>
      </object_component>
      <object_component id="oc-86">
         <name>.text</name>
         <load_address>0x2a85</load_address>
         <run_address>0x2a85</run_address>
         <size>0x14e</size>
         <input_file_ref idref="fl-9"/>
      </object_component>
      <object_component id="oc-220">
         <name>.text</name>
         <load_address>0x2bd3</load_address>
         <run_address>0x2bd3</run_address>
         <size>0x14c</size>
         <input_file_ref idref="fl-8c"/>
      </object_component>
      <object_component id="oc-19b">
         <name>.text:MCBSP_config</name>
         <load_address>0x2d20</load_address>
         <run_address>0x2d20</run_address>
         <size>0x130</size>
         <input_file_ref idref="fl-67"/>
      </object_component>
      <object_component id="oc-25a">
         <name>.text</name>
         <load_address>0x2e50</load_address>
         <run_address>0x2e50</run_address>
         <size>0x116</size>
         <input_file_ref idref="fl-98"/>
      </object_component>
      <object_component id="oc-268">
         <name>.text</name>
         <load_address>0x2f66</load_address>
         <run_address>0x2f66</run_address>
         <size>0xf2</size>
         <input_file_ref idref="fl-9b"/>
      </object_component>
      <object_component id="oc-19c">
         <name>.text:MCBSP_open</name>
         <load_address>0x3058</load_address>
         <run_address>0x3058</run_address>
         <size>0xee</size>
         <input_file_ref idref="fl-68"/>
      </object_component>
      <object_component id="oc-d3">
         <name>.text</name>
         <load_address>0x3146</load_address>
         <run_address>0x3146</run_address>
         <size>0xd0</size>
         <input_file_ref idref="fl-13"/>
      </object_component>
      <object_component id="oc-263">
         <name>.text</name>
         <load_address>0x3216</load_address>
         <run_address>0x3216</run_address>
         <size>0xcc</size>
         <input_file_ref idref="fl-9a"/>
      </object_component>
      <object_component id="oc-255">
         <name>.text</name>
         <load_address>0x32e2</load_address>
         <run_address>0x32e2</run_address>
         <size>0xbf</size>
         <input_file_ref idref="fl-97"/>
      </object_component>
      <object_component id="oc-8b">
         <name>.text</name>
         <load_address>0x33a1</load_address>
         <run_address>0x33a1</run_address>
         <size>0xab</size>
         <input_file_ref idref="fl-a"/>
      </object_component>
      <object_component id="oc-81">
         <name>.text</name>
         <load_address>0x344c</load_address>
         <run_address>0x344c</run_address>
         <size>0x92</size>
         <input_file_ref idref="fl-8"/>
      </object_component>
      <object_component id="oc-1a0">
         <name>.text:MCBSP_start</name>
         <load_address>0x34e0</load_address>
         <run_address>0x34e0</run_address>
         <size>0x82</size>
         <input_file_ref idref="fl-6b"/>
      </object_component>
      <object_component id="oc-224">
         <name>.text</name>
         <load_address>0x3562</load_address>
         <run_address>0x3562</run_address>
         <size>0x76</size>
         <input_file_ref idref="fl-8d"/>
      </object_component>
      <object_component id="oc-240">
         <name>.text</name>
         <load_address>0x35d8</load_address>
         <run_address>0x35d8</run_address>
         <size>0x75</size>
         <input_file_ref idref="fl-93"/>
      </object_component>
      <object_component id="oc-c4">
         <name>.text</name>
         <load_address>0x364d</load_address>
         <run_address>0x364d</run_address>
         <size>0x74</size>
         <input_file_ref idref="fl-10"/>
      </object_component>
      <object_component id="oc-21c">
         <name>.text</name>
         <load_address>0x36c1</load_address>
         <run_address>0x36c1</run_address>
         <size>0x73</size>
         <input_file_ref idref="fl-8b"/>
      </object_component>
      <object_component id="oc-23a">
         <name>.text</name>
         <load_address>0x3734</load_address>
         <run_address>0x3734</run_address>
         <size>0x6f</size>
         <input_file_ref idref="fl-92"/>
      </object_component>
      <object_component id="oc-20f">
         <name>.text</name>
         <load_address>0x37a3</load_address>
         <run_address>0x37a3</run_address>
         <size>0x6f</size>
         <input_file_ref idref="fl-88"/>
      </object_component>
      <object_component id="oc-141">
         <name>.text</name>
         <load_address>0x3814</load_address>
         <run_address>0x3814</run_address>
         <size>0x67</size>
         <input_file_ref idref="fl-4c"/>
      </object_component>
      <object_component id="oc-217">
         <name>.text</name>
         <load_address>0x387b</load_address>
         <run_address>0x387b</run_address>
         <size>0x67</size>
         <input_file_ref idref="fl-8a"/>
      </object_component>
      <object_component id="oc-1ea">
         <name>.text</name>
         <load_address>0x38e4</load_address>
         <run_address>0x38e4</run_address>
         <size>0x5c</size>
         <input_file_ref idref="fl-7f"/>
      </object_component>
      <object_component id="oc-76">
         <name>.text</name>
         <load_address>0x3940</load_address>
         <run_address>0x3940</run_address>
         <size>0x57</size>
         <input_file_ref idref="fl-6"/>
      </object_component>
      <object_component id="oc-b8">
         <name>.text</name>
         <load_address>0x3997</load_address>
         <run_address>0x3997</run_address>
         <size>0x40</size>
         <input_file_ref idref="fl-e"/>
      </object_component>
      <object_component id="oc-251">
         <name>.text</name>
         <load_address>0x39d7</load_address>
         <run_address>0x39d7</run_address>
         <size>0x3f</size>
         <input_file_ref idref="fl-96"/>
      </object_component>
      <object_component id="oc-246">
         <name>.text</name>
         <load_address>0x3a16</load_address>
         <run_address>0x3a16</run_address>
         <size>0x3e</size>
         <input_file_ref idref="fl-94"/>
      </object_component>
      <object_component id="oc-19a">
         <name>.text:MCBSP_close</name>
         <load_address>0x3a54</load_address>
         <run_address>0x3a54</run_address>
         <size>0x36</size>
         <input_file_ref idref="fl-66"/>
      </object_component>
      <object_component id="oc-20b">
         <name>.text</name>
         <load_address>0x3a8a</load_address>
         <run_address>0x3a8a</run_address>
         <size>0x2a</size>
         <input_file_ref idref="fl-87"/>
      </object_component>
      <object_component id="oc-c9">
         <name>.text</name>
         <load_address>0x3ab4</load_address>
         <run_address>0x3ab4</run_address>
         <size>0x20</size>
         <input_file_ref idref="fl-11"/>
      </object_component>
      <object_component id="oc-ce">
         <name>.text</name>
         <load_address>0x3ad4</load_address>
         <run_address>0x3ad4</run_address>
         <size>0x18</size>
         <input_file_ref idref="fl-12"/>
      </object_component>
      <object_component id="oc-236">
         <name>.text</name>
         <load_address>0x3aec</load_address>
         <run_address>0x3aec</run_address>
         <size>0x14</size>
         <input_file_ref idref="fl-91"/>
      </object_component>
      <object_component id="oc-228">
         <name>.text</name>
         <load_address>0x3b00</load_address>
         <run_address>0x3b00</run_address>
         <size>0x13</size>
         <input_file_ref idref="fl-8e"/>
      </object_component>
      <object_component id="oc-bf">
         <name>.text</name>
         <load_address>0x3b13</load_address>
         <run_address>0x3b13</run_address>
         <size>0x12</size>
         <input_file_ref idref="fl-f"/>
      </object_component>
      <object_component id="oc-230">
         <name>.text</name>
         <load_address>0x3b25</load_address>
         <run_address>0x3b25</run_address>
         <size>0x12</size>
         <input_file_ref idref="fl-90"/>
      </object_component>
      <object_component id="oc-22c">
         <name>.text</name>
         <load_address>0x3b37</load_address>
         <run_address>0x3b37</run_address>
         <size>0x10</size>
         <input_file_ref idref="fl-8f"/>
      </object_component>
      <object_component id="oc-175">
         <name>.text:IRQ_globalDisable</name>
         <load_address>0x3b48</load_address>
         <run_address>0x3b48</run_address>
         <size>0xf</size>
         <input_file_ref idref="fl-5c"/>
      </object_component>
      <object_component id="oc-1fa">
         <name>.text:_CSL_init</name>
         <load_address>0x3b58</load_address>
         <run_address>0x3b58</run_address>
         <size>0xd</size>
         <input_file_ref idref="fl-82"/>
      </object_component>
      <object_component id="oc-15e">
         <name>.text:CSL_init</name>
         <load_address>0x3b68</load_address>
         <run_address>0x3b68</run_address>
         <size>0xc</size>
         <input_file_ref idref="fl-53"/>
      </object_component>
      <object_component id="oc-176">
         <name>.text:IRQ_globalRestore</name>
         <load_address>0x3b74</load_address>
         <run_address>0x3b74</run_address>
         <size>0xc</size>
         <input_file_ref idref="fl-5d"/>
      </object_component>
      <object_component id="oc-213">
         <name>.text</name>
         <load_address>0x3b80</load_address>
         <run_address>0x3b80</run_address>
         <size>0xc</size>
         <input_file_ref idref="fl-89"/>
      </object_component>
      <object_component id="oc-24a">
         <name>.text:CIO_breakpoint</name>
         <load_address>0x3b8c</load_address>
         <run_address>0x3b8c</run_address>
         <size>0x7</size>
         <input_file_ref idref="fl-94"/>
      </object_component>
      <object_component id="oc-15d">
         <name>.text</name>
         <load_address>0x3b94</load_address>
         <run_address>0x3b94</run_address>
         <size>0x2</size>
         <input_file_ref idref="fl-53"/>
      </object_component>
      <object_component id="oc-ac">
         <name>.sysinit</name>
         <load_address>0xe000</load_address>
         <run_address>0xe000</run_address>
         <size>0x13d</size>
         <input_file_ref idref="fl-b"/>
      </object_component>
      <object_component id="oc-1a5">
         <name>.sysinit</name>
         <load_address>0xe140</load_address>
         <run_address>0xe140</run_address>
         <size>0x111</size>
         <input_file_ref idref="fl-6d"/>
      </object_component>
      <object_component id="oc-1e2">
         <name>.sysinit</name>
         <load_address>0xe254</load_address>
         <run_address>0xe254</run_address>
         <size>0x84</size>
         <input_file_ref idref="fl-7d"/>
      </object_component>
      <object_component id="oc-24d">
         <name>.sysinit</name>
         <load_address>0xe2d8</load_address>
         <run_address>0xe2d8</run_address>
         <size>0x71</size>
         <input_file_ref idref="fl-95"/>
      </object_component>
      <object_component id="oc-58">
         <name>.sysinit</name>
         <load_address>0xe349</load_address>
         <run_address>0xe349</run_address>
         <size>0x6f</size>
         <input_file_ref idref="fl-41"/>
      </object_component>
      <object_component id="oc-1ab">
         <name>.sysinit</name>
         <load_address>0xe3b8</load_address>
         <run_address>0xe3b8</run_address>
         <size>0x2</size>
         <input_file_ref idref="fl-6e"/>
      </object_component>
      <object_component id="oc-112">
         <name>.trcdata</name>
         <load_address>0xf24c</load_address>
         <run_address>0xf24c</run_address>
         <size>0x6</size>
         <input_file_ref idref="fl-42"/>
      </object_component>
      <object_component id="oc-288">
         <name>.rtdx_text:_RTDX_write_next</name>
         <load_address>0xad10</load_address>
         <run_address>0xad10</run_address>
         <size>0x1db</size>
         <input_file_ref idref="fl-71"/>
      </object_component>
      <object_component id="oc-283">
         <name>.rtdx_text:_RTDX_Buffer_WriteCB</name>
         <load_address>0xaeeb</load_address>
         <run_address>0xaeeb</run_address>
         <size>0x17c</size>
         <input_file_ref idref="fl-71"/>
      </object_component>
      <object_component id="oc-27b">
         <name>.rtdx_text:_RTDX_Init_RT_Monitor</name>
         <load_address>0xb067</load_address>
         <run_address>0xb067</run_address>
         <size>0x10f</size>
         <input_file_ref idref="fl-72"/>
      </object_component>
      <object_component id="oc-276">
         <name>.rtdx_text:_RTDX_Poll</name>
         <load_address>0xb176</load_address>
         <run_address>0xb176</run_address>
         <size>0xec</size>
         <input_file_ref idref="fl-72"/>
      </object_component>
      <object_component id="oc-287">
         <name>.rtdx_text:_claim</name>
         <load_address>0xb262</load_address>
         <run_address>0xb262</run_address>
         <size>0xb5</size>
         <input_file_ref idref="fl-71"/>
      </object_component>
      <object_component id="oc-280">
         <name>.rtdx_text:_StartXFer</name>
         <load_address>0xb317</load_address>
         <run_address>0xb317</run_address>
         <size>0x93</size>
         <input_file_ref idref="fl-72"/>
      </object_component>
      <object_component id="oc-289">
         <name>.rtdx_text:_RTDX_Mon_Queue</name>
         <load_address>0xb3aa</load_address>
         <run_address>0xb3aa</run_address>
         <size>0x88</size>
         <input_file_ref idref="fl-72"/>
      </object_component>
      <object_component id="oc-277">
         <name>.rtdx_text:_RTDX_H2TPoll</name>
         <load_address>0xb432</load_address>
         <run_address>0xb432</run_address>
         <size>0x65</size>
         <input_file_ref idref="fl-72"/>
      </object_component>
      <object_component id="oc-27a">
         <name>.rtdx_text:_RTDX_Buffer_Initialize</name>
         <load_address>0xb497</load_address>
         <run_address>0xb497</run_address>
         <size>0x53</size>
         <input_file_ref idref="fl-71"/>
      </object_component>
      <object_component id="oc-282">
         <name>.rtdx_text:_RTDX_Buffer_ReadCB</name>
         <load_address>0xb4ea</load_address>
         <run_address>0xb4ea</run_address>
         <size>0x4b</size>
         <input_file_ref idref="fl-70"/>
      </object_component>
      <object_component id="oc-285">
         <name>.rtdx_text:_RTDX_Final_RT_Monitor</name>
         <load_address>0xb535</load_address>
         <run_address>0xb535</run_address>
         <size>0x3c</size>
         <input_file_ref idref="fl-72"/>
      </object_component>
      <object_component id="oc-286">
         <name>.rtdx_text:_RTDX_Buffer_Size</name>
         <load_address>0xb571</load_address>
         <run_address>0xb571</run_address>
         <size>0x3b</size>
         <input_file_ref idref="fl-71"/>
      </object_component>
      <object_component id="oc-27d">
         <name>.rtdx_text:_RTDX_Mask_IER</name>
         <load_address>0xb5ac</load_address>
         <run_address>0xb5ac</run_address>
         <size>0x2a</size>
         <input_file_ref idref="fl-73"/>
      </object_component>
      <object_component id="oc-278">
         <name>.rtdx_text:_RTDX_Buffer_Read</name>
         <load_address>0xb5d6</load_address>
         <run_address>0xb5d6</run_address>
         <size>0x22</size>
         <input_file_ref idref="fl-70"/>
      </object_component>
      <object_component id="oc-281">
         <name>.rtdx_text:_RTDX_Set_IER</name>
         <load_address>0xb5f8</load_address>
         <run_address>0xb5f8</run_address>
         <size>0x1e</size>
         <input_file_ref idref="fl-73"/>
      </object_component>
      <object_component id="oc-279">
         <name>.rtdx_text:_RTDX_Buffer_Write</name>
         <load_address>0xb616</load_address>
         <run_address>0xb616</run_address>
         <size>0x1c</size>
         <input_file_ref idref="fl-71"/>
      </object_component>
      <object_component id="oc-27e">
         <name>.rtdx_text:_Allow_EmuAccess</name>
         <load_address>0xb632</load_address>
         <run_address>0xb632</run_address>
         <size>0x17</size>
         <input_file_ref idref="fl-72"/>
      </object_component>
      <object_component id="oc-27f">
         <name>.rtdx_text:_Disallow_EmuAccess</name>
         <load_address>0xb649</load_address>
         <run_address>0xb649</run_address>
         <size>0x4</size>
         <input_file_ref idref="fl-72"/>
      </object_component>
      <object_component id="oc-284">
         <name>.rtdx_text:_Wait</name>
         <load_address>0xb64d</load_address>
         <run_address>0xb64d</run_address>
         <size>0x4</size>
         <input_file_ref idref="fl-72"/>
      </object_component>
      <object_component id="oc-ab">
         <name>.mbx</name>
         <uninitialized>true</uninitialized>
         <run_address>0xecdc</run_address>
         <size>0x138</size>
         <input_file_ref idref="fl-b"/>
      </object_component>
      <object_component id="oc-aa">
         <name>.sem</name>
         <uninitialized>true</uninitialized>
         <run_address>0xf19c</run_address>
         <size>0x2c</size>
         <input_file_ref idref="fl-b"/>
      </object_component>
      <object_component id="oc-96">
         <name>.sys</name>
         <uninitialized>true</uninitialized>
         <run_address>0xf228</run_address>
         <size>0x10</size>
         <input_file_ref idref="fl-b"/>
      </object_component>
      <object_component id="oc-93">
         <name>.cinit</name>
         <load_address>0x6e7c</load_address>
         <run_address>0x6e7c</run_address>
         <size>0xa68</size>
         <input_file_ref idref="fl-b"/>
      </object_component>
      <object_component id="oc-da">
         <name>.cinit</name>
         <load_address>0x78e4</load_address>
         <run_address>0x78e4</run_address>
         <size>0x15e</size>
         <input_file_ref idref="fl-33"/>
      </object_component>
      <object_component id="oc-180">
         <name>.cinit</name>
         <load_address>0x7a42</load_address>
         <run_address>0x7a42</run_address>
         <size>0x140</size>
         <input_file_ref idref="fl-60"/>
      </object_component>
      <object_component id="oc-19d">
         <name>.cinit</name>
         <load_address>0x7b82</load_address>
         <run_address>0x7b82</run_address>
         <size>0xd2</size>
         <input_file_ref idref="fl-69"/>
      </object_component>
      <object_component id="oc-72">
         <name>.cinit</name>
         <load_address>0x7c54</load_address>
         <run_address>0x7c54</run_address>
         <size>0x70</size>
         <input_file_ref idref="fl-5"/>
      </object_component>
      <object_component id="oc-1d0">
         <name>.cinit</name>
         <load_address>0x7cc4</load_address>
         <run_address>0x7cc4</run_address>
         <size>0x62</size>
         <input_file_ref idref="fl-79"/>
      </object_component>
      <object_component id="oc-1ec">
         <name>.cinit</name>
         <load_address>0x7d26</load_address>
         <run_address>0x7d26</run_address>
         <size>0x5c</size>
         <input_file_ref idref="fl-7f"/>
      </object_component>
      <object_component id="oc-161">
         <name>.cinit</name>
         <load_address>0x7d82</load_address>
         <run_address>0x7d82</run_address>
         <size>0x4a</size>
         <input_file_ref idref="fl-55"/>
      </object_component>
      <object_component id="oc-15f">
         <name>.cinit</name>
         <load_address>0x7dcc</load_address>
         <run_address>0x7dcc</run_address>
         <size>0x46</size>
         <input_file_ref idref="fl-54"/>
      </object_component>
      <object_component id="oc-138">
         <name>.cinit</name>
         <load_address>0x7e12</load_address>
         <run_address>0x7e12</run_address>
         <size>0x32</size>
         <input_file_ref idref="fl-4a"/>
      </object_component>
      <object_component id="oc-1b4">
         <name>.cinit</name>
         <load_address>0x7e44</load_address>
         <run_address>0x7e44</run_address>
         <size>0x2e</size>
         <input_file_ref idref="fl-71"/>
      </object_component>
      <object_component id="oc-bb">
         <name>.cinit</name>
         <load_address>0x7e72</load_address>
         <run_address>0x7e72</run_address>
         <size>0x28</size>
         <input_file_ref idref="fl-e"/>
      </object_component>
      <object_component id="oc-fa">
         <name>.cinit</name>
         <load_address>0x7e9a</load_address>
         <run_address>0x7e9a</run_address>
         <size>0x1e</size>
         <input_file_ref idref="fl-3c"/>
      </object_component>
      <object_component id="oc-189">
         <name>.cinit</name>
         <load_address>0x7eb8</load_address>
         <run_address>0x7eb8</run_address>
         <size>0x16</size>
         <input_file_ref idref="fl-62"/>
      </object_component>
      <object_component id="oc-1aa">
         <name>.cinit</name>
         <load_address>0x7ece</load_address>
         <run_address>0x7ece</run_address>
         <size>0x14</size>
         <input_file_ref idref="fl-6e"/>
      </object_component>
      <object_component id="oc-1de">
         <name>.cinit</name>
         <load_address>0x7ee2</load_address>
         <run_address>0x7ee2</run_address>
         <size>0x14</size>
         <input_file_ref idref="fl-7c"/>
      </object_component>
      <object_component id="oc-233">
         <name>.cinit</name>
         <load_address>0x7ef6</load_address>
         <run_address>0x7ef6</run_address>
         <size>0x14</size>
         <input_file_ref idref="fl-90"/>
      </object_component>
      <object_component id="oc-249">
         <name>.cinit</name>
         <load_address>0x7f0a</load_address>
         <run_address>0x7f0a</run_address>
         <size>0x14</size>
         <input_file_ref idref="fl-94"/>
      </object_component>
      <object_component id="oc-126">
         <name>.cinit</name>
         <load_address>0x7f1e</load_address>
         <run_address>0x7f1e</run_address>
         <size>0x12</size>
         <input_file_ref idref="fl-46"/>
      </object_component>
      <object_component id="oc-23d">
         <name>.cinit</name>
         <load_address>0x7f30</load_address>
         <run_address>0x7f30</run_address>
         <size>0x10</size>
         <input_file_ref idref="fl-92"/>
      </object_component>
      <object_component id="oc-11c">
         <name>.cinit</name>
         <load_address>0x7f40</load_address>
         <run_address>0x7f40</run_address>
         <size>0xa</size>
         <input_file_ref idref="fl-44"/>
      </object_component>
      <object_component id="oc-de">
         <name>.cinit</name>
         <load_address>0x7f4a</load_address>
         <run_address>0x7f4a</run_address>
         <size>0xa</size>
         <input_file_ref idref="fl-34"/>
      </object_component>
      <object_component id="oc-243">
         <name>.cinit</name>
         <load_address>0x7f54</load_address>
         <run_address>0x7f54</run_address>
         <size>0xa</size>
         <input_file_ref idref="fl-93"/>
      </object_component>
      <object_component id="oc-261">
         <name>.cinit</name>
         <load_address>0x7f5e</load_address>
         <run_address>0x7f5e</run_address>
         <size>0x8</size>
         <input_file_ref idref="fl-99"/>
      </object_component>
      <object_component id="oc-1b7">
         <name>.pinit</name>
         <load_address>0xf238</load_address>
         <run_address>0xf238</run_address>
         <size>0x4</size>
         <input_file_ref idref="fl-71"/>
      </object_component>
      <object_component id="oc-1ba">
         <name>.pinit</name>
         <load_address>0xf23c</load_address>
         <run_address>0xf23c</run_address>
         <size>0x4</size>
         <input_file_ref idref="fl-72"/>
      </object_component>
      <object_component id="oc-91">
         <name>.gblinit</name>
         <load_address>0xefe4</load_address>
         <run_address>0xefe4</run_address>
         <size>0x82</size>
         <input_file_ref idref="fl-b"/>
      </object_component>
      <object_component id="oc-94">
         <name>.rtdx_data</name>
         <uninitialized>true</uninitialized>
         <run_address>0xe3bc</run_address>
         <size>0x204</size>
         <input_file_ref idref="fl-b"/>
      </object_component>
      <object_component id="oc-1af">
         <name>.rtdx_data</name>
         <uninitialized>true</uninitialized>
         <run_address>0xe604</run_address>
         <size>0x8</size>
         <input_file_ref idref="fl-6f"/>
      </object_component>
      <object_component id="oc-1b5">
         <name>.rtdx_data</name>
         <uninitialized>true</uninitialized>
         <run_address>0xe5e4</run_address>
         <size>0x20</size>
         <input_file_ref idref="fl-71"/>
      </object_component>
      <object_component id="oc-1b8">
         <name>.rtdx_data</name>
         <uninitialized>true</uninitialized>
         <run_address>0xe5c0</run_address>
         <size>0x24</size>
         <input_file_ref idref="fl-72"/>
      </object_component>
      <object_component id="oc-9f">
         <name>.TSK_idle$stk</name>
         <uninitialized>true</uninitialized>
         <run_address>0xc000</run_address>
         <size>0x600</size>
         <input_file_ref idref="fl-b"/>
      </object_component>
      <object_component id="oc-a1">
         <name>.audioTSK$stk</name>
         <uninitialized>true</uninitialized>
         <run_address>0xc600</run_address>
         <size>0x600</size>
         <input_file_ref idref="fl-b"/>
      </object_component>
      <object_component id="oc-a2">
         <name>.buttonTSK$stk</name>
         <uninitialized>true</uninitialized>
         <run_address>0xcc00</run_address>
         <size>0x600</size>
         <input_file_ref idref="fl-b"/>
      </object_component>
      <object_component id="oc-a3">
         <name>.fftTSK$stk</name>
         <uninitialized>true</uninitialized>
         <run_address>0x5c7c</run_address>
         <size>0x1200</size>
         <input_file_ref idref="fl-b"/>
      </object_component>
      <object_component id="oc-a4">
         <name>.lcdTSK$stk</name>
         <uninitialized>true</uninitialized>
         <run_address>0xa310</run_address>
         <size>0xa00</size>
         <input_file_ref idref="fl-b"/>
      </object_component>
      <object_component id="oc-272">
         <name>.const:_FFT_ConstP</name>
         <load_address>0xd200</load_address>
         <run_address>0xd200</run_address>
         <size>0x300</size>
         <input_file_ref idref="fl-3"/>
      </object_component>
      <object_component id="oc-273">
         <name>.const:_myLPF</name>
         <load_address>0xd500</load_address>
         <run_address>0xd500</run_address>
         <size>0xa2</size>
         <input_file_ref idref="fl-5"/>
      </object_component>
      <object_component id="oc-1ee">
         <name>.const</name>
         <load_address>0xd5a4</load_address>
         <run_address>0xd5a4</run_address>
         <size>0x9e</size>
         <input_file_ref idref="fl-7f"/>
      </object_component>
      <object_component id="oc-f1">
         <name>.const</name>
         <load_address>0xd644</load_address>
         <run_address>0xd644</run_address>
         <size>0x46</size>
         <input_file_ref idref="fl-3a"/>
      </object_component>
      <object_component id="oc-f5">
         <name>.const</name>
         <load_address>0xd68c</load_address>
         <run_address>0xd68c</run_address>
         <size>0x44</size>
         <input_file_ref idref="fl-3b"/>
      </object_component>
      <object_component id="oc-275">
         <name>.const:_$P$T0$1</name>
         <load_address>0xd6d0</load_address>
         <run_address>0xd6d0</run_address>
         <size>0x36</size>
         <input_file_ref idref="fl-a"/>
      </object_component>
      <object_component id="oc-64">
         <name>.const</name>
         <load_address>0xd708</load_address>
         <run_address>0xd708</run_address>
         <size>0x20</size>
         <input_file_ref idref="fl-2"/>
      </object_component>
      <object_component id="oc-274">
         <name>.const:_$P$T0$1</name>
         <load_address>0xd728</load_address>
         <run_address>0xd728</run_address>
         <size>0x14</size>
         <input_file_ref idref="fl-8"/>
      </object_component>
      <object_component id="oc-26a">
         <name>.const</name>
         <load_address>0xd73c</load_address>
         <run_address>0xd73c</run_address>
         <size>0x14</size>
         <input_file_ref idref="fl-9b"/>
      </object_component>
      <object_component id="oc-25c">
         <name>.const</name>
         <load_address>0xd750</load_address>
         <run_address>0xd750</run_address>
         <size>0x14</size>
         <input_file_ref idref="fl-98"/>
      </object_component>
      <object_component id="oc-27c">
         <name>.const:_initial_approx$1</name>
         <load_address>0xd764</load_address>
         <run_address>0xd764</run_address>
         <size>0x10</size>
         <input_file_ref idref="fl-86"/>
      </object_component>
      <object_component id="oc-265">
         <name>.const</name>
         <load_address>0xd774</load_address>
         <run_address>0xd774</run_address>
         <size>0x10</size>
[...]
         <value>0x8d30</value>
         <object_component_ref idref="oc-17f"/>
      </symbol>
      <symbol id="sm-837">
         <name>_KNL_setpri</name>
         <value>0x8cdc</value>
         <object_component_ref idref="oc-17f"/>
      </symbol>
      <symbol id="sm-838">
         <name>_KNL_swiptr</name>
         <value>0x8d24</value>
         <object_component_ref idref="oc-17f"/>
      </symbol>
      <symbol id="sm-839">
         <name>_KNL_dummy</name>
         <value>0x8ce8</value>
         <object_component_ref idref="oc-17f"/>
      </symbol>
      <symbol id="sm-83a">
         <name>_KNL_curtask</name>
         <value>0x8d18</value>
         <object_component_ref idref="oc-17f"/>
      </symbol>
      <symbol id="sm-83b">
         <name>_KNL_curqueue</name>
         <value>0x8d28</value>
         <object_component_ref idref="oc-17f"/>
      </symbol>
      <symbol id="sm-83c">
         <name>_KNL_wList</name>
         <value>0x8cd4</value>
         <object_component_ref idref="oc-17f"/>
      </symbol>
      <symbol id="sm-83d">
         <name>_KNL_curtime</name>
         <value>0x8d20</value>
         <object_component_ref idref="oc-17f"/>
      </symbol>
      <symbol id="sm-83e">
         <name>_KNL_set</name>
         <value>0x8c32</value>
         <object_component_ref idref="oc-17f"/>
      </symbol>
      <symbol id="sm-83f">
         <name>_KNL_alarm</name>
         <value>0x8cd8</value>
         <object_component_ref idref="oc-17f"/>
      </symbol>
      <symbol id="sm-840">
         <name>_KNL_prevtask</name>
         <value>0x8d1c</value>
         <object_component_ref idref="oc-17f"/>
      </symbol>
      <symbol id="sm-841">
         <name>_KNL_queues</name>
         <value>0x8c34</value>
         <object_component_ref idref="oc-17f"/>
      </symbol>
      <symbol id="sm-842">
         <name>_KNL_idlefxn</name>
         <value>0x8d40</value>
         <object_component_ref idref="oc-17f"/>
      </symbol>
      <symbol id="sm-843">
         <name>_KNL_priority</name>
         <value>0x8ce4</value>
         <object_component_ref idref="oc-17f"/>
      </symbol>
      <symbol id="sm-844">
         <name>_KNL_treadyfxn</name>
         <value>0x8d3c</value>
         <object_component_ref idref="oc-17f"/>
      </symbol>
      <symbol id="sm-845">
         <name>_KNL_tcreatefxn</name>
         <value>0x8d34</value>
         <object_component_ref idref="oc-17f"/>
      </symbol>
      <symbol id="sm-846">
         <name>_KNL_wFlag</name>
         <value>0x8c30</value>
         <object_component_ref idref="oc-17f"/>
      </symbol>
      <symbol id="sm-847">
         <name>_KNL_tdeletefxn</name>
         <value>0x8d38</value>
         <object_component_ref idref="oc-17f"/>
      </symbol>
      <symbol id="sm-851">
         <name>_KNL_run</name>
         <value>0x4984</value>
         <object_component_ref idref="oc-184"/>
      </symbol>
      <symbol id="sm-85f">
         <name>_KNL_tick</name>
         <value>0x4c40</value>
         <object_component_ref idref="oc-18a"/>
      </symbol>
      <symbol id="sm-869">
         <name>_KNL_post</name>
         <value>0x5ae8</value>
         <object_component_ref idref="oc-18e"/>
      </symbol>
      <symbol id="sm-873">
         <name>_KNL_ipost</name>
         <value>0x5774</value>
         <object_component_ref idref="oc-192"/>
      </symbol>
      <symbol id="sm-87d">
         <name>_MBX_pend</name>
         <value>0x4fa8</value>
         <object_component_ref idref="oc-196"/>
      </symbol>
      <symbol id="sm-87e">
         <name>_MBX_post</name>
         <value>0x5030</value>
         <object_component_ref idref="oc-196"/>
      </symbol>
      <symbol id="sm-882">
         <name>_MCBSP_close</name>
         <value>0x3a54</value>
         <object_component_ref idref="oc-19a"/>
      </symbol>
      <symbol id="sm-886">
         <name>_MCBSP_config</name>
         <value>0x2d20</value>
         <object_component_ref idref="oc-19b"/>
      </symbol>
      <symbol id="sm-88b">
         <name>_MCBSP_open</name>
         <value>0x3058</value>
         <object_component_ref idref="oc-19c"/>
      </symbol>
      <symbol id="sm-891">
         <name>_CSL_McbspData</name>
         <value>0xf254</value>
         <object_component_ref idref="oc-19e"/>
      </symbol>
      <symbol id="sm-895">
         <name>_MCBSP_reset</name>
         <value>0x20f0</value>
         <object_component_ref idref="oc-19f"/>
      </symbol>
      <symbol id="sm-899">
         <name>_MCBSP_start</name>
         <value>0x34e0</value>
         <object_component_ref idref="oc-1a0"/>
      </symbol>
      <symbol id="sm-8a3">
         <name>_MEM</name>
         <value>0x8f04</value>
         <object_component_ref idref="oc-1a1"/>
      </symbol>
      <symbol id="sm-8ad">
         <name>_MEM_init</name>
         <value>0xe140</value>
         <object_component_ref idref="oc-1a5"/>
      </symbol>
      <symbol id="sm-8bb">
         <name>_OBJ_table</name>
         <value>0x8df4</value>
         <object_component_ref idref="oc-1a9"/>
      </symbol>
      <symbol id="sm-8bc">
         <name>_OBJ_init</name>
         <value>0xe3b8</value>
         <object_component_ref idref="oc-1ab"/>
      </symbol>
      <symbol id="sm-8bd">
         <name>_OBJ_segtab</name>
         <value>0x8e2c</value>
         <object_component_ref idref="oc-1a9"/>
      </symbol>
      <symbol id="sm-8c7">
         <name>_RTDX_Buffer_Start</name>
         <value>0xe604</value>
         <object_component_ref idref="oc-1af"/>
      </symbol>
      <symbol id="sm-8c8">
         <name>_RTDX_Buffer_End</name>
         <value>0xe608</value>
         <object_component_ref idref="oc-1af"/>
      </symbol>
      <symbol id="sm-8ce">
         <name>_RTDX_Buffer_ReadCB</name>
         <value>0xb4ea</value>
         <object_component_ref idref="oc-282"/>
      </symbol>
      <symbol id="sm-8cf">
         <name>_RTDX_Buffer_Read</name>
         <value>0xb5d6</value>
         <object_component_ref idref="oc-278"/>
      </symbol>
      <symbol id="sm-8e7">
         <name>_rtdx_buffer_state</name>
         <value>0xe5e4</value>
         <object_component_ref idref="oc-1b5"/>
      </symbol>
      <symbol id="sm-8e8">
         <name>_RTDX_Buffer_WriteCB</name>
         <value>0xaeeb</value>
         <object_component_ref idref="oc-283"/>
      </symbol>
      <symbol id="sm-8e9">
         <name>_rtdxNullChanCnt</name>
         <value>0x8ed8</value>
         <object_component_ref idref="oc-1b3"/>
      </symbol>
      <symbol id="sm-8ea">
         <name>_RTDX_writing</name>
         <value>0xe5f0</value>
         <object_component_ref idref="oc-1b5"/>
      </symbol>
      <symbol id="sm-8eb">
         <name>_RTDX_Buffer_Initialize</name>
         <value>0xb497</value>
         <object_component_ref idref="oc-27a"/>
      </symbol>
      <symbol id="sm-8ec">
         <name>_RTDX_Buffer_Write</name>
         <value>0xb616</value>
         <object_component_ref idref="oc-279"/>
      </symbol>
      <symbol id="sm-8ed">
         <name>_rtdxNullFuncCnt</name>
         <value>0x8eda</value>
         <object_component_ref idref="oc-1b3"/>
      </symbol>
      <symbol id="sm-8ee">
         <name>_RTDX_Buffer_Size</name>
         <value>0xb571</value>
         <object_component_ref idref="oc-286"/>
      </symbol>
      <symbol id="sm-908">
         <name>_RTDX_LMM</name>
         <value>0x1</value>
      </symbol>
      <symbol id="sm-909">
         <name>_RTDX_Mon_Queue</name>
         <value>0xb3aa</value>
         <object_component_ref idref="oc-289"/>
      </symbol>
      <symbol id="sm-90a">
         <name>_rtdx_mon_state</name>
         <value>0xe5c0</value>
         <object_component_ref idref="oc-1b8"/>
      </symbol>
      <symbol id="sm-90b">
         <name>_RTDX_JTAGONLY</name>
         <value>0x3</value>
      </symbol>
      <symbol id="sm-90c">
         <name>_RTDX_Final_RT_Monitor</name>
         <value>0xb535</value>
         <object_component_ref idref="oc-285"/>
      </symbol>
      <symbol id="sm-90d">
         <name>_RTDX_Poll</name>
         <value>0xb176</value>
         <object_component_ref idref="oc-276"/>
      </symbol>
      <symbol id="sm-90e">
         <name>_RTDX_H2TPoll</name>
         <value>0xb432</value>
         <object_component_ref idref="oc-277"/>
      </symbol>
      <symbol id="sm-90f">
         <name>_RTDX_Init_RT_Monitor</name>
         <value>0xb067</value>
         <object_component_ref idref="oc-27b"/>
      </symbol>
      <symbol id="sm-915">
         <name>_RTDX_Set_IER</name>
         <value>0xb5f8</value>
         <object_component_ref idref="oc-281"/>
      </symbol>
      <symbol id="sm-916">
         <name>_RTDX_Mask_IER</name>
         <value>0xb5ac</value>
         <object_component_ref idref="oc-27d"/>
      </symbol>
      <symbol id="sm-920">
         <name>_SEM_pend</name>
         <value>0x5879</value>
         <object_component_ref idref="oc-1bb"/>
      </symbol>
      <symbol id="sm-92a">
         <name>_SEM_pendEnterKnl</name>
         <value>0x4670</value>
         <object_component_ref idref="oc-1bf"/>
      </symbol>
      <symbol id="sm-934">
         <name>_SEM_postBinary</name>
         <value>0x5627</value>
         <object_component_ref idref="oc-1c3"/>
      </symbol>
      <symbol id="sm-935">
         <name>_SEM_post</name>
         <value>0x5627</value>
         <object_component_ref idref="oc-1c3"/>
      </symbol>
      <symbol id="sm-93f">
         <name>_SEM_postEnterKnl</name>
         <value>0x58c8</value>
         <object_component_ref idref="oc-1c7"/>
      </symbol>
      <symbol id="sm-949">
         <name>_STS_set</name>
         <value>0x5c68</value>
         <object_component_ref idref="oc-1cb"/>
      </symbol>
      <symbol id="sm-957">
         <name>_TSK_nTasks</name>
         <value>0x8d44</value>
         <object_component_ref idref="oc-1cf"/>
      </symbol>
      <symbol id="sm-958">
         <name>_TSK_config</name>
         <value>0x8d64</value>
         <object_component_ref idref="oc-1cf"/>
      </symbol>
      <symbol id="sm-959">
         <name>_TSK</name>
         <value>0x8d80</value>
         <object_component_ref idref="oc-1cf"/>
      </symbol>
      <symbol id="sm-95a">
         <name>_TSK_timerSem</name>
         <value>0x8d84</value>
         <object_component_ref idref="oc-1cf"/>
      </symbol>
      <symbol id="sm-95b">
         <name>_TSK_pid</name>
         <value>0x8d46</value>
         <object_component_ref idref="oc-1cf"/>
      </symbol>
      <symbol id="sm-95c">
         <name>_TSK_ATTRS</name>
         <value>0x8d48</value>
         <object_component_ref idref="oc-1cf"/>
      </symbol>
      <symbol id="sm-966">
         <name>_TSK_exit</name>
         <value>0x51bc</value>
         <object_component_ref idref="oc-1d5"/>
      </symbol>
      <symbol id="sm-970">
         <name>_SYS_exit</name>
         <value>0x5958</value>
         <object_component_ref idref="oc-1d9"/>
      </symbol>
      <symbol id="sm-97c">
         <name>_SYS_exitStack</name>
         <value>0x8e3c</value>
         <object_component_ref idref="oc-1dd"/>
      </symbol>
      <symbol id="sm-97d">
         <name>_SYS_exitStackPtr</name>
         <value>0x8e5c</value>
         <object_component_ref idref="oc-1dd"/>
      </symbol>
      <symbol id="sm-97e">
         <name>_SYS_exitStackTop</name>
         <value>0x8e60</value>
         <object_component_ref idref="oc-1dd"/>
      </symbol>
      <symbol id="sm-988">
         <name>_TSK_init</name>
         <value>0xe254</value>
         <object_component_ref idref="oc-1e2"/>
      </symbol>
      <symbol id="sm-992">
         <name>_TSK_setup</name>
         <value>0x52b4</value>
         <object_component_ref idref="oc-1e6"/>
      </symbol>
      <symbol id="sm-9a4">
         <name>__MEM_mutex</name>
         <value>0x8dcc</value>
         <object_component_ref idref="oc-1eb"/>
      </symbol>
      <symbol id="sm-9a5">
         <name>_TSK_startup</name>
         <value>0x5408</value>
         <object_component_ref idref="oc-1ed"/>
      </symbol>
      <symbol id="sm-9a6">
         <name>__TSK_mutex</name>
         <value>0x8da4</value>
         <object_component_ref idref="oc-1eb"/>
      </symbol>
      <symbol id="sm-9b0">
         <name>_LCK_pend</name>
         <value>0x57f0</value>
         <object_component_ref idref="oc-1f2"/>
      </symbol>
      <symbol id="sm-9b1">
         <name>_LCK_post</name>
         <value>0x57d0</value>
         <object_component_ref idref="oc-1f2"/>
      </symbol>
      <symbol id="sm-9bb">
         <name>_SYS_abort</name>
         <value>0x5c2c</value>
         <object_component_ref idref="oc-1f6"/>
      </symbol>
      <symbol id="sm-9bf">
         <name>__CSL_init</name>
         <value>0x3b58</value>
         <object_component_ref idref="oc-1fa"/>
      </symbol>
      <symbol id="sm-9c9">
         <name>__SEM_dopost</name>
         <value>0x50b8</value>
         <object_component_ref idref="oc-1fb"/>
      </symbol>
      <symbol id="sm-9d3">
         <name>__addd</name>
         <value>0x2351</value>
         <object_component_ref idref="oc-1ff"/>
      </symbol>
      <symbol id="sm-9dd">
         <name>__eqld</name>
         <value>0x2709</value>
         <object_component_ref idref="oc-203"/>
      </symbol>
      <symbol id="sm-9de">
         <name>__cmpd</name>
         <value>0x273d</value>
         <object_component_ref idref="oc-203"/>
      </symbol>
      <symbol id="sm-9df">
         <name>__neqd</name>
         <value>0x25ab</value>
         <object_component_ref idref="oc-203"/>
      </symbol>
      <symbol id="sm-9e0">
         <name>__gtrd</name>
         <value>0x2674</value>
         <object_component_ref idref="oc-203"/>
      </symbol>
      <symbol id="sm-9e1">
         <name>__geqd</name>
         <value>0x26bf</value>
         <object_component_ref idref="oc-203"/>
      </symbol>
      <symbol id="sm-9e2">
         <name>__leqd</name>
         <value>0x2627</value>
         <object_component_ref idref="oc-203"/>
      </symbol>
      <symbol id="sm-9e3">
         <name>__lssd</name>
         <value>0x25df</value>
         <object_component_ref idref="oc-203"/>
      </symbol>
      <symbol id="sm-9ef">
         <name>__divd</name>
         <value>0x167e</value>
         <object_component_ref idref="oc-207"/>
      </symbol>
      <symbol id="sm-9f9">
         <name>__fixdi</name>
         <value>0x3a8a</value>
         <object_component_ref idref="oc-20b"/>
      </symbol>
      <symbol id="sm-a03">
         <name>__fixdli</name>
         <value>0x37a3</value>
         <object_component_ref idref="oc-20f"/>
      </symbol>
      <symbol id="sm-a0d">
         <name>__fltid</name>
         <value>0x3b80</value>
         <object_component_ref idref="oc-213"/>
      </symbol>
      <symbol id="sm-a19">
         <name>__fltlid</name>
         <value>0x387b</value>
         <object_component_ref idref="oc-217"/>
      </symbol>
      <symbol id="sm-a23">
         <name>__frcmpyd_div</name>
         <value>0x36c1</value>
         <object_component_ref idref="oc-21c"/>
      </symbol>
      <symbol id="sm-a2d">
         <name>__mpyd</name>
         <value>0x2bd3</value>
         <object_component_ref idref="oc-220"/>
      </symbol>
      <symbol id="sm-a37">
         <name>__frcmpyd</name>
         <value>0x3562</value>
         <object_component_ref idref="oc-224"/>
      </symbol>
      <symbol id="sm-a3f">
         <name>__mpyli</name>
         <value>0x3b00</value>
         <object_component_ref idref="oc-228"/>
      </symbol>
      <symbol id="sm-a40">
         <name>I$$LMPY</name>
         <value>0x3b00</value>
         <object_component_ref idref="oc-228"/>
      </symbol>
      <symbol id="sm-a4a">
         <name>__negd</name>
         <value>0x3b37</value>
         <object_component_ref idref="oc-22c"/>
      </symbol>
      <symbol id="sm-a58">
         <name>__unlock</name>
         <value>0x8ef4</value>
         <object_component_ref idref="oc-231"/>
      </symbol>
      <symbol id="sm-a59">
         <name>__lock</name>
         <value>0x8ef0</value>
         <object_component_ref idref="oc-231"/>
      </symbol>
      <symbol id="sm-a5a">
         <name>__register_lock</name>
         <value>0x3b2d</value>
         <object_component_ref idref="oc-230"/>
      </symbol>
      <symbol id="sm-a5b">
         <name>__nop</name>
         <value>0x3b35</value>
         <object_component_ref idref="oc-230"/>
      </symbol>
      <symbol id="sm-a5c">
         <name>__register_unlock</name>
         <value>0x3b25</value>
         <object_component_ref idref="oc-230"/>
      </symbol>
      <symbol id="sm-a66">
         <name>__subd</name>
         <value>0x3aec</value>
         <object_component_ref idref="oc-236"/>
      </symbol>
      <symbol id="sm-a74">
         <name>_atexit</name>
         <value>0x3734</value>
         <object_component_ref idref="oc-23a"/>
      </symbol>
      <symbol id="sm-a75">
         <name>___atexit_func_id__</name>
         <value>0x8aac</value>
         <object_component_ref idref="oc-23b"/>
      </symbol>
      <symbol id="sm-a83">
         <name>_dtors</name>
         <value>0x8f0c</value>
         <object_component_ref idref="oc-241"/>
      </symbol>
      <symbol id="sm-a84">
         <name>_call_dtors</name>
         <value>0x35d8</value>
         <object_component_ref idref="oc-240"/>
      </symbol>
      <symbol id="sm-a85">
         <name>___add_dtor</name>
         <value>0x362e</value>
         <object_component_ref idref="oc-240"/>
      </symbol>
      <symbol id="sm-a95">
         <name>C$$EXIT</name>
         <value>0x3b8d</value>
         <object_component_ref idref="oc-24a"/>
      </symbol>
      <symbol id="sm-a96">
         <name>_exit</name>
         <value>0x3a16</value>
         <object_component_ref idref="oc-246"/>
      </symbol>
      <symbol id="sm-a97">
         <name>_abort</name>
         <value>0x3b8c</value>
         <object_component_ref idref="oc-24a"/>
      </symbol>
      <symbol id="sm-a98">
         <name>__cleanup_ptr</name>
         <value>0x8ef8</value>
         <object_component_ref idref="oc-247"/>
      </symbol>
      <symbol id="sm-a99">
         <name>__dtors_ptr</name>
         <value>0x8efc</value>
         <object_component_ref idref="oc-247"/>
      </symbol>
      <symbol id="sm-aa3">
         <name>_auto_init</name>
         <value>0xe2d8</value>
         <object_component_ref idref="oc-24d"/>
      </symbol>
      <symbol id="sm-aab">
         <name>_memcpy</name>
         <value>0x39d7</value>
         <object_component_ref idref="oc-251"/>
      </symbol>
      <symbol id="sm-ab7">
         <name>_modf</name>
         <value>0x32e2</value>
         <object_component_ref idref="oc-255"/>
      </symbol>
      <symbol id="sm-ac4">
         <name>_sqrt</name>
         <value>0x2e50</value>
         <object_component_ref idref="oc-25a"/>
      </symbol>
      <symbol id="sm-ace">
         <name>_errno</name>
         <value>0x86a6</value>
         <object_component_ref idref="oc-25f"/>
      </symbol>
      <symbol id="sm-ada">
         <name>_frexp</name>
         <value>0x3216</value>
         <object_component_ref idref="oc-263"/>
      </symbol>
      <symbol id="sm-ae6">
         <name>_ldexp</name>
         <value>0x2f66</value>
         <object_component_ref idref="oc-268"/>
      </symbol>
      <symbol id="sm-af0">
         <name>iRTA_F_or</name>
         <value>0x5a5a</value>
         <object_component_ref idref="oc-26d"/>
      </symbol>
      <symbol id="sm-af1">
         <name>RTA_F_or</name>
         <value>0x5a43</value>
         <object_component_ref idref="oc-26d"/>
      </symbol>
      <symbol id="sm-af2">
         <name>RTA_F_andn</name>
         <value>0x5a2d</value>
         <object_component_ref idref="oc-26d"/>
      </symbol>
   </symbol_table>
</link_info>
