<?xml version="1.0"?>
<link_info>
   <banner>TMS320C55x Linker PC v4.4.1</banner>
   <copyright>Copyright (c) 1996-2012 Texas Instruments Incorporated</copyright>
   <link_time>0x5e80f49e</link_time>
   <output_file>biosproj2_96.out</output_file>
   <entry_point>
      <name>_c_int00</name>
      <address>0xe4f9</address>
   </entry_point>
   <input_file_list>
      <input_file id="fl-2">
         <path>.\</path>
         <kind>object</kind>
         <file>FFT.obj</file>
         <name>FFT.obj</name>
      </input_file>
      <input_file id="fl-3">
         <path>.\</path>
         <kind>object</kind>
         <file>FFT_data.obj</file>
         <name>FFT_data.obj</name>
      </input_file>
      <input_file id="fl-4">
         <path>.\</path>
         <kind>object</kind>
         <file>aic3204.obj</file>
         <name>aic3204.obj</name>
      </input_file>
      <input_file id="fl-5">
         <path>.\</path>
         <kind>object</kind>
         <file>audioProcessing.obj</file>
         <name>audioProcessing.obj</name>
      </input_file>
      <input_file id="fl-6">
         <path>.\</path>
         <kind>object</kind>
         <file>ezdsp5502.obj</file>
         <name>ezdsp5502.obj</name>
      </input_file>
      <input_file id="fl-7">
         <path>.\</path>
         <kind>object</kind>
         <file>ezdsp5502_gpio.obj</file>
         <name>ezdsp5502_gpio.obj</name>
      </input_file>
      <input_file id="fl-8">
         <path>.\</path>
         <kind>object</kind>
         <file>ezdsp5502_i2c.obj</file>
         <name>ezdsp5502_i2c.obj</name>
      </input_file>
      <input_file id="fl-9">
         <path>.\</path>
         <kind>object</kind>
         <file>ezdsp5502_i2cgpio.obj</file>
         <name>ezdsp5502_i2cgpio.obj</name>
      </input_file>
      <input_file id="fl-a">
         <path>.\</path>
         <kind>object</kind>
         <file>ezdsp5502_mcbsp.obj</file>
         <name>ezdsp5502_mcbsp.obj</name>
      </input_file>
      <input_file id="fl-b">
         <path>.\</path>
         <kind>object</kind>
         <file>hellocfg.obj</file>
         <name>hellocfg.obj</name>
      </input_file>
      <input_file id="fl-c">
         <path>.\</path>
         <kind>object</kind>
         <file>hellocfg_c.obj</file>
         <name>hellocfg_c.obj</name>
      </input_file>
      <input_file id="fl-d">
         <path>.\</path>
         <kind>object</kind>
         <file>main.obj</file>
         <name>main.obj</name>
      </input_file>
      <input_file id="fl-e">
         <path>.\</path>
         <kind>object</kind>
         <file>myfir.obj</file>
         <name>myfir.obj</name>
      </input_file>
      <input_file id="fl-f">
         <path>.\</path>
         <kind>object</kind>
         <file>nco.obj</file>
         <name>nco.obj</name>
      </input_file>
      <input_file id="fl-10">
         <path>.\</path>
         <kind>object</kind>
         <file>rtGetInf.obj</file>
         <name>rtGetInf.obj</name>
      </input_file>
      <input_file id="fl-11">
         <path>.\</path>
         <kind>object</kind>
         <file>rtGetNaN.obj</file>
         <name>rtGetNaN.obj</name>
      </input_file>
      <input_file id="fl-12">
         <path>.\</path>
         <kind>object</kind>
         <file>rt_nonfinite.obj</file>
         <name>rt_nonfinite.obj</name>
      </input_file>
      <input_file id="fl-32">
         <path>C:\ti\bios_5_42_01_09\packages\ti\bios\lib\</path>
         <kind>archive</kind>
         <file>bios.a55L</file>
         <name>biosdata.o55L</name>
      </input_file>
      <input_file id="fl-33">
         <path>C:\ti\bios_5_42_01_09\packages\ti\bios\lib\</path>
         <kind>archive</kind>
         <file>bios.a55L</file>
         <name>knl_swit.o55L</name>
      </input_file>
      <input_file id="fl-34">
         <path>C:\ti\bios_5_42_01_09\packages\ti\bios\lib\</path>
         <kind>archive</kind>
         <file>bios.a55L</file>
         <name>swi.o55L</name>
      </input_file>
      <input_file id="fl-35">
         <path>C:\ti\bios_5_42_01_09\packages\ti\bios\lib\</path>
         <kind>archive</kind>
         <file>bios5502.a55L</file>
         <name>clk5502_htime.o55L</name>
      </input_file>
      <input_file id="fl-36">
         <path>C:\ti\bios_5_42_01_09\packages\ti\bios\lib\</path>
         <kind>archive</kind>
         <file>bios.a55L</file>
         <name>clk_run.o55L</name>
      </input_file>
      <input_file id="fl-37">
         <path>C:\ti\bios_5_42_01_09\packages\ti\bios\lib\</path>
         <kind>archive</kind>
         <file>bios.a55L</file>
         <name>fxn_c.o55L</name>
      </input_file>
      <input_file id="fl-38">
         <path>C:\ti\bios_5_42_01_09\packages\ti\bios\lib\</path>
         <kind>archive</kind>
         <file>bios.a55L</file>
         <name>idl_stub.o55L</name>
      </input_file>
      <input_file id="fl-39">
         <path>C:\ti\bios_5_42_01_09\packages\ti\bios\lib\</path>
         <kind>archive</kind>
         <file>bios.a55L</file>
         <name>utl_doab.o55L</name>
      </input_file>
      <input_file id="fl-3a">
         <path>C:\ti\bios_5_42_01_09\packages\ti\bios\lib\</path>
         <kind>archive</kind>
         <file>bios.a55L</file>
         <name>utl_doer.o55L</name>
      </input_file>
      <input_file id="fl-3b">
         <path>C:\ti\bios_5_42_01_09\packages\ti\bios\lib\</path>
         <kind>archive</kind>
         <file>bios.a55L</file>
         <name>utl_putc.o55L</name>
      </input_file>
      <input_file id="fl-3c">
         <path>C:\ti\bios_5_42_01_09\packages\ti\bios\lib\</path>
         <kind>archive</kind>
         <file>bios.a55L</file>
         <name>utl_halt.o55L</name>
      </input_file>
      <input_file id="fl-3d">
         <path>C:\ti\bios_5_42_01_09\packages\ti\bios\lib\</path>
         <kind>archive</kind>
         <file>bios5502.a55L</file>
         <name>clk_isr.o55L</name>
      </input_file>
      <input_file id="fl-3e">
         <path>C:\ti\bios_5_42_01_09\packages\ti\bios\lib\</path>
         <kind>archive</kind>
         <file>bios.a55L</file>
         <name>clk_itime.o55L</name>
      </input_file>
      <input_file id="fl-3f">
         <path>C:\ti\bios_5_42_01_09\packages\ti\bios\lib\</path>
         <kind>archive</kind>
         <file>bios.a55L</file>
         <name>fxn.o55L</name>
      </input_file>
      <input_file id="fl-40">
         <path>C:\ti\bios_5_42_01_09\packages\ti\bios\lib\</path>
         <kind>archive</kind>
         <file>bios.a55L</file>
         <name>boot.o55L</name>
      </input_file>
      <input_file id="fl-41">
         <path>C:\ti\bios_5_42_01_09\packages\ti\bios\lib\</path>
         <kind>archive</kind>
         <file>bios.a55L</file>
         <name>trc.o55L</name>
      </input_file>
      <input_file id="fl-42">
         <path>C:\ti\bios_5_42_01_09\packages\ti\bios\lib\</path>
         <kind>archive</kind>
         <file>bios.a55L</file>
         <name>hwi_disp_asm.o55L</name>
      </input_file>
      <input_file id="fl-43">
         <path>C:\ti\bios_5_42_01_09\packages\ti\bios\lib\</path>
         <kind>archive</kind>
         <file>bios.a55L</file>
         <name>idl_busy.o55L</name>
      </input_file>
      <input_file id="fl-44">
         <path>C:\ti\bios_5_42_01_09\packages\ti\bios\lib\</path>
         <kind>archive</kind>
         <file>bios.a55L</file>
         <name>idl.o55L</name>
      </input_file>
      <input_file id="fl-45">
         <path>C:\ti\bios_5_42_01_09\packages\ti\bios\lib\</path>
         <kind>archive</kind>
         <file>lnkrtdx.a55L</file>
         <name>rtdx.o55L</name>
      </input_file>
      <input_file id="fl-46">
         <path>C:\ti\bios_5_42_01_09\packages\ti\bios\lib\</path>
         <kind>archive</kind>
         <file>bios.a55L</file>
         <name>log.o55L</name>
      </input_file>
      <input_file id="fl-47">
         <path>C:\ti\bios_5_42_01_09\packages\ti\bios\lib\</path>
         <kind>archive</kind>
         <file>bios.a55L</file>
         <name>pip.o55L</name>
      </input_file>
      <input_file id="fl-48">
         <path>C:\ti\bios_5_42_01_09\packages\ti\bios\lib\</path>
         <kind>archive</kind>
         <file>bios.a55L</file>
         <name>prd.o55L</name>
      </input_file>
      <input_file id="fl-49">
         <path>C:\ti\bios_5_42_01_09\packages\ti\bios\lib\</path>
         <kind>archive</kind>
         <file>bios.a55L</file>
         <name>rta.o55L</name>
      </input_file>
      <input_file id="fl-4a">
         <path>C:\ti\bios_5_42_01_09\packages\ti\bios\lib\</path>
         <kind>archive</kind>
         <file>bios.a55L</file>
         <name>sts.o55L</name>
      </input_file>
      <input_file id="fl-4b">
         <path>C:\ti\bios_5_42_01_09\packages\ti\bios\lib\</path>
         <kind>archive</kind>
         <file>bios.a55L</file>
         <name>c55_enable.o55L</name>
      </input_file>
      <input_file id="fl-4c">
         <path>C:\ti\bios_5_42_01_09\packages\ti\bios\lib\</path>
         <kind>archive</kind>
         <file>bios.a55L</file>
         <name>c55_c.o55L</name>
      </input_file>
      <input_file id="fl-4d">
         <path>C:\ti\bios_5_42_01_09\packages\ti\bios\lib\</path>
         <kind>archive</kind>
         <file>bios.a55L</file>
         <name>clk_data.o55L</name>
      </input_file>
      <input_file id="fl-4e">
         <path>C:\ti\bios_5_42_01_09\packages\ti\bios\lib\</path>
         <kind>archive</kind>
         <file>bios.a55L</file>
         <name>clk_data2.o55L</name>
      </input_file>
      <input_file id="fl-4f">
         <path>C:\ti\bios_5_42_01_09\packages\ti\bios\lib\</path>
         <kind>archive</kind>
         <file>bios5502.a55L</file>
         <name>clk5502_start.o55L</name>
      </input_file>
      <input_file id="fl-50">
         <path>C:\ti\bios_5_42_01_09\packages\ti\bios\lib\</path>
         <kind>archive</kind>
         <file>bios5502.a55L</file>
         <name>clk5502_startHtime.o55L</name>
      </input_file>
      <input_file id="fl-51">
         <path>C:\ti\bios_5_42_01_09\packages\ti\bios\lib\</path>
         <kind>archive</kind>
         <file>bios5502.a55L</file>
         <name>clk5502_wdog.o55L</name>
      </input_file>
      <input_file id="fl-52">
         <path>C:\Users\alexa_000\Desktop\ECEN 498-DSP\ezdsp5502_v1\C55xxCSL\lib\</path>
         <kind>archive</kind>
         <file>csl5502x.lib</file>
         <name>csl.obj</name>
      </input_file>
      <input_file id="fl-53">
         <path>C:\Users\alexa_000\Desktop\ECEN 498-DSP\ezdsp5502_v1\C55xxCSL\lib\</path>
         <kind>archive</kind>
         <file>csl5502x.lib</file>
         <name>csl_gpiodat.obj</name>
      </input_file>
      <input_file id="fl-54">
         <path>C:\Users\alexa_000\Desktop\ECEN 498-DSP\ezdsp5502_v1\C55xxCSL\lib\</path>
         <kind>archive</kind>
         <file>csl5502x.lib</file>
         <name>csl_csldat.obj</name>
      </input_file>
      <input_file id="fl-55">
         <path>C:\ti\bios_5_42_01_09\packages\ti\bios\lib\</path>
         <kind>archive</kind>
         <file>bios.a55L</file>
         <name>gbl_vers.o55L</name>
      </input_file>
      <input_file id="fl-56">
         <path>C:\ti\bios_5_42_01_09\packages\ti\bios\lib\</path>
         <kind>archive</kind>
         <file>bios.a55L</file>
         <name>hwi_xable.o55L</name>
      </input_file>
      <input_file id="fl-57">
         <path>C:\Users\alexa_000\Desktop\ECEN 498-DSP\ezdsp5502_v1\C55xxCSL\lib\</path>
         <kind>archive</kind>
         <file>csl5502x.lib</file>
         <name>i2c_read.obj</name>
      </input_file>
      <input_file id="fl-58">
         <path>C:\Users\alexa_000\Desktop\ECEN 498-DSP\ezdsp5502_v1\C55xxCSL\lib\</path>
         <kind>archive</kind>
         <file>csl5502x.lib</file>
         <name>i2c_write.obj</name>
      </input_file>
      <input_file id="fl-59">
         <path>C:\ti\bios_5_42_01_09\packages\ti\bios\lib\</path>
         <kind>archive</kind>
         <file>bios.a55L</file>
         <name>idl_cal.o55L</name>
      </input_file>
      <input_file id="fl-5a">
         <path>C:\ti\bios_5_42_01_09\packages\ti\bios\lib\</path>
         <kind>archive</kind>
         <file>bios5502.a55L</file>
         <name>clk5502_meas.o55L</name>
      </input_file>
      <input_file id="fl-5b">
         <path>C:\Users\alexa_000\Desktop\ECEN 498-DSP\ezdsp5502_v1\C55xxCSL\lib\</path>
         <kind>archive</kind>
         <file>csl5502x.lib</file>
         <name>irq_gdisab.obj</name>
      </input_file>
      <input_file id="fl-5c">
         <path>C:\Users\alexa_000\Desktop\ECEN 498-DSP\ezdsp5502_v1\C55xxCSL\lib\</path>
         <kind>archive</kind>
         <file>csl5502x.lib</file>
         <name>irq_grest.obj</name>
      </input_file>
      <input_file id="fl-5d">
         <path>C:\ti\bios_5_42_01_09\packages\ti\bios\lib\</path>
         <kind>archive</kind>
         <file>bios.a55L</file>
         <name>knl_exit.o55L</name>
      </input_file>
      <input_file id="fl-5e">
         <path>C:\ti\bios_5_42_01_09\packages\ti\bios\lib\</path>
         <kind>archive</kind>
         <file>bios.a55L</file>
         <name>knl_chec.o55L</name>
      </input_file>
      <input_file id="fl-5f">
         <path>C:\ti\bios_5_42_01_09\packages\ti\bios\lib\</path>
         <kind>archive</kind>
         <file>bios.a55L</file>
         <name>knl.o55L</name>
      </input_file>
      <input_file id="fl-60">
         <path>C:\ti\bios_5_42_01_09\packages\ti\bios\lib\</path>
         <kind>archive</kind>
         <file>bios.a55L</file>
         <name>knl_run.o55L</name>
      </input_file>
      <input_file id="fl-61">
         <path>C:\ti\bios_5_42_01_09\packages\ti\bios\lib\</path>
         <kind>archive</kind>
         <file>bios.a55L</file>
         <name>knl_tick.o55L</name>
      </input_file>
      <input_file id="fl-62">
         <path>C:\ti\bios_5_42_01_09\packages\ti\bios\lib\</path>
         <kind>archive</kind>
         <file>bios.a55L</file>
         <name>knl_post.o55L</name>
      </input_file>
      <input_file id="fl-63">
         <path>C:\ti\bios_5_42_01_09\packages\ti\bios\lib\</path>
         <kind>archive</kind>
         <file>bios.a55L</file>
         <name>knl_ipos.o55L</name>
      </input_file>
      <input_file id="fl-64">
         <path>C:\ti\bios_5_42_01_09\packages\ti\bios\lib\</path>
         <kind>archive</kind>
         <file>bios.a55L</file>
         <name>mbx.o55L</name>
      </input_file>
      <input_file id="fl-65">
         <path>C:\Users\alexa_000\Desktop\ECEN 498-DSP\ezdsp5502_v1\C55xxCSL\lib\</path>
         <kind>archive</kind>
         <file>csl5502x.lib</file>
         <name>mcbsp_cls.obj</name>
      </input_file>
      <input_file id="fl-66">
         <path>C:\Users\alexa_000\Desktop\ECEN 498-DSP\ezdsp5502_v1\C55xxCSL\lib\</path>
         <kind>archive</kind>
         <file>csl5502x.lib</file>
         <name>mcbsp_cfg.obj</name>
      </input_file>
      <input_file id="fl-67">
         <path>C:\Users\alexa_000\Desktop\ECEN 498-DSP\ezdsp5502_v1\C55xxCSL\lib\</path>
         <kind>archive</kind>
         <file>csl5502x.lib</file>
         <name>mcbsp_open.obj</name>
      </input_file>
      <input_file id="fl-68">
         <path>C:\Users\alexa_000\Desktop\ECEN 498-DSP\ezdsp5502_v1\C55xxCSL\lib\</path>
         <kind>archive</kind>
         <file>csl5502x.lib</file>
         <name>csl_mcbspdat.obj</name>
      </input_file>
      <input_file id="fl-69">
         <path>C:\Users\alexa_000\Desktop\ECEN 498-DSP\ezdsp5502_v1\C55xxCSL\lib\</path>
         <kind>archive</kind>
         <file>csl5502x.lib</file>
         <name>mcbsp_rst.obj</name>
      </input_file>
      <input_file id="fl-6a">
         <path>C:\Users\alexa_000\Desktop\ECEN 498-DSP\ezdsp5502_v1\C55xxCSL\lib\</path>
         <kind>archive</kind>
         <file>csl5502x.lib</file>
         <name>mcbsp_start.obj</name>
      </input_file>
      <input_file id="fl-6b">
         <path>C:\ti\bios_5_42_01_09\packages\ti\bios\lib\</path>
         <kind>archive</kind>
         <file>bios.a55L</file>
         <name>mem_asm.o55L</name>
      </input_file>
      <input_file id="fl-6c">
         <path>C:\ti\bios_5_42_01_09\packages\ti\bios\lib\</path>
         <kind>archive</kind>
         <file>bios.a55L</file>
         <name>mem_init.o55L</name>
      </input_file>
      <input_file id="fl-6d">
         <path>C:\ti\bios_5_42_01_09\packages\ti\bios\lib\</path>
         <kind>archive</kind>
         <file>bios.a55L</file>
         <name>obj_init.o55L</name>
      </input_file>
      <input_file id="fl-6e">
         <path>C:\ti\bios_5_42_01_09\packages\ti\bios\lib\</path>
         <kind>archive</kind>
         <file>bios.a55L</file>
         <name>rtdx_data.o55L</name>
      </input_file>
      <input_file id="fl-6f">
         <path>C:\ti\bios_5_42_01_09\packages\ti\rtdx\lib\c5500\</path>
         <kind>archive</kind>
         <file>rtdxx.lib</file>
         <name>buffer2.o55L</name>
      </input_file>
      <input_file id="fl-70">
         <path>C:\ti\bios_5_42_01_09\packages\ti\rtdx\lib\c5500\</path>
         <kind>archive</kind>
         <file>rtdxx.lib</file>
         <name>buffer1.o55L</name>
      </input_file>
      <input_file id="fl-71">
         <path>C:\ti\bios_5_42_01_09\packages\ti\rtdx\lib\c5500\</path>
         <kind>archive</kind>
         <file>rtdxx.lib</file>
         <name>rtdx_mon.o55L</name>
      </input_file>
      <input_file id="fl-72">
         <path>C:\ti\bios_5_42_01_09\packages\ti\rtdx\lib\c5500\</path>
         <kind>archive</kind>
         <file>rtdxx.lib</file>
         <name>intr_tgt.o55L</name>
      </input_file>
      <input_file id="fl-73">
         <path>C:\ti\bios_5_42_01_09\packages\ti\bios\lib\</path>
         <kind>archive</kind>
         <file>bios.a55L</file>
         <name>sem_pend_counting.o55L</name>
      </input_file>
      <input_file id="fl-74">
         <path>C:\ti\bios_5_42_01_09\packages\ti\bios\lib\</path>
         <kind>archive</kind>
         <file>bios.a55L</file>
         <name>sem_pend.o55L</name>
      </input_file>
      <input_file id="fl-75">
         <path>C:\ti\bios_5_42_01_09\packages\ti\bios\lib\</path>
         <kind>archive</kind>
         <file>bios.a55L</file>
         <name>sem_post_asm.o55L</name>
      </input_file>
      <input_file id="fl-76">
         <path>C:\ti\bios_5_42_01_09\packages\ti\bios\lib\</path>
         <kind>archive</kind>
         <file>bios.a55L</file>
         <name>sem_post.o55L</name>
      </input_file>
      <input_file id="fl-77">
         <path>C:\ti\bios_5_42_01_09\packages\ti\bios\lib\</path>
         <kind>archive</kind>
         <file>bios.a55L</file>
         <name>sts_set.o55L</name>
      </input_file>
      <input_file id="fl-78">
         <path>C:\ti\bios_5_42_01_09\packages\ti\bios\lib\</path>
         <kind>archive</kind>
         <file>bios.a55L</file>
         <name>tsk.o55L</name>
      </input_file>
      <input_file id="fl-79">
         <path>C:\ti\bios_5_42_01_09\packages\ti\bios\lib\</path>
         <kind>archive</kind>
         <file>bios.a55L</file>
         <name>tsk_exit.o55L</name>
      </input_file>
      <input_file id="fl-7a">
         <path>C:\ti\bios_5_42_01_09\packages\ti\bios\lib\</path>
         <kind>archive</kind>
         <file>bios.a55L</file>
         <name>sys_exit.o55L</name>
      </input_file>
      <input_file id="fl-7b">
         <path>C:\ti\bios_5_42_01_09\packages\ti\bios\lib\</path>
         <kind>archive</kind>
         <file>bios.a55L</file>
         <name>sys.o55L</name>
      </input_file>
      <input_file id="fl-7c">
         <path>C:\ti\bios_5_42_01_09\packages\ti\bios\lib\</path>
         <kind>archive</kind>
         <file>bios.a55L</file>
         <name>tsk_init.o55L</name>
      </input_file>
      <input_file id="fl-7d">
         <path>C:\ti\bios_5_42_01_09\packages\ti\bios\lib\</path>
         <kind>archive</kind>
         <file>bios.a55L</file>
         <name>tsk_setu.o55L</name>
      </input_file>
      <input_file id="fl-7e">
         <path>C:\ti\bios_5_42_01_09\packages\ti\bios\lib\</path>
         <kind>archive</kind>
         <file>bios.a55L</file>
         <name>tsk_stup.o55L</name>
      </input_file>
      <input_file id="fl-7f">
         <path>C:\ti\bios_5_42_01_09\packages\ti\bios\lib\</path>
         <kind>archive</kind>
         <file>bios.a55L</file>
         <name>lck.o55L</name>
      </input_file>
      <input_file id="fl-80">
         <path>C:\ti\bios_5_42_01_09\packages\ti\bios\lib\</path>
         <kind>archive</kind>
         <file>bios.a55L</file>
         <name>sys_abor.o55L</name>
      </input_file>
      <input_file id="fl-81">
         <path>C:\Users\alexa_000\Desktop\ECEN 498-DSP\ezdsp5502_v1\C55xxCSL\lib\</path>
         <kind>archive</kind>
         <file>csl5502x.lib</file>
         <name>_csl_init.obj</name>
      </input_file>
      <input_file id="fl-82">
         <path>C:\ti\bios_5_42_01_09\packages\ti\bios\lib\</path>
         <kind>archive</kind>
         <file>bios.a55L</file>
         <name>sem_dopo.o55L</name>
      </input_file>
      <input_file id="fl-83">
         <path>C:\ti\ccsv6\tools\compiler\c5500_4.4.1\lib\</path>
         <kind>archive</kind>
         <file>rts55x.lib</file>
         <name>addd.obj</name>
      </input_file>
      <input_file id="fl-84">
         <path>C:\ti\ccsv6\tools\compiler\c5500_4.4.1\lib\</path>
         <kind>archive</kind>
         <file>rts55x.lib</file>
         <name>cmpd.obj</name>
      </input_file>
      <input_file id="fl-85">
         <path>C:\ti\ccsv6\tools\compiler\c5500_4.4.1\lib\</path>
         <kind>archive</kind>
         <file>rts55x.lib</file>
         <name>divd.obj</name>
      </input_file>
      <input_file id="fl-86">
         <path>C:\ti\ccsv6\tools\compiler\c5500_4.4.1\lib\</path>
         <kind>archive</kind>
         <file>rts55x.lib</file>
         <name>fixdi.obj</name>
      </input_file>
      <input_file id="fl-87">
         <path>C:\ti\ccsv6\tools\compiler\c5500_4.4.1\lib\</path>
         <kind>archive</kind>
         <file>rts55x.lib</file>
         <name>fixdli.obj</name>
      </input_file>
      <input_file id="fl-88">
         <path>C:\ti\ccsv6\tools\compiler\c5500_4.4.1\lib\</path>
         <kind>archive</kind>
         <file>rts55x.lib</file>
         <name>fltid.obj</name>
      </input_file>
      <input_file id="fl-89">
         <path>C:\ti\ccsv6\tools\compiler\c5500_4.4.1\lib\</path>
         <kind>archive</kind>
         <file>rts55x.lib</file>
         <name>fltlid.obj</name>
      </input_file>
      <input_file id="fl-8a">
         <path>C:\ti\ccsv6\tools\compiler\c5500_4.4.1\lib\</path>
         <kind>archive</kind>
         <file>rts55x.lib</file>
         <name>frcmpyd_div.obj</name>
      </input_file>
      <input_file id="fl-8b">
         <path>C:\ti\ccsv6\tools\compiler\c5500_4.4.1\lib\</path>
         <kind>archive</kind>
         <file>rts55x.lib</file>
         <name>mpyd.obj</name>
      </input_file>
      <input_file id="fl-8c">
         <path>C:\ti\ccsv6\tools\compiler\c5500_4.4.1\lib\</path>
         <kind>archive</kind>
         <file>rts55x.lib</file>
         <name>frcmpyd.obj</name>
      </input_file>
      <input_file id="fl-8d">
         <path>C:\ti\ccsv6\tools\compiler\c5500_4.4.1\lib\</path>
         <kind>archive</kind>
         <file>rts55x.lib</file>
         <name>lmpy.obj</name>
      </input_file>
      <input_file id="fl-8e">
         <path>C:\ti\ccsv6\tools\compiler\c5500_4.4.1\lib\</path>
         <kind>archive</kind>
         <file>rts55x.lib</file>
         <name>negd.obj</name>
      </input_file>
      <input_file id="fl-8f">
         <path>C:\ti\ccsv6\tools\compiler\c5500_4.4.1\lib\</path>
         <kind>archive</kind>
         <file>rts55x.lib</file>
         <name>_lock.obj</name>
      </input_file>
      <input_file id="fl-90">
         <path>C:\ti\ccsv6\tools\compiler\c5500_4.4.1\lib\</path>
         <kind>archive</kind>
         <file>rts55x.lib</file>
         <name>subd.obj</name>
      </input_file>
      <input_file id="fl-91">
         <path>C:\ti\ccsv6\tools\compiler\c5500_4.4.1\lib\</path>
         <kind>archive</kind>
         <file>rts55x.lib</file>
         <name>atexit.obj</name>
      </input_file>
      <input_file id="fl-92">
         <path>C:\ti\ccsv6\tools\compiler\c5500_4.4.1\lib\</path>
         <kind>archive</kind>
         <file>rts55x.lib</file>
         <name>sinit.obj</name>
      </input_file>
      <input_file id="fl-93">
         <path>C:\ti\ccsv6\tools\compiler\c5500_4.4.1\lib\</path>
         <kind>archive</kind>
         <file>rts55x.lib</file>
         <name>exit.obj</name>
      </input_file>
      <input_file id="fl-94">
         <path>C:\ti\bios_5_42_01_09\packages\ti\bios\lib\</path>
         <kind>archive</kind>
         <file>bios.a55L</file>
         <name>autoinit.o55L</name>
      </input_file>
      <input_file id="fl-95">
         <path>C:\ti\ccsv6\tools\compiler\c5500_4.4.1\lib\</path>
         <kind>archive</kind>
         <file>rts55x.lib</file>
         <name>memcpy.obj</name>
      </input_file>
      <input_file id="fl-96">
         <path>C:\ti\ccsv6\tools\compiler\c5500_4.4.1\lib\</path>
         <kind>archive</kind>
         <file>rts55x.lib</file>
         <name>modf.obj</name>
      </input_file>
      <input_file id="fl-97">
         <path>C:\ti\ccsv6\tools\compiler\c5500_4.4.1\lib\</path>
         <kind>archive</kind>
         <file>rts55x.lib</file>
         <name>sqrt.obj</name>
      </input_file>
      <input_file id="fl-98">
         <path>C:\ti\ccsv6\tools\compiler\c5500_4.4.1\lib\</path>
         <kind>archive</kind>
         <file>rts55x.lib</file>
         <name>errno.obj</name>
      </input_file>
      <input_file id="fl-99">
         <path>C:\ti\ccsv6\tools\compiler\c5500_4.4.1\lib\</path>
         <kind>archive</kind>
         <file>rts55x.lib</file>
         <name>frexp.obj</name>
      </input_file>
      <input_file id="fl-9a">
         <path>C:\ti\ccsv6\tools\compiler\c5500_4.4.1\lib\</path>
         <kind>archive</kind>
         <file>rts55x.lib</file>
         <name>ldexp.obj</name>
      </input_file>
      <input_file id="fl-9b">
         <path>C:\ti\bios_5_42_01_09\packages\ti\bios\lib\</path>
         <kind>archive</kind>
         <file>bios.a55L</file>
         <name>rta_andn.o55L</name>
      </input_file>
   </input_file_list>
   <object_component_list>
      <object_component id="oc-a5">
         <name>.vers</name>
         <load_address>0x0</load_address>
         <run_address>0x0</run_address>
         <size>0x78</size>
         <input_file_ref idref="fl-b"/>
      </object_component>
      <object_component id="oc-91">
         <name>.clk</name>
         <uninitialized>true</uninitialized>
         <run_address>0xcbf8</run_address>
         <size>0x8</size>
         <input_file_ref idref="fl-b"/>
      </object_component>
      <object_component id="oc-97">
         <name>.swi</name>
         <uninitialized>true</uninitialized>
         <run_address>0xf14c</run_address>
         <size>0x50</size>
         <input_file_ref idref="fl-b"/>
      </object_component>
      <object_component id="oc-9a">
         <name>.tsk</name>
         <uninitialized>true</uninitialized>
         <run_address>0xecf0</run_address>
         <size>0x160</size>
         <input_file_ref idref="fl-b"/>
      </object_component>
      <object_component id="oc-9f">
         <name>.idl</name>
         <uninitialized>true</uninitialized>
         <run_address>0xf1f8</run_address>
         <size>0x14</size>
         <input_file_ref idref="fl-b"/>
      </object_component>
      <object_component id="oc-9e">
         <name>.idlcal</name>
         <uninitialized>true</uninitialized>
         <run_address>0xf20c</run_address>
         <size>0x14</size>
         <input_file_ref idref="fl-b"/>
      </object_component>
      <object_component id="oc-51">
         <name>.bss</name>
         <uninitialized>true</uninitialized>
         <run_address>0x692c</run_address>
         <size>0x28</size>
         <input_file_ref idref="fl-b"/>
      </object_component>
      <object_component id="oc-5c">
         <name>.bss</name>
         <uninitialized>true</uninitialized>
         <run_address>0x6170</run_address>
         <size>0x404</size>
         <input_file_ref idref="fl-2"/>
      </object_component>
      <object_component id="oc-6a">
         <name>.bss</name>
         <uninitialized>true</uninitialized>
         <run_address>0x5628</run_address>
         <size>0x73e</size>
         <input_file_ref idref="fl-5"/>
      </object_component>
      <object_component id="oc-76">
         <name>.bss</name>
         <uninitialized>true</uninitialized>
         <run_address>0x697c</run_address>
         <size>0x10</size>
         <input_file_ref idref="fl-7"/>
      </object_component>
      <object_component id="oc-86">
         <name>.bss</name>
         <uninitialized>true</uninitialized>
         <run_address>0x69d0</run_address>
         <size>0x4</size>
         <input_file_ref idref="fl-a"/>
      </object_component>
      <object_component id="oc-ac">
         <name>.bss</name>
         <uninitialized>true</uninitialized>
         <run_address>0x69a4</run_address>
         <size>0xa</size>
         <input_file_ref idref="fl-d"/>
      </object_component>
      <object_component id="oc-b8">
         <name>.bss</name>
         <uninitialized>true</uninitialized>
         <run_address>0x5d68</run_address>
         <size>0x408</size>
         <input_file_ref idref="fl-f"/>
      </object_component>
      <object_component id="oc-ca">
         <name>.bss</name>
         <uninitialized>true</uninitialized>
         <run_address>0x6954</run_address>
         <size>0x18</size>
         <input_file_ref idref="fl-12"/>
      </object_component>
      <object_component id="oc-ef">
         <name>.bss</name>
         <uninitialized>true</uninitialized>
         <run_address>0x698c</run_address>
         <size>0xc</size>
         <input_file_ref idref="fl-3b"/>
      </object_component>
      <object_component id="oc-13f">
         <name>.bss</name>
         <uninitialized>true</uninitialized>
         <run_address>0x69b0</run_address>
         <size>0x8</size>
         <input_file_ref idref="fl-4d"/>
      </object_component>
      <object_component id="oc-143">
         <name>.bss</name>
         <uninitialized>true</uninitialized>
         <run_address>0x69c8</run_address>
         <size>0x4</size>
         <input_file_ref idref="fl-4e"/>
      </object_component>
      <object_component id="oc-175">
         <name>.bss</name>
         <uninitialized>true</uninitialized>
         <run_address>0x66f8</run_address>
         <size>0x114</size>
         <input_file_ref idref="fl-5f"/>
      </object_component>
      <object_component id="oc-17e">
         <name>.bss</name>
         <uninitialized>true</uninitialized>
         <run_address>0x696c</run_address>
         <size>0x10</size>
         <input_file_ref idref="fl-61"/>
      </object_component>
      <object_component id="oc-197">
         <name>.bss</name>
         <uninitialized>true</uninitialized>
         <run_address>0x69cc</run_address>
         <size>0x4</size>
         <input_file_ref idref="fl-6b"/>
      </object_component>
      <object_component id="oc-19f">
         <name>.bss</name>
         <uninitialized>true</uninitialized>
         <run_address>0x68bc</run_address>
         <size>0x46</size>
         <input_file_ref idref="fl-6d"/>
      </object_component>
      <object_component id="oc-1a9">
         <name>.bss</name>
         <uninitialized>true</uninitialized>
         <run_address>0x6998</run_address>
         <size>0xc</size>
         <input_file_ref idref="fl-70"/>
      </object_component>
      <object_component id="oc-1c5">
         <name>.bss</name>
         <uninitialized>true</uninitialized>
         <run_address>0x680c</run_address>
         <size>0x60</size>
         <input_file_ref idref="fl-78"/>
      </object_component>
      <object_component id="oc-1d3">
         <name>.bss</name>
         <uninitialized>true</uninitialized>
         <run_address>0x6904</run_address>
         <size>0x28</size>
         <input_file_ref idref="fl-7b"/>
      </object_component>
      <object_component id="oc-1e1">
         <name>.bss</name>
         <uninitialized>true</uninitialized>
         <run_address>0x686c</run_address>
         <size>0x50</size>
         <input_file_ref idref="fl-7e"/>
      </object_component>
      <object_component id="oc-227">
         <name>.bss</name>
         <uninitialized>true</uninitialized>
         <run_address>0x69b8</run_address>
         <size>0x8</size>
         <input_file_ref idref="fl-8f"/>
      </object_component>
      <object_component id="oc-231">
         <name>.bss</name>
         <uninitialized>true</uninitialized>
         <run_address>0x6574</run_address>
         <size>0x184</size>
         <input_file_ref idref="fl-91"/>
      </object_component>
      <object_component id="oc-237">
         <name>.bss</name>
         <uninitialized>true</uninitialized>
         <run_address>0x69d4</run_address>
         <size>0x4</size>
         <input_file_ref idref="fl-92"/>
      </object_component>
      <object_component id="oc-23d">
         <name>.bss</name>
         <uninitialized>true</uninitialized>
         <run_address>0x69c0</run_address>
         <size>0x8</size>
         <input_file_ref idref="fl-93"/>
      </object_component>
      <object_component id="oc-255">
         <name>.bss</name>
         <uninitialized>true</uninitialized>
         <run_address>0x5d66</run_address>
         <size>0x2</size>
         <input_file_ref idref="fl-98"/>
      </object_component>
      <object_component id="oc-10c">
         <name>.hwi_disp_sec</name>
         <uninitialized>true</uninitialized>
         <run_address>0xca78</run_address>
         <size>0x180</size>
         <input_file_ref idref="fl-42"/>
      </object_component>
      <object_component id="oc-cf">
         <name>.sysdata</name>
         <uninitialized>true</uninitialized>
         <run_address>0xe9c4</run_address>
         <size>0x160</size>
         <input_file_ref idref="fl-32"/>
      </object_component>
      <object_component id="oc-111">
         <name>.sysdata</name>
         <uninitialized>true</uninitialized>
         <run_address>0xeb5c</run_address>
         <size>0x4</size>
         <input_file_ref idref="fl-43"/>
      </object_component>
      <object_component id="oc-11b">
         <name>.sysdata</name>
         <uninitialized>true</uninitialized>
         <run_address>0xeb50</run_address>
         <size>0xc</size>
         <input_file_ref idref="fl-45"/>
      </object_component>
      <object_component id="oc-12d">
         <name>.sysdata</name>
         <uninitialized>true</uninitialized>
         <run_address>0xeb24</run_address>
         <size>0x2c</size>
         <input_file_ref idref="fl-49"/>
      </object_component>
      <object_component id="oc-8c">
         <name>.mem</name>
         <uninitialized>true</uninitialized>
         <run_address>0x7d32</run_address>
         <size>0x2</size>
         <input_file_ref idref="fl-b"/>
      </object_component>
      <object_component id="oc-53">
         <name>.bios</name>
         <load_address>0x3544</load_address>
         <run_address>0x3544</run_address>
         <size>0x3d4</size>
         <input_file_ref idref="fl-34"/>
      </object_component>
      <object_component id="oc-11d">
         <name>.bios</name>
         <load_address>0x3918</load_address>
         <run_address>0x3918</run_address>
         <size>0x3a3</size>
         <input_file_ref idref="fl-45"/>
      </object_component>
      <object_component id="oc-10d">
         <name>.bios</name>
         <load_address>0x3cbb</load_address>
         <run_address>0x3cbb</run_address>
         <size>0x35f</size>
         <input_file_ref idref="fl-42"/>
      </object_component>
      <object_component id="oc-14f">
         <name>.bios</name>
         <load_address>0x401a</load_address>
         <run_address>0x401a</run_address>
         <size>0x2</size>
         <input_file_ref idref="fl-51"/>
      </object_component>
      <object_component id="oc-1b5">
         <name>.bios</name>
         <load_address>0x401c</load_address>
         <run_address>0x401c</run_address>
         <size>0x18b</size>
         <input_file_ref idref="fl-74"/>
      </object_component>
      <object_component id="oc-129">
         <name>.bios</name>
         <load_address>0x41a7</load_address>
         <run_address>0x41a7</run_address>
         <size>0x186</size>
         <input_file_ref idref="fl-48"/>
      </object_component>
      <object_component id="oc-17a">
         <name>.bios</name>
         <load_address>0x4330</load_address>
         <run_address>0x4330</run_address>
         <size>0x185</size>
         <input_file_ref idref="fl-60"/>
      </object_component>
      <object_component id="oc-180">
         <name>.bios</name>
         <load_address>0x44b8</load_address>
         <run_address>0x44b8</run_address>
         <size>0x144</size>
         <input_file_ref idref="fl-61"/>
      </object_component>
      <object_component id="oc-12f">
         <name>.bios</name>
         <load_address>0x45fc</load_address>
         <run_address>0x45fc</run_address>
         <size>0x130</size>
         <input_file_ref idref="fl-49"/>
      </object_component>
      <object_component id="oc-125">
         <name>.bios</name>
         <load_address>0x472c</load_address>
         <run_address>0x472c</run_address>
         <size>0x119</size>
         <input_file_ref idref="fl-47"/>
      </object_component>
      <object_component id="oc-4f">
         <name>.bios</name>
         <load_address>0x4845</load_address>
         <run_address>0x4845</run_address>
         <size>0x10e</size>
         <input_file_ref idref="fl-33"/>
      </object_component>
      <object_component id="oc-18c">
         <name>.bios</name>
         <load_address>0x4954</load_address>
         <run_address>0x4954</run_address>
         <size>0x10d</size>
         <input_file_ref idref="fl-64"/>
      </object_component>
      <object_component id="oc-1f1">
         <name>.bios</name>
         <load_address>0x4a64</load_address>
         <run_address>0x4a64</run_address>
         <size>0x104</size>
         <input_file_ref idref="fl-82"/>
      </object_component>
      <object_component id="oc-1cb">
         <name>.bios</name>
         <load_address>0x4b68</load_address>
         <run_address>0x4b68</run_address>
         <size>0xf8</size>
         <input_file_ref idref="fl-79"/>
      </object_component>
      <object_component id="oc-1dc">
         <name>.bios</name>
         <load_address>0x4c60</load_address>
         <run_address>0x4c60</run_address>
         <size>0xf6</size>
         <input_file_ref idref="fl-7d"/>
      </object_component>
      <object_component id="oc-1e3">
         <name>.bios</name>
         <load_address>0x4d58</load_address>
         <run_address>0x4d58</run_address>
         <size>0xbf</size>
         <input_file_ref idref="fl-7e"/>
      </object_component>
      <object_component id="oc-13b">
         <name>.bios</name>
         <load_address>0x4e17</load_address>
         <run_address>0x4e17</run_address>
         <size>0xa2</size>
         <input_file_ref idref="fl-4c"/>
      </object_component>
      <object_component id="oc-171">
         <name>.bios</name>
         <load_address>0x4eb9</load_address>
         <run_address>0x4eb9</run_address>
         <size>0x8d</size>
         <input_file_ref idref="fl-5e"/>
      </object_component>
      <object_component id="oc-f7">
         <name>.bios</name>
         <load_address>0x4f46</load_address>
         <run_address>0x4f46</run_address>
         <size>0x8d</size>
         <input_file_ref idref="fl-3d"/>
      </object_component>
      <object_component id="oc-1b9">
         <name>.bios</name>
         <load_address>0x4fd3</load_address>
         <run_address>0x4fd3</run_address>
         <size>0x82</size>
         <input_file_ref idref="fl-75"/>
      </object_component>
      <object_component id="oc-147">
         <name>.bios</name>
         <load_address>0x5055</load_address>
         <run_address>0x5055</run_address>
         <size>0x6b</size>
         <input_file_ref idref="fl-4f"/>
      </object_component>
      <object_component id="oc-16d">
         <name>.bios</name>
         <load_address>0x50c0</load_address>
         <run_address>0x50c0</run_address>
         <size>0x5f</size>
         <input_file_ref idref="fl-5d"/>
      </object_component>
      <object_component id="oc-188">
         <name>.bios</name>
         <load_address>0x5120</load_address>
         <run_address>0x5120</run_address>
         <size>0x5b</size>
         <input_file_ref idref="fl-63"/>
      </object_component>
      <object_component id="oc-1e8">
         <name>.bios</name>
         <load_address>0x517c</load_address>
         <run_address>0x517c</run_address>
         <size>0x58</size>
         <input_file_ref idref="fl-7f"/>
      </object_component>
      <object_component id="oc-121">
         <name>.bios</name>
         <load_address>0x51d4</load_address>
         <run_address>0x51d4</run_address>
         <size>0x51</size>
         <input_file_ref idref="fl-46"/>
      </object_component>
      <object_component id="oc-1b1">
         <name>.bios</name>
         <load_address>0x5225</load_address>
         <run_address>0x5225</run_address>
         <size>0x4e</size>
         <input_file_ref idref="fl-73"/>
      </object_component>
      <object_component id="oc-1bd">
         <name>.bios</name>
         <load_address>0x5274</load_address>
         <run_address>0x5274</run_address>
         <size>0x48</size>
         <input_file_ref idref="fl-76"/>
      </object_component>
      <object_component id="oc-133">
         <name>.bios</name>
         <load_address>0x52bc</load_address>
         <run_address>0x52bc</run_address>
         <size>0x48</size>
         <input_file_ref idref="fl-4a"/>
      </object_component>
      <object_component id="oc-1cf">
         <name>.bios</name>
         <load_address>0x5304</load_address>
         <run_address>0x5304</run_address>
         <size>0x48</size>
         <input_file_ref idref="fl-7a"/>
      </object_component>
      <object_component id="oc-113">
         <name>.bios</name>
         <load_address>0x534c</load_address>
         <run_address>0x534c</run_address>
         <size>0x47</size>
         <input_file_ref idref="fl-43"/>
      </object_component>
      <object_component id="oc-163">
         <name>.bios</name>
         <load_address>0x5393</load_address>
         <run_address>0x5393</run_address>
         <size>0x46</size>
         <input_file_ref idref="fl-59"/>
      </object_component>
      <object_component id="oc-263">
         <name>.bios</name>
         <load_address>0x53d9</load_address>
         <run_address>0x53d9</run_address>
         <size>0x43</size>
         <input_file_ref idref="fl-9b"/>
      </object_component>
      <object_component id="oc-167">
         <name>.bios</name>
         <load_address>0x541c</load_address>
         <run_address>0x541c</run_address>
         <size>0x40</size>
         <input_file_ref idref="fl-5a"/>
      </object_component>
      <object_component id="oc-54">
         <name>.bios</name>
         <load_address>0x545c</load_address>
         <run_address>0x545c</run_address>
         <size>0x36</size>
         <input_file_ref idref="fl-3b"/>
      </object_component>
      <object_component id="oc-184">
         <name>.bios</name>
         <load_address>0x5494</load_address>
         <run_address>0x5494</run_address>
         <size>0x34</size>
         <input_file_ref idref="fl-62"/>
      </object_component>
      <object_component id="oc-14b">
         <name>.bios</name>
         <load_address>0x54c8</load_address>
         <run_address>0x54c8</run_address>
         <size>0x2c</size>
         <input_file_ref idref="fl-50"/>
      </object_component>
      <object_component id="oc-ff">
         <name>.bios</name>
         <load_address>0x54f4</load_address>
         <run_address>0x54f4</run_address>
         <size>0x25</size>
         <input_file_ref idref="fl-3f"/>
      </object_component>
      <object_component id="oc-5a">
         <name>.bios</name>
         <load_address>0x5519</load_address>
         <run_address>0x5519</run_address>
         <size>0x24</size>
         <input_file_ref idref="fl-38"/>
      </object_component>
      <object_component id="oc-50">
         <name>.bios</name>
         <load_address>0x5540</load_address>
         <run_address>0x5540</run_address>
         <size>0x23</size>
         <input_file_ref idref="fl-39"/>
      </object_component>
      <object_component id="oc-58">
         <name>.bios</name>
         <load_address>0x5564</load_address>
         <run_address>0x5564</run_address>
         <size>0x20</size>
         <input_file_ref idref="fl-3a"/>
      </object_component>
      <object_component id="oc-fb">
         <name>.bios</name>
         <load_address>0x5584</load_address>
         <run_address>0x5584</run_address>
         <size>0x1f</size>
         <input_file_ref idref="fl-3e"/>
      </object_component>
      <object_component id="oc-15d">
         <name>.bios</name>
         <load_address>0x55a4</load_address>
         <run_address>0x55a4</run_address>
         <size>0x1a</size>
         <input_file_ref idref="fl-56"/>
      </object_component>
      <object_component id="oc-56">
         <name>.bios</name>
         <load_address>0x55be</load_address>
         <run_address>0x55be</run_address>
         <size>0x17</size>
         <input_file_ref idref="fl-36"/>
      </object_component>
      <object_component id="oc-1ec">
         <name>.bios</name>
         <load_address>0x55d8</load_address>
         <run_address>0x55d8</run_address>
         <size>0x17</size>
         <input_file_ref idref="fl-80"/>
      </object_component>
      <object_component id="oc-55">
         <name>.bios</name>
         <load_address>0x55ef</load_address>
         <run_address>0x55ef</run_address>
         <size>0xf</size>
         <input_file_ref idref="fl-35"/>
      </object_component>
      <object_component id="oc-117">
         <name>.bios</name>
         <load_address>0x55fe</load_address>
         <run_address>0x55fe</run_address>
         <size>0xc</size>
         <input_file_ref idref="fl-44"/>
      </object_component>
      <object_component id="oc-57">
         <name>.bios</name>
         <load_address>0x560c</load_address>
         <run_address>0x560c</run_address>
         <size>0x8</size>
         <input_file_ref idref="fl-3c"/>
      </object_component>
      <object_component id="oc-1c1">
         <name>.bios</name>
         <load_address>0x5614</load_address>
         <run_address>0x5614</run_address>
         <size>0x7</size>
         <input_file_ref idref="fl-77"/>
      </object_component>
      <object_component id="oc-159">
         <name>.bios</name>
         <load_address>0x561b</load_address>
         <run_address>0x561b</run_address>
         <size>0x6</size>
         <input_file_ref idref="fl-55"/>
      </object_component>
      <object_component id="oc-59">
         <name>.bios</name>
         <load_address>0x5624</load_address>
         <run_address>0x5624</run_address>
         <size>0x2</size>
         <input_file_ref idref="fl-37"/>
      </object_component>
      <object_component id="oc-5b">
         <name>.text</name>
         <load_address>0xc0</load_address>
         <run_address>0xc0</run_address>
         <size>0xa1f</size>
         <input_file_ref idref="fl-2"/>
      </object_component>
      <object_component id="oc-64">
         <name>.text</name>
         <load_address>0xadf</load_address>
         <run_address>0xadf</run_address>
         <size>0x559</size>
         <input_file_ref idref="fl-4"/>
      </object_component>
      <object_component id="oc-1fd">
         <name>.text</name>
         <load_address>0x1038</load_address>
         <run_address>0x1038</run_address>
         <size>0x3cc</size>
         <input_file_ref idref="fl-85"/>
      </object_component>
      <object_component id="oc-75">
         <name>.text</name>
         <load_address>0x1404</load_address>
         <run_address>0x1404</run_address>
         <size>0x3af</size>
         <input_file_ref idref="fl-7"/>
      </object_component>
      <object_component id="oc-69">
         <name>.text</name>
         <load_address>0x17b3</load_address>
         <run_address>0x17b3</run_address>
         <size>0x2c2</size>
         <input_file_ref idref="fl-5"/>
      </object_component>
      <object_component id="oc-195">
         <name>.text:MCBSP_reset</name>
         <load_address>0x1a78</load_address>
         <run_address>0x1a78</run_address>
         <size>0x261</size>
         <input_file_ref idref="fl-69"/>
      </object_component>
      <object_component id="oc-1f5">
         <name>.text</name>
         <load_address>0x1cd9</load_address>
         <run_address>0x1cd9</run_address>
         <size>0x25a</size>
         <input_file_ref idref="fl-83"/>
      </object_component>
      <object_component id="oc-1f9">
         <name>.text</name>
         <load_address>0x1f33</load_address>
         <run_address>0x1f33</run_address>
         <size>0x1ea</size>
         <input_file_ref idref="fl-84"/>
      </object_component>
      <object_component id="oc-162">
         <name>.text:I2C_write</name>
         <load_address>0x2120</load_address>
         <run_address>0x2120</run_address>
         <size>0x18e</size>
         <input_file_ref idref="fl-58"/>
      </object_component>
      <object_component id="oc-161">
         <name>.text:I2C_read</name>
         <load_address>0x22b0</load_address>
         <run_address>0x22b0</run_address>
         <size>0x15d</size>
         <input_file_ref idref="fl-57"/>
      </object_component>
      <object_component id="oc-80">
         <name>.text</name>
         <load_address>0x240d</load_address>
         <run_address>0x240d</run_address>
         <size>0x14e</size>
         <input_file_ref idref="fl-9"/>
      </object_component>
      <object_component id="oc-216">
         <name>.text</name>
         <load_address>0x255b</load_address>
         <run_address>0x255b</run_address>
         <size>0x14c</size>
         <input_file_ref idref="fl-8b"/>
      </object_component>
      <object_component id="oc-191">
         <name>.text:MCBSP_config</name>
         <load_address>0x26a8</load_address>
         <run_address>0x26a8</run_address>
         <size>0x130</size>
         <input_file_ref idref="fl-66"/>
      </object_component>
      <object_component id="oc-250">
         <name>.text</name>
         <load_address>0x27d8</load_address>
         <run_address>0x27d8</run_address>
         <size>0x116</size>
         <input_file_ref idref="fl-97"/>
      </object_component>
      <object_component id="oc-25e">
         <name>.text</name>
         <load_address>0x28ee</load_address>
         <run_address>0x28ee</run_address>
         <size>0xf2</size>
         <input_file_ref idref="fl-9a"/>
      </object_component>
      <object_component id="oc-192">
         <name>.text:MCBSP_open</name>
         <load_address>0x29e0</load_address>
         <run_address>0x29e0</run_address>
         <size>0xee</size>
         <input_file_ref idref="fl-67"/>
      </object_component>
      <object_component id="oc-c9">
         <name>.text</name>
         <load_address>0x2ace</load_address>
         <run_address>0x2ace</run_address>
         <size>0xd0</size>
         <input_file_ref idref="fl-12"/>
      </object_component>
      <object_component id="oc-259">
         <name>.text</name>
         <load_address>0x2b9e</load_address>
         <run_address>0x2b9e</run_address>
         <size>0xcc</size>
         <input_file_ref idref="fl-99"/>
      </object_component>
      <object_component id="oc-24b">
         <name>.text</name>
         <load_address>0x2c6a</load_address>
         <run_address>0x2c6a</run_address>
         <size>0xbf</size>
         <input_file_ref idref="fl-96"/>
      </object_component>
      <object_component id="oc-85">
         <name>.text</name>
         <load_address>0x2d29</load_address>
         <run_address>0x2d29</run_address>
         <size>0xab</size>
         <input_file_ref idref="fl-a"/>
      </object_component>
      <object_component id="oc-7b">
         <name>.text</name>
         <load_address>0x2dd4</load_address>
         <run_address>0x2dd4</run_address>
         <size>0x92</size>
         <input_file_ref idref="fl-8"/>
      </object_component>
      <object_component id="oc-196">
         <name>.text:MCBSP_start</name>
         <load_address>0x2e68</load_address>
         <run_address>0x2e68</run_address>
         <size>0x82</size>
         <input_file_ref idref="fl-6a"/>
      </object_component>
      <object_component id="oc-21a">
         <name>.text</name>
         <load_address>0x2eea</load_address>
         <run_address>0x2eea</run_address>
         <size>0x76</size>
         <input_file_ref idref="fl-8c"/>
      </object_component>
      <object_component id="oc-236">
         <name>.text</name>
         <load_address>0x2f60</load_address>
         <run_address>0x2f60</run_address>
         <size>0x75</size>
         <input_file_ref idref="fl-92"/>
      </object_component>
      <object_component id="oc-b2">
         <name>.text</name>
         <load_address>0x2fd5</load_address>
         <run_address>0x2fd5</run_address>
         <size>0x74</size>
         <input_file_ref idref="fl-e"/>
      </object_component>
      <object_component id="oc-212">
         <name>.text</name>
         <load_address>0x3049</load_address>
         <run_address>0x3049</run_address>
         <size>0x73</size>
         <input_file_ref idref="fl-8a"/>
      </object_component>
      <object_component id="oc-230">
         <name>.text</name>
         <load_address>0x30bc</load_address>
         <run_address>0x30bc</run_address>
         <size>0x6f</size>
         <input_file_ref idref="fl-91"/>
      </object_component>
      <object_component id="oc-205">
         <name>.text</name>
         <load_address>0x312b</load_address>
         <run_address>0x312b</run_address>
         <size>0x6f</size>
         <input_file_ref idref="fl-87"/>
      </object_component>
      <object_component id="oc-137">
         <name>.text</name>
         <load_address>0x319c</load_address>
         <run_address>0x319c</run_address>
         <size>0x67</size>
         <input_file_ref idref="fl-4b"/>
      </object_component>
      <object_component id="oc-20d">
         <name>.text</name>
         <load_address>0x3203</load_address>
         <run_address>0x3203</run_address>
         <size>0x67</size>
         <input_file_ref idref="fl-89"/>
      </object_component>
      <object_component id="oc-1e0">
         <name>.text</name>
         <load_address>0x326c</load_address>
         <run_address>0x326c</run_address>
         <size>0x5c</size>
         <input_file_ref idref="fl-7e"/>
      </object_component>
      <object_component id="oc-70">
         <name>.text</name>
         <load_address>0x32c8</load_address>
         <run_address>0x32c8</run_address>
         <size>0x57</size>
         <input_file_ref idref="fl-6"/>
      </object_component>
      <object_component id="oc-247">
         <name>.text</name>
         <load_address>0x331f</load_address>
         <run_address>0x331f</run_address>
         <size>0x3f</size>
         <input_file_ref idref="fl-95"/>
      </object_component>
      <object_component id="oc-23c">
         <name>.text</name>
         <load_address>0x335e</load_address>
         <run_address>0x335e</run_address>
         <size>0x3e</size>
         <input_file_ref idref="fl-93"/>
      </object_component>
      <object_component id="oc-ab">
         <name>.text</name>
         <load_address>0x339c</load_address>
         <run_address>0x339c</run_address>
         <size>0x3c</size>
         <input_file_ref idref="fl-d"/>
      </object_component>
      <object_component id="oc-b7">
         <name>.text</name>
         <load_address>0x33d8</load_address>
         <run_address>0x33d8</run_address>
         <size>0x37</size>
         <input_file_ref idref="fl-f"/>
      </object_component>
      <object_component id="oc-190">
         <name>.text:MCBSP_close</name>
         <load_address>0x3410</load_address>
         <run_address>0x3410</run_address>
         <size>0x36</size>
         <input_file_ref idref="fl-65"/>
      </object_component>
      <object_component id="oc-201">
         <name>.text</name>
         <load_address>0x3446</load_address>
         <run_address>0x3446</run_address>
         <size>0x2a</size>
         <input_file_ref idref="fl-86"/>
      </object_component>
      <object_component id="oc-bf">
         <name>.text</name>
         <load_address>0x3470</load_address>
         <run_address>0x3470</run_address>
         <size>0x20</size>
         <input_file_ref idref="fl-10"/>
      </object_component>
      <object_component id="oc-c4">
         <name>.text</name>
         <load_address>0x3490</load_address>
         <run_address>0x3490</run_address>
         <size>0x18</size>
         <input_file_ref idref="fl-11"/>
      </object_component>
      <object_component id="oc-22c">
         <name>.text</name>
         <load_address>0x34a8</load_address>
         <run_address>0x34a8</run_address>
         <size>0x14</size>
         <input_file_ref idref="fl-90"/>
      </object_component>
      <object_component id="oc-21e">
         <name>.text</name>
         <load_address>0x34bc</load_address>
         <run_address>0x34bc</run_address>
         <size>0x13</size>
         <input_file_ref idref="fl-8d"/>
      </object_component>
      <object_component id="oc-226">
         <name>.text</name>
         <load_address>0x34cf</load_address>
         <run_address>0x34cf</run_address>
         <size>0x12</size>
         <input_file_ref idref="fl-8f"/>
      </object_component>
      <object_component id="oc-222">
         <name>.text</name>
         <load_address>0x34e1</load_address>
         <run_address>0x34e1</run_address>
         <size>0x10</size>
         <input_file_ref idref="fl-8e"/>
      </object_component>
      <object_component id="oc-16b">
         <name>.text:IRQ_globalDisable</name>
         <load_address>0x34f4</load_address>
         <run_address>0x34f4</run_address>
         <size>0xf</size>
         <input_file_ref idref="fl-5b"/>
      </object_component>
      <object_component id="oc-1f0">
         <name>.text:_CSL_init</name>
         <load_address>0x3504</load_address>
         <run_address>0x3504</run_address>
         <size>0xd</size>
         <input_file_ref idref="fl-81"/>
      </object_component>
      <object_component id="oc-154">
         <name>.text:CSL_init</name>
         <load_address>0x3514</load_address>
         <run_address>0x3514</run_address>
         <size>0xc</size>
         <input_file_ref idref="fl-52"/>
      </object_component>
      <object_component id="oc-16c">
         <name>.text:IRQ_globalRestore</name>
         <load_address>0x3520</load_address>
         <run_address>0x3520</run_address>
         <size>0xc</size>
         <input_file_ref idref="fl-5c"/>
      </object_component>
      <object_component id="oc-209">
         <name>.text</name>
         <load_address>0x352c</load_address>
         <run_address>0x352c</run_address>
         <size>0xc</size>
         <input_file_ref idref="fl-88"/>
      </object_component>
      <object_component id="oc-240">
         <name>.text:CIO_breakpoint</name>
         <load_address>0x3538</load_address>
         <run_address>0x3538</run_address>
         <size>0x7</size>
         <input_file_ref idref="fl-93"/>
      </object_component>
      <object_component id="oc-153">
         <name>.text</name>
         <load_address>0x3540</load_address>
         <run_address>0x3540</run_address>
         <size>0x2</size>
         <input_file_ref idref="fl-52"/>
      </object_component>
      <object_component id="oc-a4">
         <name>.sysinit</name>
         <load_address>0xe1b0</load_address>
         <run_address>0xe1b0</run_address>
         <size>0x13d</size>
         <input_file_ref idref="fl-b"/>
      </object_component>
      <object_component id="oc-19b">
         <name>.sysinit</name>
         <load_address>0xe2f0</load_address>
         <run_address>0xe2f0</run_address>
         <size>0x111</size>
         <input_file_ref idref="fl-6c"/>
      </object_component>
      <object_component id="oc-1d8">
         <name>.sysinit</name>
         <load_address>0xe404</load_address>
         <run_address>0xe404</run_address>
         <size>0x84</size>
         <input_file_ref idref="fl-7c"/>
      </object_component>
      <object_component id="oc-243">
         <name>.sysinit</name>
         <load_address>0xe488</load_address>
         <run_address>0xe488</run_address>
         <size>0x71</size>
         <input_file_ref idref="fl-94"/>
      </object_component>
      <object_component id="oc-52">
         <name>.sysinit</name>
         <load_address>0xe4f9</load_address>
         <run_address>0xe4f9</run_address>
         <size>0x6f</size>
         <input_file_ref idref="fl-40"/>
      </object_component>
      <object_component id="oc-1a1">
         <name>.sysinit</name>
         <load_address>0xe568</load_address>
         <run_address>0xe568</run_address>
         <size>0x2</size>
         <input_file_ref idref="fl-6d"/>
      </object_component>
      <object_component id="oc-108">
         <name>.trcdata</name>
         <load_address>0xf25c</load_address>
         <run_address>0xf25c</run_address>
         <size>0x6</size>
         <input_file_ref idref="fl-41"/>
      </object_component>
      <object_component id="oc-27e">
         <name>.rtdx_text:_RTDX_write_next</name>
         <load_address>0xc134</load_address>
         <run_address>0xc134</run_address>
         <size>0x1db</size>
         <input_file_ref idref="fl-70"/>
      </object_component>
      <object_component id="oc-279">
         <name>.rtdx_text:_RTDX_Buffer_WriteCB</name>
         <load_address>0xc30f</load_address>
         <run_address>0xc30f</run_address>
         <size>0x17c</size>
         <input_file_ref idref="fl-70"/>
      </object_component>
      <object_component id="oc-271">
         <name>.rtdx_text:_RTDX_Init_RT_Monitor</name>
         <load_address>0xc48b</load_address>
         <run_address>0xc48b</run_address>
         <size>0x10f</size>
         <input_file_ref idref="fl-71"/>
      </object_component>
      <object_component id="oc-26c">
         <name>.rtdx_text:_RTDX_Poll</name>
         <load_address>0xc59a</load_address>
         <run_address>0xc59a</run_address>
         <size>0xec</size>
         <input_file_ref idref="fl-71"/>
      </object_component>
      <object_component id="oc-27d">
         <name>.rtdx_text:_claim</name>
         <load_address>0xc686</load_address>
         <run_address>0xc686</run_address>
         <size>0xb5</size>
         <input_file_ref idref="fl-70"/>
      </object_component>
      <object_component id="oc-276">
         <name>.rtdx_text:_StartXFer</name>
         <load_address>0xc73b</load_address>
         <run_address>0xc73b</run_address>
         <size>0x93</size>
         <input_file_ref idref="fl-71"/>
      </object_component>
      <object_component id="oc-27f">
         <name>.rtdx_text:_RTDX_Mon_Queue</name>
         <load_address>0xc7ce</load_address>
         <run_address>0xc7ce</run_address>
         <size>0x88</size>
         <input_file_ref idref="fl-71"/>
      </object_component>
      <object_component id="oc-26d">
         <name>.rtdx_text:_RTDX_H2TPoll</name>
         <load_address>0xc856</load_address>
         <run_address>0xc856</run_address>
         <size>0x65</size>
         <input_file_ref idref="fl-71"/>
      </object_component>
      <object_component id="oc-270">
         <name>.rtdx_text:_RTDX_Buffer_Initialize</name>
         <load_address>0xc8bb</load_address>
         <run_address>0xc8bb</run_address>
         <size>0x53</size>
         <input_file_ref idref="fl-70"/>
      </object_component>
      <object_component id="oc-278">
         <name>.rtdx_text:_RTDX_Buffer_ReadCB</name>
         <load_address>0xc90e</load_address>
         <run_address>0xc90e</run_address>
         <size>0x4b</size>
         <input_file_ref idref="fl-6f"/>
      </object_component>
      <object_component id="oc-27b">
         <name>.rtdx_text:_RTDX_Final_RT_Monitor</name>
         <load_address>0xc959</load_address>
         <run_address>0xc959</run_address>
         <size>0x3c</size>
         <input_file_ref idref="fl-71"/>
      </object_component>
      <object_component id="oc-27c">
         <name>.rtdx_text:_RTDX_Buffer_Size</name>
         <load_address>0xc995</load_address>
         <run_address>0xc995</run_address>
         <size>0x3b</size>
         <input_file_ref idref="fl-70"/>
      </object_component>
      <object_component id="oc-273">
         <name>.rtdx_text:_RTDX_Mask_IER</name>
         <load_address>0xc9d0</load_address>
         <run_address>0xc9d0</run_address>
         <size>0x2a</size>
         <input_file_ref idref="fl-72"/>
      </object_component>
      <object_component id="oc-26e">
         <name>.rtdx_text:_RTDX_Buffer_Read</name>
         <load_address>0xc9fa</load_address>
         <run_address>0xc9fa</run_address>
         <size>0x22</size>
         <input_file_ref idref="fl-6f"/>
      </object_component>
      <object_component id="oc-277">
         <name>.rtdx_text:_RTDX_Set_IER</name>
         <load_address>0xca1c</load_address>
         <run_address>0xca1c</run_address>
         <size>0x1e</size>
         <input_file_ref idref="fl-72"/>
      </object_component>
      <object_component id="oc-26f">
         <name>.rtdx_text:_RTDX_Buffer_Write</name>
         <load_address>0xca3a</load_address>
         <run_address>0xca3a</run_address>
         <size>0x1c</size>
         <input_file_ref idref="fl-70"/>
      </object_component>
      <object_component id="oc-274">
         <name>.rtdx_text:_Allow_EmuAccess</name>
         <load_address>0xca56</load_address>
         <run_address>0xca56</run_address>
         <size>0x17</size>
         <input_file_ref idref="fl-71"/>
      </object_component>
      <object_component id="oc-275">
         <name>.rtdx_text:_Disallow_EmuAccess</name>
         <load_address>0xca6d</load_address>
         <run_address>0xca6d</run_address>
         <size>0x4</size>
         <input_file_ref idref="fl-71"/>
      </object_component>
      <object_component id="oc-27a">
         <name>.rtdx_text:_Wait</name>
         <load_address>0xca71</load_address>
         <run_address>0xca71</run_address>
         <size>0x4</size>
         <input_file_ref idref="fl-71"/>
      </object_component>
      <object_component id="oc-a3">
         <name>.mbx</name>
         <uninitialized>true</uninitialized>
         <run_address>0xee50</run_address>
         <size>0xd0</size>
         <input_file_ref idref="fl-b"/>
      </object_component>
      <object_component id="oc-90">
         <name>.sys</name>
         <uninitialized>true</uninitialized>
         <run_address>0xf240</run_address>
         <size>0x10</size>
         <input_file_ref idref="fl-b"/>
      </object_component>
      <object_component id="oc-8d">
         <name>.cinit</name>
         <load_address>0x69d8</load_address>
         <run_address>0x69d8</run_address>
         <size>0x8bc</size>
         <input_file_ref idref="fl-b"/>
      </object_component>
      <object_component id="oc-ba">
         <name>.cinit</name>
         <load_address>0x7294</load_address>
         <run_address>0x7294</run_address>
         <size>0x41a</size>
         <input_file_ref idref="fl-f"/>
      </object_component>
      <object_component id="oc-d0">
         <name>.cinit</name>
         <load_address>0x76ae</load_address>
         <run_address>0x76ae</run_address>
         <size>0x15e</size>
         <input_file_ref idref="fl-32"/>
      </object_component>
      <object_component id="oc-176">
         <name>.cinit</name>
         <load_address>0x780c</load_address>
         <run_address>0x780c</run_address>
         <size>0x140</size>
         <input_file_ref idref="fl-5f"/>
      </object_component>
      <object_component id="oc-193">
         <name>.cinit</name>
         <load_address>0x794c</load_address>
         <run_address>0x794c</run_address>
         <size>0xd2</size>
         <input_file_ref idref="fl-68"/>
      </object_component>
      <object_component id="oc-6c">
         <name>.cinit</name>
         <load_address>0x7a1e</load_address>
         <run_address>0x7a1e</run_address>
         <size>0x70</size>
         <input_file_ref idref="fl-5"/>
      </object_component>
      <object_component id="oc-1c6">
         <name>.cinit</name>
         <load_address>0x7a8e</load_address>
         <run_address>0x7a8e</run_address>
         <size>0x62</size>
         <input_file_ref idref="fl-78"/>
      </object_component>
      <object_component id="oc-1e2">
         <name>.cinit</name>
         <load_address>0x7af0</load_address>
         <run_address>0x7af0</run_address>
         <size>0x5c</size>
         <input_file_ref idref="fl-7e"/>
      </object_component>
      <object_component id="oc-157">
         <name>.cinit</name>
         <load_address>0x7b4c</load_address>
         <run_address>0x7b4c</run_address>
         <size>0x4a</size>
         <input_file_ref idref="fl-54"/>
      </object_component>
      <object_component id="oc-155">
         <name>.cinit</name>
         <load_address>0x7b96</load_address>
         <run_address>0x7b96</run_address>
         <size>0x46</size>
         <input_file_ref idref="fl-53"/>
      </object_component>
      <object_component id="oc-12e">
         <name>.cinit</name>
         <load_address>0x7bdc</load_address>
         <run_address>0x7bdc</run_address>
         <size>0x32</size>
         <input_file_ref idref="fl-49"/>
      </object_component>
      <object_component id="oc-1aa">
         <name>.cinit</name>
         <load_address>0x7c0e</load_address>
         <run_address>0x7c0e</run_address>
         <size>0x2e</size>
         <input_file_ref idref="fl-70"/>
      </object_component>
      <object_component id="oc-ae">
         <name>.cinit</name>
         <load_address>0x7c3c</load_address>
         <run_address>0x7c3c</run_address>
         <size>0x28</size>
         <input_file_ref idref="fl-d"/>
      </object_component>
      <object_component id="oc-f0">
         <name>.cinit</name>
         <load_address>0x7c64</load_address>
         <run_address>0x7c64</run_address>
         <size>0x1e</size>
         <input_file_ref idref="fl-3b"/>
      </object_component>
      <object_component id="oc-17f">
         <name>.cinit</name>
         <load_address>0x7c82</load_address>
         <run_address>0x7c82</run_address>
         <size>0x16</size>
         <input_file_ref idref="fl-61"/>
      </object_component>
      <object_component id="oc-1a0">
         <name>.cinit</name>
         <load_address>0x7c98</load_address>
         <run_address>0x7c98</run_address>
         <size>0x14</size>
         <input_file_ref idref="fl-6d"/>
      </object_component>
      <object_component id="oc-1d4">
         <name>.cinit</name>
         <load_address>0x7cac</load_address>
         <run_address>0x7cac</run_address>
         <size>0x14</size>
         <input_file_ref idref="fl-7b"/>
      </object_component>
      <object_component id="oc-229">
         <name>.cinit</name>
         <load_address>0x7cc0</load_address>
         <run_address>0x7cc0</run_address>
         <size>0x14</size>
         <input_file_ref idref="fl-8f"/>
      </object_component>
      <object_component id="oc-23f">
         <name>.cinit</name>
         <load_address>0x7cd4</load_address>
         <run_address>0x7cd4</run_address>
         <size>0x14</size>
         <input_file_ref idref="fl-93"/>
      </object_component>
      <object_component id="oc-11c">
         <name>.cinit</name>
         <load_address>0x7ce8</load_address>
         <run_address>0x7ce8</run_address>
         <size>0x12</size>
         <input_file_ref idref="fl-45"/>
      </object_component>
      <object_component id="oc-233">
         <name>.cinit</name>
         <load_address>0x7cfa</load_address>
         <run_address>0x7cfa</run_address>
         <size>0x10</size>
         <input_file_ref idref="fl-91"/>
      </object_component>
      <object_component id="oc-112">
         <name>.cinit</name>
         <load_address>0x7d0a</load_address>
         <run_address>0x7d0a</run_address>
         <size>0xa</size>
         <input_file_ref idref="fl-43"/>
      </object_component>
      <object_component id="oc-d4">
         <name>.cinit</name>
         <load_address>0x7d14</load_address>
         <run_address>0x7d14</run_address>
         <size>0xa</size>
         <input_file_ref idref="fl-33"/>
      </object_component>
      <object_component id="oc-239">
         <name>.cinit</name>
         <load_address>0x7d1e</load_address>
         <run_address>0x7d1e</run_address>
         <size>0xa</size>
         <input_file_ref idref="fl-92"/>
      </object_component>
      <object_component id="oc-257">
         <name>.cinit</name>
         <load_address>0x7d28</load_address>
         <run_address>0x7d28</run_address>
         <size>0x8</size>
         <input_file_ref idref="fl-98"/>
      </object_component>
      <object_component id="oc-1ad">
         <name>.pinit</name>
         <load_address>0xf250</load_address>
         <run_address>0xf250</run_address>
         <size>0x4</size>
         <input_file_ref idref="fl-70"/>
      </object_component>
      <object_component id="oc-1b0">
         <name>.pinit</name>
         <load_address>0xf254</load_address>
         <run_address>0xf254</run_address>
         <size>0x4</size>
         <input_file_ref idref="fl-71"/>
      </object_component>
      <object_component id="oc-8b">
         <name>.gblinit</name>
         <load_address>0xf068</load_address>
         <run_address>0xf068</run_address>
         <size>0x72</size>
         <input_file_ref idref="fl-b"/>
      </object_component>
      <object_component id="oc-8e">
         <name>.rtdx_data</name>
         <uninitialized>true</uninitialized>
         <run_address>0xe56c</run_address>
         <size>0x204</size>
         <input_file_ref idref="fl-b"/>
      </object_component>
      <object_component id="oc-1a5">
         <name>.rtdx_data</name>
         <uninitialized>true</uninitialized>
         <run_address>0xe7b4</run_address>
         <size>0x8</size>
         <input_file_ref idref="fl-6e"/>
      </object_component>
      <object_component id="oc-1ab">
         <name>.rtdx_data</name>
         <uninitialized>true</uninitialized>
         <run_address>0xe794</run_address>
         <size>0x20</size>
         <input_file_ref idref="fl-70"/>
      </object_component>
      <object_component id="oc-1ae">
         <name>.rtdx_data</name>
         <uninitialized>true</uninitialized>
         <run_address>0xe770</run_address>
         <size>0x24</size>
         <input_file_ref idref="fl-71"/>
      </object_component>
      <object_component id="oc-99">
         <name>.TSK_idle$stk</name>
         <uninitialized>true</uninitialized>
         <run_address>0xa334</run_address>
         <size>0xa00</size>
         <input_file_ref idref="fl-b"/>
      </object_component>
      <object_component id="oc-9b">
         <name>.audioTSK$stk</name>
         <uninitialized>true</uninitialized>
         <run_address>0xad34</run_address>
         <size>0xa00</size>
         <input_file_ref idref="fl-b"/>
      </object_component>
      <object_component id="oc-9c">
         <name>.buttonTSK$stk</name>
         <uninitialized>true</uninitialized>
         <run_address>0xb734</run_address>
         <size>0xa00</size>
         <input_file_ref idref="fl-b"/>
      </object_component>
      <object_component id="oc-9d">
         <name>.fftTSK$stk</name>
         <uninitialized>true</uninitialized>
         <run_address>0x7d34</run_address>
         <size>0x1200</size>
         <input_file_ref idref="fl-b"/>
      </object_component>
      <object_component id="oc-268">
         <name>.const:_FFT_ConstP</name>
         <load_address>0xd800</load_address>
         <run_address>0xd800</run_address>
         <size>0x300</size>
         <input_file_ref idref="fl-3"/>
      </object_component>
      <object_component id="oc-269">
         <name>.const:_myLPF</name>
         <load_address>0xdb00</load_address>
         <run_address>0xdb00</run_address>
         <size>0xa2</size>
         <input_file_ref idref="fl-5"/>
      </object_component>
      <object_component id="oc-1e4">
         <name>.const</name>
         <load_address>0xdba4</load_address>
         <run_address>0xdba4</run_address>
         <size>0x9e</size>
         <input_file_ref idref="fl-7e"/>
      </object_component>
      <object_component id="oc-e7">
         <name>.const</name>
         <load_address>0xdc44</load_address>
         <run_address>0xdc44</run_address>
         <size>0x46</size>
         <input_file_ref idref="fl-39"/>
      </object_component>
      <object_component id="oc-eb">
         <name>.const</name>
         <load_address>0xdc8c</load_address>
         <run_address>0xdc8c</run_address>
         <size>0x44</size>
         <input_file_ref idref="fl-3a"/>
      </object_component>
      <object_component id="oc-26b">
         <name>.const:_$P$T0$1</name>
         <load_address>0xdcd0</load_address>
         <run_address>0xdcd0</run_address>
         <size>0x36</size>
         <input_file_ref idref="fl-a"/>
      </object_component>
      <object_component id="oc-5e">
         <name>.const</name>
         <load_address>0xdd08</load_address>
         <run_address>0xdd08</run_address>
         <size>0x20</size>
         <input_file_ref idref="fl-2"/>
      </object_component>
      <object_component id="oc-26a">
         <name>.const:_$P$T0$1</name>
         <load_address>0xdd28</load_address>
         <run_address>0xdd28</run_address>
         <size>0x14</size>
         <input_file_ref idref="fl-8"/>
      </object_component>
      <object_component id="oc-260">
         <name>.const</name>
         <load_address>0xdd3c</load_address>
         <run_address>0xdd3c</run_address>
         <size>0x14</size>
         <input_file_ref idref="fl-9a"/>
      </object_component>
      <object_component id="oc-252">
         <name>.const</name>
         <load_address>0xdd50</load_address>
         <run_address>0xdd50</run_address>
         <size>0x14</size>
         <input_file_ref idref="fl-97"/>
      </object_component>
      <object_component id="oc-272">
         <name>.const:_initial_approx$1</name>
         <load_address>0xdd64</load_address>
         <run_address>0xdd64</run_address>
         <size>0x10</size>
         <input_file_ref idref="fl-85"/>
      </object_component>
      <object_component id="oc-25b">
         <name>.const</name>
         <load_address>0xdd74</load_address>
         <run_address>0xdd74</run_address>
         <size>0x10</size>
         <input_file_ref idref="fl-99"/>
      </object_component>
      <object_component id="oc-1af">
         <name>.const</name>
         <load_address>0xdd84</load_address>
         <run_address>0xdd84</run_address>
         <size>0xc</size>
         <input_file_ref idref="fl-71"/>
      </object_component>
      <object_component id="oc-24d">
         <name>.const</name>
         <load_address>0xdd90</load_address>
[...]
         <value>0x67f8</value>
         <object_component_ref idref="oc-175"/>
      </symbol>
      <symbol id="sm-7a2">
         <name>_KNL_setpri</name>
         <value>0x67a4</value>
         <object_component_ref idref="oc-175"/>
      </symbol>
      <symbol id="sm-7a3">
         <name>_KNL_swiptr</name>
         <value>0x67ec</value>
         <object_component_ref idref="oc-175"/>
      </symbol>
      <symbol id="sm-7a4">
         <name>_KNL_dummy</name>
         <value>0x67b0</value>
         <object_component_ref idref="oc-175"/>
      </symbol>
      <symbol id="sm-7a5">
         <name>_KNL_curtask</name>
         <value>0x67e0</value>
         <object_component_ref idref="oc-175"/>
      </symbol>
      <symbol id="sm-7a6">
         <name>_KNL_curqueue</name>
         <value>0x67f0</value>
         <object_component_ref idref="oc-175"/>
      </symbol>
      <symbol id="sm-7a7">
         <name>_KNL_wList</name>
         <value>0x679c</value>
         <object_component_ref idref="oc-175"/>
      </symbol>
      <symbol id="sm-7a8">
         <name>_KNL_curtime</name>
         <value>0x67e8</value>
         <object_component_ref idref="oc-175"/>
      </symbol>
      <symbol id="sm-7a9">
         <name>_KNL_set</name>
         <value>0x66fa</value>
         <object_component_ref idref="oc-175"/>
      </symbol>
      <symbol id="sm-7aa">
         <name>_KNL_alarm</name>
         <value>0x67a0</value>
         <object_component_ref idref="oc-175"/>
      </symbol>
      <symbol id="sm-7ab">
         <name>_KNL_prevtask</name>
         <value>0x67e4</value>
         <object_component_ref idref="oc-175"/>
      </symbol>
      <symbol id="sm-7ac">
         <name>_KNL_queues</name>
         <value>0x66fc</value>
         <object_component_ref idref="oc-175"/>
      </symbol>
      <symbol id="sm-7ad">
         <name>_KNL_idlefxn</name>
         <value>0x6808</value>
         <object_component_ref idref="oc-175"/>
      </symbol>
      <symbol id="sm-7ae">
         <name>_KNL_priority</name>
         <value>0x67ac</value>
         <object_component_ref idref="oc-175"/>
      </symbol>
      <symbol id="sm-7af">
         <name>_KNL_treadyfxn</name>
         <value>0x6804</value>
         <object_component_ref idref="oc-175"/>
      </symbol>
      <symbol id="sm-7b0">
         <name>_KNL_tcreatefxn</name>
         <value>0x67fc</value>
         <object_component_ref idref="oc-175"/>
      </symbol>
      <symbol id="sm-7b1">
         <name>_KNL_wFlag</name>
         <value>0x66f8</value>
         <object_component_ref idref="oc-175"/>
      </symbol>
      <symbol id="sm-7b2">
         <name>_KNL_tdeletefxn</name>
         <value>0x6800</value>
         <object_component_ref idref="oc-175"/>
      </symbol>
      <symbol id="sm-7bc">
         <name>_KNL_run</name>
         <value>0x4330</value>
         <object_component_ref idref="oc-17a"/>
      </symbol>
      <symbol id="sm-7ca">
         <name>_KNL_tick</name>
         <value>0x45ec</value>
         <object_component_ref idref="oc-180"/>
      </symbol>
      <symbol id="sm-7d4">
         <name>_KNL_post</name>
         <value>0x5494</value>
         <object_component_ref idref="oc-184"/>
      </symbol>
      <symbol id="sm-7de">
         <name>_KNL_ipost</name>
         <value>0x5120</value>
         <object_component_ref idref="oc-188"/>
      </symbol>
      <symbol id="sm-7e8">
         <name>_MBX_pend</name>
         <value>0x4954</value>
         <object_component_ref idref="oc-18c"/>
      </symbol>
      <symbol id="sm-7e9">
         <name>_MBX_post</name>
         <value>0x49dc</value>
         <object_component_ref idref="oc-18c"/>
      </symbol>
      <symbol id="sm-7ed">
         <name>_MCBSP_close</name>
         <value>0x3410</value>
         <object_component_ref idref="oc-190"/>
      </symbol>
      <symbol id="sm-7f1">
         <name>_MCBSP_config</name>
         <value>0x26a8</value>
         <object_component_ref idref="oc-191"/>
      </symbol>
      <symbol id="sm-7f6">
         <name>_MCBSP_open</name>
         <value>0x29e0</value>
         <object_component_ref idref="oc-192"/>
      </symbol>
      <symbol id="sm-7fc">
         <name>_CSL_McbspData</name>
         <value>0xf264</value>
         <object_component_ref idref="oc-194"/>
      </symbol>
      <symbol id="sm-800">
         <name>_MCBSP_reset</name>
         <value>0x1a78</value>
         <object_component_ref idref="oc-195"/>
      </symbol>
      <symbol id="sm-804">
         <name>_MCBSP_start</name>
         <value>0x2e68</value>
         <object_component_ref idref="oc-196"/>
      </symbol>
      <symbol id="sm-80e">
         <name>_MEM</name>
         <value>0x69cc</value>
         <object_component_ref idref="oc-197"/>
      </symbol>
      <symbol id="sm-818">
         <name>_MEM_init</name>
         <value>0xe2f0</value>
         <object_component_ref idref="oc-19b"/>
      </symbol>
      <symbol id="sm-826">
         <name>_OBJ_table</name>
         <value>0x68bc</value>
         <object_component_ref idref="oc-19f"/>
      </symbol>
      <symbol id="sm-827">
         <name>_OBJ_init</name>
         <value>0xe568</value>
         <object_component_ref idref="oc-1a1"/>
      </symbol>
      <symbol id="sm-828">
         <name>_OBJ_segtab</name>
         <value>0x68f4</value>
         <object_component_ref idref="oc-19f"/>
      </symbol>
      <symbol id="sm-832">
         <name>_RTDX_Buffer_Start</name>
         <value>0xe7b4</value>
         <object_component_ref idref="oc-1a5"/>
      </symbol>
      <symbol id="sm-833">
         <name>_RTDX_Buffer_End</name>
         <value>0xe7b8</value>
         <object_component_ref idref="oc-1a5"/>
      </symbol>
      <symbol id="sm-839">
         <name>_RTDX_Buffer_ReadCB</name>
         <value>0xc90e</value>
         <object_component_ref idref="oc-278"/>
      </symbol>
      <symbol id="sm-83a">
         <name>_RTDX_Buffer_Read</name>
         <value>0xc9fa</value>
         <object_component_ref idref="oc-26e"/>
      </symbol>
      <symbol id="sm-852">
         <name>_rtdx_buffer_state</name>
         <value>0xe794</value>
         <object_component_ref idref="oc-1ab"/>
      </symbol>
      <symbol id="sm-853">
         <name>_RTDX_Buffer_WriteCB</name>
         <value>0xc30f</value>
         <object_component_ref idref="oc-279"/>
      </symbol>
      <symbol id="sm-854">
         <name>_rtdxNullChanCnt</name>
         <value>0x69a0</value>
         <object_component_ref idref="oc-1a9"/>
      </symbol>
      <symbol id="sm-855">
         <name>_RTDX_writing</name>
         <value>0xe7a0</value>
         <object_component_ref idref="oc-1ab"/>
      </symbol>
      <symbol id="sm-856">
         <name>_RTDX_Buffer_Initialize</name>
         <value>0xc8bb</value>
         <object_component_ref idref="oc-270"/>
      </symbol>
      <symbol id="sm-857">
         <name>_RTDX_Buffer_Write</name>
         <value>0xca3a</value>
         <object_component_ref idref="oc-26f"/>
      </symbol>
      <symbol id="sm-858">
         <name>_rtdxNullFuncCnt</name>
         <value>0x69a2</value>
         <object_component_ref idref="oc-1a9"/>
      </symbol>
      <symbol id="sm-859">
         <name>_RTDX_Buffer_Size</name>
         <value>0xc995</value>
         <object_component_ref idref="oc-27c"/>
      </symbol>
      <symbol id="sm-873">
         <name>_RTDX_LMM</name>
         <value>0x1</value>
      </symbol>
      <symbol id="sm-874">
         <name>_RTDX_Mon_Queue</name>
         <value>0xc7ce</value>
         <object_component_ref idref="oc-27f"/>
      </symbol>
      <symbol id="sm-875">
         <name>_rtdx_mon_state</name>
         <value>0xe770</value>
         <object_component_ref idref="oc-1ae"/>
      </symbol>
      <symbol id="sm-876">
         <name>_RTDX_JTAGONLY</name>
         <value>0x3</value>
      </symbol>
      <symbol id="sm-877">
         <name>_RTDX_Final_RT_Monitor</name>
         <value>0xc959</value>
         <object_component_ref idref="oc-27b"/>
      </symbol>
      <symbol id="sm-878">
         <name>_RTDX_Poll</name>
         <value>0xc59a</value>
         <object_component_ref idref="oc-26c"/>
      </symbol>
      <symbol id="sm-879">
         <name>_RTDX_H2TPoll</name>
         <value>0xc856</value>
         <object_component_ref idref="oc-26d"/>
      </symbol>
      <symbol id="sm-87a">
         <name>_RTDX_Init_RT_Monitor</name>
         <value>0xc48b</value>
         <object_component_ref idref="oc-271"/>
      </symbol>
      <symbol id="sm-880">
         <name>_RTDX_Set_IER</name>
         <value>0xca1c</value>
         <object_component_ref idref="oc-277"/>
      </symbol>
      <symbol id="sm-881">
         <name>_RTDX_Mask_IER</name>
         <value>0xc9d0</value>
         <object_component_ref idref="oc-273"/>
      </symbol>
      <symbol id="sm-88b">
         <name>_SEM_pend</name>
         <value>0x5225</value>
         <object_component_ref idref="oc-1b1"/>
      </symbol>
      <symbol id="sm-895">
         <name>_SEM_pendEnterKnl</name>
         <value>0x401c</value>
         <object_component_ref idref="oc-1b5"/>
      </symbol>
      <symbol id="sm-89f">
         <name>_SEM_postBinary</name>
         <value>0x4fd3</value>
         <object_component_ref idref="oc-1b9"/>
      </symbol>
      <symbol id="sm-8a0">
         <name>_SEM_post</name>
         <value>0x4fd3</value>
         <object_component_ref idref="oc-1b9"/>
      </symbol>
      <symbol id="sm-8aa">
         <name>_SEM_postEnterKnl</name>
         <value>0x5274</value>
         <object_component_ref idref="oc-1bd"/>
      </symbol>
      <symbol id="sm-8b4">
         <name>_STS_set</name>
         <value>0x5614</value>
         <object_component_ref idref="oc-1c1"/>
      </symbol>
      <symbol id="sm-8c2">
         <name>_TSK_nTasks</name>
         <value>0x680c</value>
         <object_component_ref idref="oc-1c5"/>
      </symbol>
      <symbol id="sm-8c3">
         <name>_TSK_config</name>
         <value>0x682c</value>
         <object_component_ref idref="oc-1c5"/>
      </symbol>
      <symbol id="sm-8c4">
         <name>_TSK</name>
         <value>0x6848</value>
         <object_component_ref idref="oc-1c5"/>
      </symbol>
      <symbol id="sm-8c5">
         <name>_TSK_timerSem</name>
         <value>0x684c</value>
         <object_component_ref idref="oc-1c5"/>
      </symbol>
      <symbol id="sm-8c6">
         <name>_TSK_pid</name>
         <value>0x680e</value>
         <object_component_ref idref="oc-1c5"/>
      </symbol>
      <symbol id="sm-8c7">
         <name>_TSK_ATTRS</name>
         <value>0x6810</value>
         <object_component_ref idref="oc-1c5"/>
      </symbol>
      <symbol id="sm-8d1">
         <name>_TSK_exit</name>
         <value>0x4b68</value>
         <object_component_ref idref="oc-1cb"/>
      </symbol>
      <symbol id="sm-8db">
         <name>_SYS_exit</name>
         <value>0x5304</value>
         <object_component_ref idref="oc-1cf"/>
      </symbol>
      <symbol id="sm-8e7">
         <name>_SYS_exitStack</name>
         <value>0x6904</value>
         <object_component_ref idref="oc-1d3"/>
      </symbol>
      <symbol id="sm-8e8">
         <name>_SYS_exitStackPtr</name>
         <value>0x6924</value>
         <object_component_ref idref="oc-1d3"/>
      </symbol>
      <symbol id="sm-8e9">
         <name>_SYS_exitStackTop</name>
         <value>0x6928</value>
         <object_component_ref idref="oc-1d3"/>
      </symbol>
      <symbol id="sm-8f3">
         <name>_TSK_init</name>
         <value>0xe404</value>
         <object_component_ref idref="oc-1d8"/>
      </symbol>
      <symbol id="sm-8fd">
         <name>_TSK_setup</name>
         <value>0x4c60</value>
         <object_component_ref idref="oc-1dc"/>
      </symbol>
      <symbol id="sm-90f">
         <name>__MEM_mutex</name>
         <value>0x6894</value>
         <object_component_ref idref="oc-1e1"/>
      </symbol>
      <symbol id="sm-910">
         <name>_TSK_startup</name>
         <value>0x4db4</value>
         <object_component_ref idref="oc-1e3"/>
      </symbol>
      <symbol id="sm-911">
         <name>__TSK_mutex</name>
         <value>0x686c</value>
         <object_component_ref idref="oc-1e1"/>
      </symbol>
      <symbol id="sm-91b">
         <name>_LCK_pend</name>
         <value>0x519c</value>
         <object_component_ref idref="oc-1e8"/>
      </symbol>
      <symbol id="sm-91c">
         <name>_LCK_post</name>
         <value>0x517c</value>
         <object_component_ref idref="oc-1e8"/>
      </symbol>
      <symbol id="sm-926">
         <name>_SYS_abort</name>
         <value>0x55d8</value>
         <object_component_ref idref="oc-1ec"/>
      </symbol>
      <symbol id="sm-92a">
         <name>__CSL_init</name>
         <value>0x3504</value>
         <object_component_ref idref="oc-1f0"/>
      </symbol>
      <symbol id="sm-934">
         <name>__SEM_dopost</name>
         <value>0x4a64</value>
         <object_component_ref idref="oc-1f1"/>
      </symbol>
      <symbol id="sm-93e">
         <name>__addd</name>
         <value>0x1cd9</value>
         <object_component_ref idref="oc-1f5"/>
      </symbol>
      <symbol id="sm-948">
         <name>__eqld</name>
         <value>0x2091</value>
         <object_component_ref idref="oc-1f9"/>
      </symbol>
      <symbol id="sm-949">
         <name>__cmpd</name>
         <value>0x20c5</value>
         <object_component_ref idref="oc-1f9"/>
      </symbol>
      <symbol id="sm-94a">
         <name>__neqd</name>
         <value>0x1f33</value>
         <object_component_ref idref="oc-1f9"/>
      </symbol>
      <symbol id="sm-94b">
         <name>__gtrd</name>
         <value>0x1ffc</value>
         <object_component_ref idref="oc-1f9"/>
      </symbol>
      <symbol id="sm-94c">
         <name>__geqd</name>
         <value>0x2047</value>
         <object_component_ref idref="oc-1f9"/>
      </symbol>
      <symbol id="sm-94d">
         <name>__leqd</name>
         <value>0x1faf</value>
         <object_component_ref idref="oc-1f9"/>
      </symbol>
      <symbol id="sm-94e">
         <name>__lssd</name>
         <value>0x1f67</value>
         <object_component_ref idref="oc-1f9"/>
      </symbol>
      <symbol id="sm-95a">
         <name>__divd</name>
         <value>0x1038</value>
         <object_component_ref idref="oc-1fd"/>
      </symbol>
      <symbol id="sm-964">
         <name>__fixdi</name>
         <value>0x3446</value>
         <object_component_ref idref="oc-201"/>
      </symbol>
      <symbol id="sm-96e">
         <name>__fixdli</name>
         <value>0x312b</value>
         <object_component_ref idref="oc-205"/>
      </symbol>
      <symbol id="sm-978">
         <name>__fltid</name>
         <value>0x352c</value>
         <object_component_ref idref="oc-209"/>
      </symbol>
      <symbol id="sm-984">
         <name>__fltlid</name>
         <value>0x3203</value>
         <object_component_ref idref="oc-20d"/>
      </symbol>
      <symbol id="sm-98e">
         <name>__frcmpyd_div</name>
         <value>0x3049</value>
         <object_component_ref idref="oc-212"/>
      </symbol>
      <symbol id="sm-998">
         <name>__mpyd</name>
         <value>0x255b</value>
         <object_component_ref idref="oc-216"/>
      </symbol>
      <symbol id="sm-9a2">
         <name>__frcmpyd</name>
         <value>0x2eea</value>
         <object_component_ref idref="oc-21a"/>
      </symbol>
      <symbol id="sm-9aa">
         <name>__mpyli</name>
         <value>0x34bc</value>
         <object_component_ref idref="oc-21e"/>
      </symbol>
      <symbol id="sm-9ab">
         <name>I$$LMPY</name>
         <value>0x34bc</value>
         <object_component_ref idref="oc-21e"/>
      </symbol>
      <symbol id="sm-9b5">
         <name>__negd</name>
         <value>0x34e1</value>
         <object_component_ref idref="oc-222"/>
      </symbol>
      <symbol id="sm-9c3">
         <name>__unlock</name>
         <value>0x69bc</value>
         <object_component_ref idref="oc-227"/>
      </symbol>
      <symbol id="sm-9c4">
         <name>__lock</name>
         <value>0x69b8</value>
         <object_component_ref idref="oc-227"/>
      </symbol>
      <symbol id="sm-9c5">
         <name>__register_lock</name>
         <value>0x34d7</value>
         <object_component_ref idref="oc-226"/>
      </symbol>
      <symbol id="sm-9c6">
         <name>__nop</name>
         <value>0x34df</value>
         <object_component_ref idref="oc-226"/>
      </symbol>
      <symbol id="sm-9c7">
         <name>__register_unlock</name>
         <value>0x34cf</value>
         <object_component_ref idref="oc-226"/>
      </symbol>
      <symbol id="sm-9d1">
         <name>__subd</name>
         <value>0x34a8</value>
         <object_component_ref idref="oc-22c"/>
      </symbol>
      <symbol id="sm-9df">
         <name>_atexit</name>
         <value>0x30bc</value>
         <object_component_ref idref="oc-230"/>
      </symbol>
      <symbol id="sm-9e0">
         <name>___atexit_func_id__</name>
         <value>0x6574</value>
         <object_component_ref idref="oc-231"/>
      </symbol>
      <symbol id="sm-9ee">
         <name>_dtors</name>
         <value>0x69d4</value>
         <object_component_ref idref="oc-237"/>
      </symbol>
      <symbol id="sm-9ef">
         <name>_call_dtors</name>
         <value>0x2f60</value>
         <object_component_ref idref="oc-236"/>
      </symbol>
      <symbol id="sm-9f0">
         <name>___add_dtor</name>
         <value>0x2fb6</value>
         <object_component_ref idref="oc-236"/>
      </symbol>
      <symbol id="sm-a00">
         <name>C$$EXIT</name>
         <value>0x3539</value>
         <object_component_ref idref="oc-240"/>
      </symbol>
      <symbol id="sm-a01">
         <name>_exit</name>
         <value>0x335e</value>
         <object_component_ref idref="oc-23c"/>
      </symbol>
      <symbol id="sm-a02">
         <name>_abort</name>
         <value>0x3538</value>
         <object_component_ref idref="oc-240"/>
      </symbol>
      <symbol id="sm-a03">
         <name>__cleanup_ptr</name>
         <value>0x69c0</value>
         <object_component_ref idref="oc-23d"/>
      </symbol>
      <symbol id="sm-a04">
         <name>__dtors_ptr</name>
         <value>0x69c4</value>
         <object_component_ref idref="oc-23d"/>
      </symbol>
      <symbol id="sm-a0e">
         <name>_auto_init</name>
         <value>0xe488</value>
         <object_component_ref idref="oc-243"/>
      </symbol>
      <symbol id="sm-a16">
         <name>_memcpy</name>
         <value>0x331f</value>
         <object_component_ref idref="oc-247"/>
      </symbol>
      <symbol id="sm-a22">
         <name>_modf</name>
         <value>0x2c6a</value>
         <object_component_ref idref="oc-24b"/>
      </symbol>
      <symbol id="sm-a2f">
         <name>_sqrt</name>
         <value>0x27d8</value>
         <object_component_ref idref="oc-250"/>
      </symbol>
      <symbol id="sm-a39">
         <name>_errno</name>
         <value>0x5d66</value>
         <object_component_ref idref="oc-255"/>
      </symbol>
      <symbol id="sm-a45">
         <name>_frexp</name>
         <value>0x2b9e</value>
         <object_component_ref idref="oc-259"/>
      </symbol>
      <symbol id="sm-a51">
         <name>_ldexp</name>
         <value>0x28ee</value>
         <object_component_ref idref="oc-25e"/>
      </symbol>
      <symbol id="sm-a5b">
         <name>iRTA_F_or</name>
         <value>0x5406</value>
         <object_component_ref idref="oc-263"/>
      </symbol>
      <symbol id="sm-a5c">
         <name>RTA_F_or</name>
         <value>0x53ef</value>
         <object_component_ref idref="oc-263"/>
      </symbol>
      <symbol id="sm-a5d">
         <name>RTA_F_andn</name>
         <value>0x53d9</value>
         <object_component_ref idref="oc-263"/>
      </symbol>
   </symbol_table>
</link_info>
